

================================================================
== Vivado HLS Report for 'data_prep_ap_fixed_16_6_5_3_0_ap_fixed_33_13_5_3_0_config3_166'
================================================================
* Date:           Thu Nov 14 17:11:12 2024

* Version:        2020.1 (Build 2897737 on Wed May 27 20:21:37 MDT 2020)
* Project:        myproject_prj
* Solution:       solution1
* Product family: virtexuplus
* Target device:  xcvu13p-flga2577-2-e


================================================================
== Performance Estimates
================================================================
+ Timing: 
    * Summary: 
    +--------+---------+----------+------------+
    |  Clock |  Target | Estimated| Uncertainty|
    +--------+---------+----------+------------+
    |ap_clk  | 5.00 ns | 2.916 ns |   0.62 ns  |
    +--------+---------+----------+------------+

+ Latency: 
    * Summary: 
    +---------+---------+-----------+-----------+-----+-----+---------+
    |  Latency (cycles) |   Latency (absolute)  |  Interval | Pipeline|
    |   min   |   max   |    min    |    max    | min | max |   Type  |
    +---------+---------+-----------+-----------+-----+-----+---------+
    |       19|       19| 95.000 ns | 95.000 ns |   19|   19|   none  |
    +---------+---------+-----------+-----------+-----+-----+---------+

    + Detail: 
        * Instance: 
        N/A

        * Loop: 
        N/A

============================================================
+ Verbose Summary: Synthesis Manager
============================================================
InlineROM: 1
ExposeGlobal: 0
============================================================
+ Verbose Summary: CDFG Model
============================================================
IsTopModel: 0
ResetActiveHigh: 1
IsCombinational: 2
IsDatapathOnly: 0
HasWiredReturn: 1
HasMFsm: 0
HasVarLatency: 1
IsPipeline: 0
IsRtlPipelined: 0
IsInstanceOverlapped: 0
IsDontTouch: 0
HasImplIP: 0
IsGatedGlobalClock: 0


============================================================
+ Verbose Summary: Schedule
============================================================
* Number of FSM states : 20
* Pipeline : 0
* Dataflow Pipeline: 0

* FSM state transitions: 
1 --> 2 
2 --> 3 
3 --> 4 
4 --> 5 
5 --> 6 
6 --> 7 
7 --> 8 
8 --> 9 
9 --> 10 
10 --> 11 
11 --> 12 
12 --> 13 
13 --> 14 
14 --> 15 
15 --> 16 
16 --> 17 
17 --> 18 
18 --> 19 
19 --> 20 
20 --> 

* FSM state operations: 

State 1 <SV = 0> <Delay = 2.91>
ST_1 : Operation 21 [1/1] (1.45ns)   --->   "%data_V_read = call i1280 @_ssdm_op_Read.ap_fifo.i1280P(i1280* %data_V)" [firmware/nnet_utils/nnet_multiheadattention.h:250->firmware/nnet_utils/nnet_multiheadattention.h:257]   --->   Operation 21 'read' 'data_V_read' <Predicate = true> <Delay = 1.45> <Core = "FIFO_SRL">   --->   Core 36 'FIFO_SRL' <Latency = 0> <II = 1> <Delay = 1.45> <Storage> <Opcode : 'read' 'write' 'nbread' 'nbwrite'> <Ports = 0> <Width = 1280> <Depth = 2> <FIFO>
ST_1 : Operation 22 [1/1] (0.00ns)   --->   "%tmp_V = trunc i1280 %data_V_read to i16" [firmware/nnet_utils/nnet_multiheadattention.h:250->firmware/nnet_utils/nnet_multiheadattention.h:257]   --->   Operation 22 'trunc' 'tmp_V' <Predicate = true> <Delay = 0.00>
ST_1 : Operation 23 [1/1] (1.45ns)   --->   "call void @_ssdm_op_Write.ap_fifo.volatile.i16P(i16* %d_V_V, i16 %tmp_V)" [firmware/nnet_utils/nnet_multiheadattention.h:250->firmware/nnet_utils/nnet_multiheadattention.h:257]   --->   Operation 23 'write' <Predicate = true> <Delay = 1.45> <Core = "FIFO">   --->   Core 32 'FIFO' <Latency = 0> <II = 1> <Delay = 1.45> <Storage> <Opcode : 'read' 'write' 'nbread' 'nbwrite'> <Ports = 0> <Width = 16> <Depth = 2> <FIFO>
ST_1 : Operation 24 [1/1] (0.00ns)   --->   "%tmp_V_436 = call i16 @_ssdm_op_PartSelect.i16.i1280.i32.i32(i1280 %data_V_read, i32 16, i32 31)" [firmware/nnet_utils/nnet_multiheadattention.h:250->firmware/nnet_utils/nnet_multiheadattention.h:257]   --->   Operation 24 'partselect' 'tmp_V_436' <Predicate = true> <Delay = 0.00>
ST_1 : Operation 25 [1/1] (1.45ns)   --->   "call void @_ssdm_op_Write.ap_fifo.volatile.i16P(i16* %d_V_V1, i16 %tmp_V_436)" [firmware/nnet_utils/nnet_multiheadattention.h:250->firmware/nnet_utils/nnet_multiheadattention.h:257]   --->   Operation 25 'write' <Predicate = true> <Delay = 1.45> <Core = "FIFO">   --->   Core 32 'FIFO' <Latency = 0> <II = 1> <Delay = 1.45> <Storage> <Opcode : 'read' 'write' 'nbread' 'nbwrite'> <Ports = 0> <Width = 16> <Depth = 2> <FIFO>
ST_1 : Operation 26 [1/1] (0.00ns)   --->   "%tmp_V_437 = call i16 @_ssdm_op_PartSelect.i16.i1280.i32.i32(i1280 %data_V_read, i32 32, i32 47)" [firmware/nnet_utils/nnet_multiheadattention.h:250->firmware/nnet_utils/nnet_multiheadattention.h:257]   --->   Operation 26 'partselect' 'tmp_V_437' <Predicate = true> <Delay = 0.00>
ST_1 : Operation 27 [1/1] (1.45ns)   --->   "call void @_ssdm_op_Write.ap_fifo.volatile.i16P(i16* %d_V_V2, i16 %tmp_V_437)" [firmware/nnet_utils/nnet_multiheadattention.h:250->firmware/nnet_utils/nnet_multiheadattention.h:257]   --->   Operation 27 'write' <Predicate = true> <Delay = 1.45> <Core = "FIFO">   --->   Core 32 'FIFO' <Latency = 0> <II = 1> <Delay = 1.45> <Storage> <Opcode : 'read' 'write' 'nbread' 'nbwrite'> <Ports = 0> <Width = 16> <Depth = 2> <FIFO>
ST_1 : Operation 28 [1/1] (0.00ns)   --->   "%tmp_V_438 = call i16 @_ssdm_op_PartSelect.i16.i1280.i32.i32(i1280 %data_V_read, i32 48, i32 63)" [firmware/nnet_utils/nnet_multiheadattention.h:250->firmware/nnet_utils/nnet_multiheadattention.h:257]   --->   Operation 28 'partselect' 'tmp_V_438' <Predicate = true> <Delay = 0.00>
ST_1 : Operation 29 [1/1] (1.45ns)   --->   "call void @_ssdm_op_Write.ap_fifo.volatile.i16P(i16* %d_V_V3, i16 %tmp_V_438)" [firmware/nnet_utils/nnet_multiheadattention.h:250->firmware/nnet_utils/nnet_multiheadattention.h:257]   --->   Operation 29 'write' <Predicate = true> <Delay = 1.45> <Core = "FIFO">   --->   Core 32 'FIFO' <Latency = 0> <II = 1> <Delay = 1.45> <Storage> <Opcode : 'read' 'write' 'nbread' 'nbwrite'> <Ports = 0> <Width = 16> <Depth = 2> <FIFO>
ST_1 : Operation 30 [1/1] (0.00ns)   --->   "%tmp_V_439 = call i16 @_ssdm_op_PartSelect.i16.i1280.i32.i32(i1280 %data_V_read, i32 64, i32 79)" [firmware/nnet_utils/nnet_multiheadattention.h:250->firmware/nnet_utils/nnet_multiheadattention.h:257]   --->   Operation 30 'partselect' 'tmp_V_439' <Predicate = true> <Delay = 0.00>
ST_1 : Operation 31 [1/1] (0.00ns)   --->   "%tmp_V_440 = call i16 @_ssdm_op_PartSelect.i16.i1280.i32.i32(i1280 %data_V_read, i32 80, i32 95)" [firmware/nnet_utils/nnet_multiheadattention.h:250->firmware/nnet_utils/nnet_multiheadattention.h:257]   --->   Operation 31 'partselect' 'tmp_V_440' <Predicate = true> <Delay = 0.00>
ST_1 : Operation 32 [1/1] (0.00ns)   --->   "%tmp_V_441 = call i16 @_ssdm_op_PartSelect.i16.i1280.i32.i32(i1280 %data_V_read, i32 96, i32 111)" [firmware/nnet_utils/nnet_multiheadattention.h:250->firmware/nnet_utils/nnet_multiheadattention.h:257]   --->   Operation 32 'partselect' 'tmp_V_441' <Predicate = true> <Delay = 0.00>
ST_1 : Operation 33 [1/1] (0.00ns)   --->   "%tmp_V_442 = call i16 @_ssdm_op_PartSelect.i16.i1280.i32.i32(i1280 %data_V_read, i32 112, i32 127)" [firmware/nnet_utils/nnet_multiheadattention.h:250->firmware/nnet_utils/nnet_multiheadattention.h:257]   --->   Operation 33 'partselect' 'tmp_V_442' <Predicate = true> <Delay = 0.00>
ST_1 : Operation 34 [1/1] (0.00ns)   --->   "%tmp_V_443 = call i16 @_ssdm_op_PartSelect.i16.i1280.i32.i32(i1280 %data_V_read, i32 128, i32 143)" [firmware/nnet_utils/nnet_multiheadattention.h:250->firmware/nnet_utils/nnet_multiheadattention.h:257]   --->   Operation 34 'partselect' 'tmp_V_443' <Predicate = true> <Delay = 0.00>
ST_1 : Operation 35 [1/1] (0.00ns)   --->   "%tmp_V_444 = call i16 @_ssdm_op_PartSelect.i16.i1280.i32.i32(i1280 %data_V_read, i32 144, i32 159)" [firmware/nnet_utils/nnet_multiheadattention.h:250->firmware/nnet_utils/nnet_multiheadattention.h:257]   --->   Operation 35 'partselect' 'tmp_V_444' <Predicate = true> <Delay = 0.00>
ST_1 : Operation 36 [1/1] (0.00ns)   --->   "%tmp_V_445 = call i16 @_ssdm_op_PartSelect.i16.i1280.i32.i32(i1280 %data_V_read, i32 160, i32 175)" [firmware/nnet_utils/nnet_multiheadattention.h:250->firmware/nnet_utils/nnet_multiheadattention.h:257]   --->   Operation 36 'partselect' 'tmp_V_445' <Predicate = true> <Delay = 0.00>
ST_1 : Operation 37 [1/1] (0.00ns)   --->   "%tmp_V_446 = call i16 @_ssdm_op_PartSelect.i16.i1280.i32.i32(i1280 %data_V_read, i32 176, i32 191)" [firmware/nnet_utils/nnet_multiheadattention.h:250->firmware/nnet_utils/nnet_multiheadattention.h:257]   --->   Operation 37 'partselect' 'tmp_V_446' <Predicate = true> <Delay = 0.00>
ST_1 : Operation 38 [1/1] (0.00ns)   --->   "%tmp_V_447 = call i16 @_ssdm_op_PartSelect.i16.i1280.i32.i32(i1280 %data_V_read, i32 192, i32 207)" [firmware/nnet_utils/nnet_multiheadattention.h:250->firmware/nnet_utils/nnet_multiheadattention.h:257]   --->   Operation 38 'partselect' 'tmp_V_447' <Predicate = true> <Delay = 0.00>
ST_1 : Operation 39 [1/1] (0.00ns)   --->   "%tmp_V_448 = call i16 @_ssdm_op_PartSelect.i16.i1280.i32.i32(i1280 %data_V_read, i32 208, i32 223)" [firmware/nnet_utils/nnet_multiheadattention.h:250->firmware/nnet_utils/nnet_multiheadattention.h:257]   --->   Operation 39 'partselect' 'tmp_V_448' <Predicate = true> <Delay = 0.00>
ST_1 : Operation 40 [1/1] (0.00ns)   --->   "%tmp_V_449 = call i16 @_ssdm_op_PartSelect.i16.i1280.i32.i32(i1280 %data_V_read, i32 224, i32 239)" [firmware/nnet_utils/nnet_multiheadattention.h:250->firmware/nnet_utils/nnet_multiheadattention.h:257]   --->   Operation 40 'partselect' 'tmp_V_449' <Predicate = true> <Delay = 0.00>
ST_1 : Operation 41 [1/1] (0.00ns)   --->   "%tmp_V_450 = call i16 @_ssdm_op_PartSelect.i16.i1280.i32.i32(i1280 %data_V_read, i32 240, i32 255)" [firmware/nnet_utils/nnet_multiheadattention.h:250->firmware/nnet_utils/nnet_multiheadattention.h:257]   --->   Operation 41 'partselect' 'tmp_V_450' <Predicate = true> <Delay = 0.00>
ST_1 : Operation 42 [1/1] (0.00ns)   --->   "%tmp_V_451 = call i16 @_ssdm_op_PartSelect.i16.i1280.i32.i32(i1280 %data_V_read, i32 256, i32 271)" [firmware/nnet_utils/nnet_multiheadattention.h:250->firmware/nnet_utils/nnet_multiheadattention.h:257]   --->   Operation 42 'partselect' 'tmp_V_451' <Predicate = true> <Delay = 0.00>
ST_1 : Operation 43 [1/1] (0.00ns)   --->   "%tmp_V_452 = call i16 @_ssdm_op_PartSelect.i16.i1280.i32.i32(i1280 %data_V_read, i32 272, i32 287)" [firmware/nnet_utils/nnet_multiheadattention.h:250->firmware/nnet_utils/nnet_multiheadattention.h:257]   --->   Operation 43 'partselect' 'tmp_V_452' <Predicate = true> <Delay = 0.00>
ST_1 : Operation 44 [1/1] (0.00ns)   --->   "%tmp_V_453 = call i16 @_ssdm_op_PartSelect.i16.i1280.i32.i32(i1280 %data_V_read, i32 288, i32 303)" [firmware/nnet_utils/nnet_multiheadattention.h:250->firmware/nnet_utils/nnet_multiheadattention.h:257]   --->   Operation 44 'partselect' 'tmp_V_453' <Predicate = true> <Delay = 0.00>
ST_1 : Operation 45 [1/1] (0.00ns)   --->   "%tmp_V_454 = call i16 @_ssdm_op_PartSelect.i16.i1280.i32.i32(i1280 %data_V_read, i32 304, i32 319)" [firmware/nnet_utils/nnet_multiheadattention.h:250->firmware/nnet_utils/nnet_multiheadattention.h:257]   --->   Operation 45 'partselect' 'tmp_V_454' <Predicate = true> <Delay = 0.00>
ST_1 : Operation 46 [1/1] (0.00ns)   --->   "%tmp_V_455 = call i16 @_ssdm_op_PartSelect.i16.i1280.i32.i32(i1280 %data_V_read, i32 320, i32 335)" [firmware/nnet_utils/nnet_multiheadattention.h:250->firmware/nnet_utils/nnet_multiheadattention.h:257]   --->   Operation 46 'partselect' 'tmp_V_455' <Predicate = true> <Delay = 0.00>
ST_1 : Operation 47 [1/1] (0.00ns)   --->   "%tmp_V_456 = call i16 @_ssdm_op_PartSelect.i16.i1280.i32.i32(i1280 %data_V_read, i32 336, i32 351)" [firmware/nnet_utils/nnet_multiheadattention.h:250->firmware/nnet_utils/nnet_multiheadattention.h:257]   --->   Operation 47 'partselect' 'tmp_V_456' <Predicate = true> <Delay = 0.00>
ST_1 : Operation 48 [1/1] (0.00ns)   --->   "%tmp_V_457 = call i16 @_ssdm_op_PartSelect.i16.i1280.i32.i32(i1280 %data_V_read, i32 352, i32 367)" [firmware/nnet_utils/nnet_multiheadattention.h:250->firmware/nnet_utils/nnet_multiheadattention.h:257]   --->   Operation 48 'partselect' 'tmp_V_457' <Predicate = true> <Delay = 0.00>
ST_1 : Operation 49 [1/1] (0.00ns)   --->   "%tmp_V_458 = call i16 @_ssdm_op_PartSelect.i16.i1280.i32.i32(i1280 %data_V_read, i32 368, i32 383)" [firmware/nnet_utils/nnet_multiheadattention.h:250->firmware/nnet_utils/nnet_multiheadattention.h:257]   --->   Operation 49 'partselect' 'tmp_V_458' <Predicate = true> <Delay = 0.00>
ST_1 : Operation 50 [1/1] (0.00ns)   --->   "%tmp_V_459 = call i16 @_ssdm_op_PartSelect.i16.i1280.i32.i32(i1280 %data_V_read, i32 384, i32 399)" [firmware/nnet_utils/nnet_multiheadattention.h:250->firmware/nnet_utils/nnet_multiheadattention.h:257]   --->   Operation 50 'partselect' 'tmp_V_459' <Predicate = true> <Delay = 0.00>
ST_1 : Operation 51 [1/1] (0.00ns)   --->   "%tmp_V_460 = call i16 @_ssdm_op_PartSelect.i16.i1280.i32.i32(i1280 %data_V_read, i32 400, i32 415)" [firmware/nnet_utils/nnet_multiheadattention.h:250->firmware/nnet_utils/nnet_multiheadattention.h:257]   --->   Operation 51 'partselect' 'tmp_V_460' <Predicate = true> <Delay = 0.00>
ST_1 : Operation 52 [1/1] (0.00ns)   --->   "%tmp_V_461 = call i16 @_ssdm_op_PartSelect.i16.i1280.i32.i32(i1280 %data_V_read, i32 416, i32 431)" [firmware/nnet_utils/nnet_multiheadattention.h:250->firmware/nnet_utils/nnet_multiheadattention.h:257]   --->   Operation 52 'partselect' 'tmp_V_461' <Predicate = true> <Delay = 0.00>
ST_1 : Operation 53 [1/1] (0.00ns)   --->   "%tmp_V_462 = call i16 @_ssdm_op_PartSelect.i16.i1280.i32.i32(i1280 %data_V_read, i32 432, i32 447)" [firmware/nnet_utils/nnet_multiheadattention.h:250->firmware/nnet_utils/nnet_multiheadattention.h:257]   --->   Operation 53 'partselect' 'tmp_V_462' <Predicate = true> <Delay = 0.00>
ST_1 : Operation 54 [1/1] (0.00ns)   --->   "%tmp_V_463 = call i16 @_ssdm_op_PartSelect.i16.i1280.i32.i32(i1280 %data_V_read, i32 448, i32 463)" [firmware/nnet_utils/nnet_multiheadattention.h:250->firmware/nnet_utils/nnet_multiheadattention.h:257]   --->   Operation 54 'partselect' 'tmp_V_463' <Predicate = true> <Delay = 0.00>
ST_1 : Operation 55 [1/1] (0.00ns)   --->   "%tmp_V_464 = call i16 @_ssdm_op_PartSelect.i16.i1280.i32.i32(i1280 %data_V_read, i32 464, i32 479)" [firmware/nnet_utils/nnet_multiheadattention.h:250->firmware/nnet_utils/nnet_multiheadattention.h:257]   --->   Operation 55 'partselect' 'tmp_V_464' <Predicate = true> <Delay = 0.00>
ST_1 : Operation 56 [1/1] (0.00ns)   --->   "%tmp_V_465 = call i16 @_ssdm_op_PartSelect.i16.i1280.i32.i32(i1280 %data_V_read, i32 480, i32 495)" [firmware/nnet_utils/nnet_multiheadattention.h:250->firmware/nnet_utils/nnet_multiheadattention.h:257]   --->   Operation 56 'partselect' 'tmp_V_465' <Predicate = true> <Delay = 0.00>
ST_1 : Operation 57 [1/1] (0.00ns)   --->   "%tmp_V_466 = call i16 @_ssdm_op_PartSelect.i16.i1280.i32.i32(i1280 %data_V_read, i32 496, i32 511)" [firmware/nnet_utils/nnet_multiheadattention.h:250->firmware/nnet_utils/nnet_multiheadattention.h:257]   --->   Operation 57 'partselect' 'tmp_V_466' <Predicate = true> <Delay = 0.00>
ST_1 : Operation 58 [1/1] (0.00ns)   --->   "%tmp_V_467 = call i16 @_ssdm_op_PartSelect.i16.i1280.i32.i32(i1280 %data_V_read, i32 512, i32 527)" [firmware/nnet_utils/nnet_multiheadattention.h:250->firmware/nnet_utils/nnet_multiheadattention.h:257]   --->   Operation 58 'partselect' 'tmp_V_467' <Predicate = true> <Delay = 0.00>
ST_1 : Operation 59 [1/1] (0.00ns)   --->   "%tmp_V_468 = call i16 @_ssdm_op_PartSelect.i16.i1280.i32.i32(i1280 %data_V_read, i32 528, i32 543)" [firmware/nnet_utils/nnet_multiheadattention.h:250->firmware/nnet_utils/nnet_multiheadattention.h:257]   --->   Operation 59 'partselect' 'tmp_V_468' <Predicate = true> <Delay = 0.00>
ST_1 : Operation 60 [1/1] (0.00ns)   --->   "%tmp_V_469 = call i16 @_ssdm_op_PartSelect.i16.i1280.i32.i32(i1280 %data_V_read, i32 544, i32 559)" [firmware/nnet_utils/nnet_multiheadattention.h:250->firmware/nnet_utils/nnet_multiheadattention.h:257]   --->   Operation 60 'partselect' 'tmp_V_469' <Predicate = true> <Delay = 0.00>
ST_1 : Operation 61 [1/1] (0.00ns)   --->   "%tmp_V_470 = call i16 @_ssdm_op_PartSelect.i16.i1280.i32.i32(i1280 %data_V_read, i32 560, i32 575)" [firmware/nnet_utils/nnet_multiheadattention.h:250->firmware/nnet_utils/nnet_multiheadattention.h:257]   --->   Operation 61 'partselect' 'tmp_V_470' <Predicate = true> <Delay = 0.00>
ST_1 : Operation 62 [1/1] (0.00ns)   --->   "%tmp_V_471 = call i16 @_ssdm_op_PartSelect.i16.i1280.i32.i32(i1280 %data_V_read, i32 576, i32 591)" [firmware/nnet_utils/nnet_multiheadattention.h:250->firmware/nnet_utils/nnet_multiheadattention.h:257]   --->   Operation 62 'partselect' 'tmp_V_471' <Predicate = true> <Delay = 0.00>
ST_1 : Operation 63 [1/1] (0.00ns)   --->   "%tmp_V_472 = call i16 @_ssdm_op_PartSelect.i16.i1280.i32.i32(i1280 %data_V_read, i32 592, i32 607)" [firmware/nnet_utils/nnet_multiheadattention.h:250->firmware/nnet_utils/nnet_multiheadattention.h:257]   --->   Operation 63 'partselect' 'tmp_V_472' <Predicate = true> <Delay = 0.00>
ST_1 : Operation 64 [1/1] (0.00ns)   --->   "%tmp_V_473 = call i16 @_ssdm_op_PartSelect.i16.i1280.i32.i32(i1280 %data_V_read, i32 608, i32 623)" [firmware/nnet_utils/nnet_multiheadattention.h:250->firmware/nnet_utils/nnet_multiheadattention.h:257]   --->   Operation 64 'partselect' 'tmp_V_473' <Predicate = true> <Delay = 0.00>
ST_1 : Operation 65 [1/1] (0.00ns)   --->   "%tmp_V_474 = call i16 @_ssdm_op_PartSelect.i16.i1280.i32.i32(i1280 %data_V_read, i32 624, i32 639)" [firmware/nnet_utils/nnet_multiheadattention.h:250->firmware/nnet_utils/nnet_multiheadattention.h:257]   --->   Operation 65 'partselect' 'tmp_V_474' <Predicate = true> <Delay = 0.00>
ST_1 : Operation 66 [1/1] (0.00ns)   --->   "%tmp_V_475 = call i16 @_ssdm_op_PartSelect.i16.i1280.i32.i32(i1280 %data_V_read, i32 640, i32 655)" [firmware/nnet_utils/nnet_multiheadattention.h:250->firmware/nnet_utils/nnet_multiheadattention.h:257]   --->   Operation 66 'partselect' 'tmp_V_475' <Predicate = true> <Delay = 0.00>
ST_1 : Operation 67 [1/1] (0.00ns)   --->   "%tmp_V_476 = call i16 @_ssdm_op_PartSelect.i16.i1280.i32.i32(i1280 %data_V_read, i32 656, i32 671)" [firmware/nnet_utils/nnet_multiheadattention.h:250->firmware/nnet_utils/nnet_multiheadattention.h:257]   --->   Operation 67 'partselect' 'tmp_V_476' <Predicate = true> <Delay = 0.00>
ST_1 : Operation 68 [1/1] (0.00ns)   --->   "%tmp_V_477 = call i16 @_ssdm_op_PartSelect.i16.i1280.i32.i32(i1280 %data_V_read, i32 672, i32 687)" [firmware/nnet_utils/nnet_multiheadattention.h:250->firmware/nnet_utils/nnet_multiheadattention.h:257]   --->   Operation 68 'partselect' 'tmp_V_477' <Predicate = true> <Delay = 0.00>
ST_1 : Operation 69 [1/1] (0.00ns)   --->   "%tmp_V_478 = call i16 @_ssdm_op_PartSelect.i16.i1280.i32.i32(i1280 %data_V_read, i32 688, i32 703)" [firmware/nnet_utils/nnet_multiheadattention.h:250->firmware/nnet_utils/nnet_multiheadattention.h:257]   --->   Operation 69 'partselect' 'tmp_V_478' <Predicate = true> <Delay = 0.00>
ST_1 : Operation 70 [1/1] (0.00ns)   --->   "%tmp_V_479 = call i16 @_ssdm_op_PartSelect.i16.i1280.i32.i32(i1280 %data_V_read, i32 704, i32 719)" [firmware/nnet_utils/nnet_multiheadattention.h:250->firmware/nnet_utils/nnet_multiheadattention.h:257]   --->   Operation 70 'partselect' 'tmp_V_479' <Predicate = true> <Delay = 0.00>
ST_1 : Operation 71 [1/1] (0.00ns)   --->   "%tmp_V_480 = call i16 @_ssdm_op_PartSelect.i16.i1280.i32.i32(i1280 %data_V_read, i32 720, i32 735)" [firmware/nnet_utils/nnet_multiheadattention.h:250->firmware/nnet_utils/nnet_multiheadattention.h:257]   --->   Operation 71 'partselect' 'tmp_V_480' <Predicate = true> <Delay = 0.00>
ST_1 : Operation 72 [1/1] (0.00ns)   --->   "%tmp_V_481 = call i16 @_ssdm_op_PartSelect.i16.i1280.i32.i32(i1280 %data_V_read, i32 736, i32 751)" [firmware/nnet_utils/nnet_multiheadattention.h:250->firmware/nnet_utils/nnet_multiheadattention.h:257]   --->   Operation 72 'partselect' 'tmp_V_481' <Predicate = true> <Delay = 0.00>
ST_1 : Operation 73 [1/1] (0.00ns)   --->   "%tmp_V_482 = call i16 @_ssdm_op_PartSelect.i16.i1280.i32.i32(i1280 %data_V_read, i32 752, i32 767)" [firmware/nnet_utils/nnet_multiheadattention.h:250->firmware/nnet_utils/nnet_multiheadattention.h:257]   --->   Operation 73 'partselect' 'tmp_V_482' <Predicate = true> <Delay = 0.00>
ST_1 : Operation 74 [1/1] (0.00ns)   --->   "%tmp_V_483 = call i16 @_ssdm_op_PartSelect.i16.i1280.i32.i32(i1280 %data_V_read, i32 768, i32 783)" [firmware/nnet_utils/nnet_multiheadattention.h:250->firmware/nnet_utils/nnet_multiheadattention.h:257]   --->   Operation 74 'partselect' 'tmp_V_483' <Predicate = true> <Delay = 0.00>
ST_1 : Operation 75 [1/1] (0.00ns)   --->   "%tmp_V_484 = call i16 @_ssdm_op_PartSelect.i16.i1280.i32.i32(i1280 %data_V_read, i32 784, i32 799)" [firmware/nnet_utils/nnet_multiheadattention.h:250->firmware/nnet_utils/nnet_multiheadattention.h:257]   --->   Operation 75 'partselect' 'tmp_V_484' <Predicate = true> <Delay = 0.00>
ST_1 : Operation 76 [1/1] (0.00ns)   --->   "%tmp_V_485 = call i16 @_ssdm_op_PartSelect.i16.i1280.i32.i32(i1280 %data_V_read, i32 800, i32 815)" [firmware/nnet_utils/nnet_multiheadattention.h:250->firmware/nnet_utils/nnet_multiheadattention.h:257]   --->   Operation 76 'partselect' 'tmp_V_485' <Predicate = true> <Delay = 0.00>
ST_1 : Operation 77 [1/1] (0.00ns)   --->   "%tmp_V_486 = call i16 @_ssdm_op_PartSelect.i16.i1280.i32.i32(i1280 %data_V_read, i32 816, i32 831)" [firmware/nnet_utils/nnet_multiheadattention.h:250->firmware/nnet_utils/nnet_multiheadattention.h:257]   --->   Operation 77 'partselect' 'tmp_V_486' <Predicate = true> <Delay = 0.00>
ST_1 : Operation 78 [1/1] (0.00ns)   --->   "%tmp_V_487 = call i16 @_ssdm_op_PartSelect.i16.i1280.i32.i32(i1280 %data_V_read, i32 832, i32 847)" [firmware/nnet_utils/nnet_multiheadattention.h:250->firmware/nnet_utils/nnet_multiheadattention.h:257]   --->   Operation 78 'partselect' 'tmp_V_487' <Predicate = true> <Delay = 0.00>
ST_1 : Operation 79 [1/1] (0.00ns)   --->   "%tmp_V_488 = call i16 @_ssdm_op_PartSelect.i16.i1280.i32.i32(i1280 %data_V_read, i32 848, i32 863)" [firmware/nnet_utils/nnet_multiheadattention.h:250->firmware/nnet_utils/nnet_multiheadattention.h:257]   --->   Operation 79 'partselect' 'tmp_V_488' <Predicate = true> <Delay = 0.00>
ST_1 : Operation 80 [1/1] (0.00ns)   --->   "%tmp_V_489 = call i16 @_ssdm_op_PartSelect.i16.i1280.i32.i32(i1280 %data_V_read, i32 864, i32 879)" [firmware/nnet_utils/nnet_multiheadattention.h:250->firmware/nnet_utils/nnet_multiheadattention.h:257]   --->   Operation 80 'partselect' 'tmp_V_489' <Predicate = true> <Delay = 0.00>
ST_1 : Operation 81 [1/1] (0.00ns)   --->   "%tmp_V_490 = call i16 @_ssdm_op_PartSelect.i16.i1280.i32.i32(i1280 %data_V_read, i32 880, i32 895)" [firmware/nnet_utils/nnet_multiheadattention.h:250->firmware/nnet_utils/nnet_multiheadattention.h:257]   --->   Operation 81 'partselect' 'tmp_V_490' <Predicate = true> <Delay = 0.00>
ST_1 : Operation 82 [1/1] (0.00ns)   --->   "%tmp_V_491 = call i16 @_ssdm_op_PartSelect.i16.i1280.i32.i32(i1280 %data_V_read, i32 896, i32 911)" [firmware/nnet_utils/nnet_multiheadattention.h:250->firmware/nnet_utils/nnet_multiheadattention.h:257]   --->   Operation 82 'partselect' 'tmp_V_491' <Predicate = true> <Delay = 0.00>
ST_1 : Operation 83 [1/1] (0.00ns)   --->   "%tmp_V_492 = call i16 @_ssdm_op_PartSelect.i16.i1280.i32.i32(i1280 %data_V_read, i32 912, i32 927)" [firmware/nnet_utils/nnet_multiheadattention.h:250->firmware/nnet_utils/nnet_multiheadattention.h:257]   --->   Operation 83 'partselect' 'tmp_V_492' <Predicate = true> <Delay = 0.00>
ST_1 : Operation 84 [1/1] (0.00ns)   --->   "%tmp_V_493 = call i16 @_ssdm_op_PartSelect.i16.i1280.i32.i32(i1280 %data_V_read, i32 928, i32 943)" [firmware/nnet_utils/nnet_multiheadattention.h:250->firmware/nnet_utils/nnet_multiheadattention.h:257]   --->   Operation 84 'partselect' 'tmp_V_493' <Predicate = true> <Delay = 0.00>
ST_1 : Operation 85 [1/1] (0.00ns)   --->   "%tmp_V_494 = call i16 @_ssdm_op_PartSelect.i16.i1280.i32.i32(i1280 %data_V_read, i32 944, i32 959)" [firmware/nnet_utils/nnet_multiheadattention.h:250->firmware/nnet_utils/nnet_multiheadattention.h:257]   --->   Operation 85 'partselect' 'tmp_V_494' <Predicate = true> <Delay = 0.00>
ST_1 : Operation 86 [1/1] (0.00ns)   --->   "%tmp_V_495 = call i16 @_ssdm_op_PartSelect.i16.i1280.i32.i32(i1280 %data_V_read, i32 960, i32 975)" [firmware/nnet_utils/nnet_multiheadattention.h:250->firmware/nnet_utils/nnet_multiheadattention.h:257]   --->   Operation 86 'partselect' 'tmp_V_495' <Predicate = true> <Delay = 0.00>
ST_1 : Operation 87 [1/1] (0.00ns)   --->   "%tmp_V_496 = call i16 @_ssdm_op_PartSelect.i16.i1280.i32.i32(i1280 %data_V_read, i32 976, i32 991)" [firmware/nnet_utils/nnet_multiheadattention.h:250->firmware/nnet_utils/nnet_multiheadattention.h:257]   --->   Operation 87 'partselect' 'tmp_V_496' <Predicate = true> <Delay = 0.00>
ST_1 : Operation 88 [1/1] (0.00ns)   --->   "%tmp_V_497 = call i16 @_ssdm_op_PartSelect.i16.i1280.i32.i32(i1280 %data_V_read, i32 992, i32 1007)" [firmware/nnet_utils/nnet_multiheadattention.h:250->firmware/nnet_utils/nnet_multiheadattention.h:257]   --->   Operation 88 'partselect' 'tmp_V_497' <Predicate = true> <Delay = 0.00>
ST_1 : Operation 89 [1/1] (0.00ns)   --->   "%tmp_V_498 = call i16 @_ssdm_op_PartSelect.i16.i1280.i32.i32(i1280 %data_V_read, i32 1008, i32 1023)" [firmware/nnet_utils/nnet_multiheadattention.h:250->firmware/nnet_utils/nnet_multiheadattention.h:257]   --->   Operation 89 'partselect' 'tmp_V_498' <Predicate = true> <Delay = 0.00>
ST_1 : Operation 90 [1/1] (0.00ns)   --->   "%tmp_V_499 = call i16 @_ssdm_op_PartSelect.i16.i1280.i32.i32(i1280 %data_V_read, i32 1024, i32 1039)" [firmware/nnet_utils/nnet_multiheadattention.h:250->firmware/nnet_utils/nnet_multiheadattention.h:257]   --->   Operation 90 'partselect' 'tmp_V_499' <Predicate = true> <Delay = 0.00>
ST_1 : Operation 91 [1/1] (0.00ns)   --->   "%tmp_V_500 = call i16 @_ssdm_op_PartSelect.i16.i1280.i32.i32(i1280 %data_V_read, i32 1040, i32 1055)" [firmware/nnet_utils/nnet_multiheadattention.h:250->firmware/nnet_utils/nnet_multiheadattention.h:257]   --->   Operation 91 'partselect' 'tmp_V_500' <Predicate = true> <Delay = 0.00>
ST_1 : Operation 92 [1/1] (0.00ns)   --->   "%tmp_V_501 = call i16 @_ssdm_op_PartSelect.i16.i1280.i32.i32(i1280 %data_V_read, i32 1056, i32 1071)" [firmware/nnet_utils/nnet_multiheadattention.h:250->firmware/nnet_utils/nnet_multiheadattention.h:257]   --->   Operation 92 'partselect' 'tmp_V_501' <Predicate = true> <Delay = 0.00>
ST_1 : Operation 93 [1/1] (0.00ns)   --->   "%tmp_V_502 = call i16 @_ssdm_op_PartSelect.i16.i1280.i32.i32(i1280 %data_V_read, i32 1072, i32 1087)" [firmware/nnet_utils/nnet_multiheadattention.h:250->firmware/nnet_utils/nnet_multiheadattention.h:257]   --->   Operation 93 'partselect' 'tmp_V_502' <Predicate = true> <Delay = 0.00>
ST_1 : Operation 94 [1/1] (0.00ns)   --->   "%tmp_V_503 = call i16 @_ssdm_op_PartSelect.i16.i1280.i32.i32(i1280 %data_V_read, i32 1088, i32 1103)" [firmware/nnet_utils/nnet_multiheadattention.h:250->firmware/nnet_utils/nnet_multiheadattention.h:257]   --->   Operation 94 'partselect' 'tmp_V_503' <Predicate = true> <Delay = 0.00>
ST_1 : Operation 95 [1/1] (0.00ns)   --->   "%tmp_V_504 = call i16 @_ssdm_op_PartSelect.i16.i1280.i32.i32(i1280 %data_V_read, i32 1104, i32 1119)" [firmware/nnet_utils/nnet_multiheadattention.h:250->firmware/nnet_utils/nnet_multiheadattention.h:257]   --->   Operation 95 'partselect' 'tmp_V_504' <Predicate = true> <Delay = 0.00>
ST_1 : Operation 96 [1/1] (0.00ns)   --->   "%tmp_V_505 = call i16 @_ssdm_op_PartSelect.i16.i1280.i32.i32(i1280 %data_V_read, i32 1120, i32 1135)" [firmware/nnet_utils/nnet_multiheadattention.h:250->firmware/nnet_utils/nnet_multiheadattention.h:257]   --->   Operation 96 'partselect' 'tmp_V_505' <Predicate = true> <Delay = 0.00>
ST_1 : Operation 97 [1/1] (0.00ns)   --->   "%tmp_V_506 = call i16 @_ssdm_op_PartSelect.i16.i1280.i32.i32(i1280 %data_V_read, i32 1136, i32 1151)" [firmware/nnet_utils/nnet_multiheadattention.h:250->firmware/nnet_utils/nnet_multiheadattention.h:257]   --->   Operation 97 'partselect' 'tmp_V_506' <Predicate = true> <Delay = 0.00>
ST_1 : Operation 98 [1/1] (0.00ns)   --->   "%tmp_V_507 = call i16 @_ssdm_op_PartSelect.i16.i1280.i32.i32(i1280 %data_V_read, i32 1152, i32 1167)" [firmware/nnet_utils/nnet_multiheadattention.h:250->firmware/nnet_utils/nnet_multiheadattention.h:257]   --->   Operation 98 'partselect' 'tmp_V_507' <Predicate = true> <Delay = 0.00>
ST_1 : Operation 99 [1/1] (0.00ns)   --->   "%tmp_V_508 = call i16 @_ssdm_op_PartSelect.i16.i1280.i32.i32(i1280 %data_V_read, i32 1168, i32 1183)" [firmware/nnet_utils/nnet_multiheadattention.h:250->firmware/nnet_utils/nnet_multiheadattention.h:257]   --->   Operation 99 'partselect' 'tmp_V_508' <Predicate = true> <Delay = 0.00>
ST_1 : Operation 100 [1/1] (0.00ns)   --->   "%tmp_V_509 = call i16 @_ssdm_op_PartSelect.i16.i1280.i32.i32(i1280 %data_V_read, i32 1184, i32 1199)" [firmware/nnet_utils/nnet_multiheadattention.h:250->firmware/nnet_utils/nnet_multiheadattention.h:257]   --->   Operation 100 'partselect' 'tmp_V_509' <Predicate = true> <Delay = 0.00>
ST_1 : Operation 101 [1/1] (0.00ns)   --->   "%tmp_V_510 = call i16 @_ssdm_op_PartSelect.i16.i1280.i32.i32(i1280 %data_V_read, i32 1200, i32 1215)" [firmware/nnet_utils/nnet_multiheadattention.h:250->firmware/nnet_utils/nnet_multiheadattention.h:257]   --->   Operation 101 'partselect' 'tmp_V_510' <Predicate = true> <Delay = 0.00>
ST_1 : Operation 102 [1/1] (0.00ns)   --->   "%tmp_V_511 = call i16 @_ssdm_op_PartSelect.i16.i1280.i32.i32(i1280 %data_V_read, i32 1216, i32 1231)" [firmware/nnet_utils/nnet_multiheadattention.h:250->firmware/nnet_utils/nnet_multiheadattention.h:257]   --->   Operation 102 'partselect' 'tmp_V_511' <Predicate = true> <Delay = 0.00>
ST_1 : Operation 103 [1/1] (0.00ns)   --->   "%tmp_V_512 = call i16 @_ssdm_op_PartSelect.i16.i1280.i32.i32(i1280 %data_V_read, i32 1232, i32 1247)" [firmware/nnet_utils/nnet_multiheadattention.h:250->firmware/nnet_utils/nnet_multiheadattention.h:257]   --->   Operation 103 'partselect' 'tmp_V_512' <Predicate = true> <Delay = 0.00>
ST_1 : Operation 104 [1/1] (0.00ns)   --->   "%tmp_V_513 = call i16 @_ssdm_op_PartSelect.i16.i1280.i32.i32(i1280 %data_V_read, i32 1248, i32 1263)" [firmware/nnet_utils/nnet_multiheadattention.h:250->firmware/nnet_utils/nnet_multiheadattention.h:257]   --->   Operation 104 'partselect' 'tmp_V_513' <Predicate = true> <Delay = 0.00>
ST_1 : Operation 105 [1/1] (0.00ns)   --->   "%tmp_V_514 = call i16 @_ssdm_op_PartSelect.i16.i1280.i32.i32(i1280 %data_V_read, i32 1264, i32 1279)" [firmware/nnet_utils/nnet_multiheadattention.h:250->firmware/nnet_utils/nnet_multiheadattention.h:257]   --->   Operation 105 'partselect' 'tmp_V_514' <Predicate = true> <Delay = 0.00>

State 2 <SV = 1> <Delay = 1.45>
ST_2 : Operation 106 [1/1] (1.45ns)   --->   "call void @_ssdm_op_Write.ap_fifo.volatile.i16P(i16* %d_V_V, i16 %tmp_V_439)" [firmware/nnet_utils/nnet_multiheadattention.h:250->firmware/nnet_utils/nnet_multiheadattention.h:257]   --->   Operation 106 'write' <Predicate = true> <Delay = 1.45> <Core = "FIFO">   --->   Core 32 'FIFO' <Latency = 0> <II = 1> <Delay = 1.45> <Storage> <Opcode : 'read' 'write' 'nbread' 'nbwrite'> <Ports = 0> <Width = 16> <Depth = 2> <FIFO>
ST_2 : Operation 107 [1/1] (1.45ns)   --->   "call void @_ssdm_op_Write.ap_fifo.volatile.i16P(i16* %d_V_V1, i16 %tmp_V_440)" [firmware/nnet_utils/nnet_multiheadattention.h:250->firmware/nnet_utils/nnet_multiheadattention.h:257]   --->   Operation 107 'write' <Predicate = true> <Delay = 1.45> <Core = "FIFO">   --->   Core 32 'FIFO' <Latency = 0> <II = 1> <Delay = 1.45> <Storage> <Opcode : 'read' 'write' 'nbread' 'nbwrite'> <Ports = 0> <Width = 16> <Depth = 2> <FIFO>
ST_2 : Operation 108 [1/1] (1.45ns)   --->   "call void @_ssdm_op_Write.ap_fifo.volatile.i16P(i16* %d_V_V2, i16 %tmp_V_441)" [firmware/nnet_utils/nnet_multiheadattention.h:250->firmware/nnet_utils/nnet_multiheadattention.h:257]   --->   Operation 108 'write' <Predicate = true> <Delay = 1.45> <Core = "FIFO">   --->   Core 32 'FIFO' <Latency = 0> <II = 1> <Delay = 1.45> <Storage> <Opcode : 'read' 'write' 'nbread' 'nbwrite'> <Ports = 0> <Width = 16> <Depth = 2> <FIFO>
ST_2 : Operation 109 [1/1] (1.45ns)   --->   "call void @_ssdm_op_Write.ap_fifo.volatile.i16P(i16* %d_V_V3, i16 %tmp_V_442)" [firmware/nnet_utils/nnet_multiheadattention.h:250->firmware/nnet_utils/nnet_multiheadattention.h:257]   --->   Operation 109 'write' <Predicate = true> <Delay = 1.45> <Core = "FIFO">   --->   Core 32 'FIFO' <Latency = 0> <II = 1> <Delay = 1.45> <Storage> <Opcode : 'read' 'write' 'nbread' 'nbwrite'> <Ports = 0> <Width = 16> <Depth = 2> <FIFO>

State 3 <SV = 2> <Delay = 1.45>
ST_3 : Operation 110 [1/1] (1.45ns)   --->   "call void @_ssdm_op_Write.ap_fifo.volatile.i16P(i16* %d_V_V, i16 %tmp_V_443)" [firmware/nnet_utils/nnet_multiheadattention.h:250->firmware/nnet_utils/nnet_multiheadattention.h:257]   --->   Operation 110 'write' <Predicate = true> <Delay = 1.45> <Core = "FIFO">   --->   Core 32 'FIFO' <Latency = 0> <II = 1> <Delay = 1.45> <Storage> <Opcode : 'read' 'write' 'nbread' 'nbwrite'> <Ports = 0> <Width = 16> <Depth = 2> <FIFO>
ST_3 : Operation 111 [1/1] (1.45ns)   --->   "call void @_ssdm_op_Write.ap_fifo.volatile.i16P(i16* %d_V_V1, i16 %tmp_V_444)" [firmware/nnet_utils/nnet_multiheadattention.h:250->firmware/nnet_utils/nnet_multiheadattention.h:257]   --->   Operation 111 'write' <Predicate = true> <Delay = 1.45> <Core = "FIFO">   --->   Core 32 'FIFO' <Latency = 0> <II = 1> <Delay = 1.45> <Storage> <Opcode : 'read' 'write' 'nbread' 'nbwrite'> <Ports = 0> <Width = 16> <Depth = 2> <FIFO>
ST_3 : Operation 112 [1/1] (1.45ns)   --->   "call void @_ssdm_op_Write.ap_fifo.volatile.i16P(i16* %d_V_V2, i16 %tmp_V_445)" [firmware/nnet_utils/nnet_multiheadattention.h:250->firmware/nnet_utils/nnet_multiheadattention.h:257]   --->   Operation 112 'write' <Predicate = true> <Delay = 1.45> <Core = "FIFO">   --->   Core 32 'FIFO' <Latency = 0> <II = 1> <Delay = 1.45> <Storage> <Opcode : 'read' 'write' 'nbread' 'nbwrite'> <Ports = 0> <Width = 16> <Depth = 2> <FIFO>
ST_3 : Operation 113 [1/1] (1.45ns)   --->   "call void @_ssdm_op_Write.ap_fifo.volatile.i16P(i16* %d_V_V3, i16 %tmp_V_446)" [firmware/nnet_utils/nnet_multiheadattention.h:250->firmware/nnet_utils/nnet_multiheadattention.h:257]   --->   Operation 113 'write' <Predicate = true> <Delay = 1.45> <Core = "FIFO">   --->   Core 32 'FIFO' <Latency = 0> <II = 1> <Delay = 1.45> <Storage> <Opcode : 'read' 'write' 'nbread' 'nbwrite'> <Ports = 0> <Width = 16> <Depth = 2> <FIFO>

State 4 <SV = 3> <Delay = 1.45>
ST_4 : Operation 114 [1/1] (1.45ns)   --->   "call void @_ssdm_op_Write.ap_fifo.volatile.i16P(i16* %d_V_V, i16 %tmp_V_447)" [firmware/nnet_utils/nnet_multiheadattention.h:250->firmware/nnet_utils/nnet_multiheadattention.h:257]   --->   Operation 114 'write' <Predicate = true> <Delay = 1.45> <Core = "FIFO">   --->   Core 32 'FIFO' <Latency = 0> <II = 1> <Delay = 1.45> <Storage> <Opcode : 'read' 'write' 'nbread' 'nbwrite'> <Ports = 0> <Width = 16> <Depth = 2> <FIFO>
ST_4 : Operation 115 [1/1] (1.45ns)   --->   "call void @_ssdm_op_Write.ap_fifo.volatile.i16P(i16* %d_V_V1, i16 %tmp_V_448)" [firmware/nnet_utils/nnet_multiheadattention.h:250->firmware/nnet_utils/nnet_multiheadattention.h:257]   --->   Operation 115 'write' <Predicate = true> <Delay = 1.45> <Core = "FIFO">   --->   Core 32 'FIFO' <Latency = 0> <II = 1> <Delay = 1.45> <Storage> <Opcode : 'read' 'write' 'nbread' 'nbwrite'> <Ports = 0> <Width = 16> <Depth = 2> <FIFO>
ST_4 : Operation 116 [1/1] (1.45ns)   --->   "call void @_ssdm_op_Write.ap_fifo.volatile.i16P(i16* %d_V_V2, i16 %tmp_V_449)" [firmware/nnet_utils/nnet_multiheadattention.h:250->firmware/nnet_utils/nnet_multiheadattention.h:257]   --->   Operation 116 'write' <Predicate = true> <Delay = 1.45> <Core = "FIFO">   --->   Core 32 'FIFO' <Latency = 0> <II = 1> <Delay = 1.45> <Storage> <Opcode : 'read' 'write' 'nbread' 'nbwrite'> <Ports = 0> <Width = 16> <Depth = 2> <FIFO>
ST_4 : Operation 117 [1/1] (1.45ns)   --->   "call void @_ssdm_op_Write.ap_fifo.volatile.i16P(i16* %d_V_V3, i16 %tmp_V_450)" [firmware/nnet_utils/nnet_multiheadattention.h:250->firmware/nnet_utils/nnet_multiheadattention.h:257]   --->   Operation 117 'write' <Predicate = true> <Delay = 1.45> <Core = "FIFO">   --->   Core 32 'FIFO' <Latency = 0> <II = 1> <Delay = 1.45> <Storage> <Opcode : 'read' 'write' 'nbread' 'nbwrite'> <Ports = 0> <Width = 16> <Depth = 2> <FIFO>

State 5 <SV = 4> <Delay = 1.45>
ST_5 : Operation 118 [1/1] (1.45ns)   --->   "call void @_ssdm_op_Write.ap_fifo.volatile.i16P(i16* %d_V_V, i16 %tmp_V_451)" [firmware/nnet_utils/nnet_multiheadattention.h:250->firmware/nnet_utils/nnet_multiheadattention.h:257]   --->   Operation 118 'write' <Predicate = true> <Delay = 1.45> <Core = "FIFO">   --->   Core 32 'FIFO' <Latency = 0> <II = 1> <Delay = 1.45> <Storage> <Opcode : 'read' 'write' 'nbread' 'nbwrite'> <Ports = 0> <Width = 16> <Depth = 2> <FIFO>
ST_5 : Operation 119 [1/1] (1.45ns)   --->   "call void @_ssdm_op_Write.ap_fifo.volatile.i16P(i16* %d_V_V1, i16 %tmp_V_452)" [firmware/nnet_utils/nnet_multiheadattention.h:250->firmware/nnet_utils/nnet_multiheadattention.h:257]   --->   Operation 119 'write' <Predicate = true> <Delay = 1.45> <Core = "FIFO">   --->   Core 32 'FIFO' <Latency = 0> <II = 1> <Delay = 1.45> <Storage> <Opcode : 'read' 'write' 'nbread' 'nbwrite'> <Ports = 0> <Width = 16> <Depth = 2> <FIFO>
ST_5 : Operation 120 [1/1] (1.45ns)   --->   "call void @_ssdm_op_Write.ap_fifo.volatile.i16P(i16* %d_V_V2, i16 %tmp_V_453)" [firmware/nnet_utils/nnet_multiheadattention.h:250->firmware/nnet_utils/nnet_multiheadattention.h:257]   --->   Operation 120 'write' <Predicate = true> <Delay = 1.45> <Core = "FIFO">   --->   Core 32 'FIFO' <Latency = 0> <II = 1> <Delay = 1.45> <Storage> <Opcode : 'read' 'write' 'nbread' 'nbwrite'> <Ports = 0> <Width = 16> <Depth = 2> <FIFO>
ST_5 : Operation 121 [1/1] (1.45ns)   --->   "call void @_ssdm_op_Write.ap_fifo.volatile.i16P(i16* %d_V_V3, i16 %tmp_V_454)" [firmware/nnet_utils/nnet_multiheadattention.h:250->firmware/nnet_utils/nnet_multiheadattention.h:257]   --->   Operation 121 'write' <Predicate = true> <Delay = 1.45> <Core = "FIFO">   --->   Core 32 'FIFO' <Latency = 0> <II = 1> <Delay = 1.45> <Storage> <Opcode : 'read' 'write' 'nbread' 'nbwrite'> <Ports = 0> <Width = 16> <Depth = 2> <FIFO>

State 6 <SV = 5> <Delay = 1.45>
ST_6 : Operation 122 [1/1] (1.45ns)   --->   "call void @_ssdm_op_Write.ap_fifo.volatile.i16P(i16* %d_V_V, i16 %tmp_V_455)" [firmware/nnet_utils/nnet_multiheadattention.h:250->firmware/nnet_utils/nnet_multiheadattention.h:257]   --->   Operation 122 'write' <Predicate = true> <Delay = 1.45> <Core = "FIFO">   --->   Core 32 'FIFO' <Latency = 0> <II = 1> <Delay = 1.45> <Storage> <Opcode : 'read' 'write' 'nbread' 'nbwrite'> <Ports = 0> <Width = 16> <Depth = 2> <FIFO>
ST_6 : Operation 123 [1/1] (1.45ns)   --->   "call void @_ssdm_op_Write.ap_fifo.volatile.i16P(i16* %d_V_V1, i16 %tmp_V_456)" [firmware/nnet_utils/nnet_multiheadattention.h:250->firmware/nnet_utils/nnet_multiheadattention.h:257]   --->   Operation 123 'write' <Predicate = true> <Delay = 1.45> <Core = "FIFO">   --->   Core 32 'FIFO' <Latency = 0> <II = 1> <Delay = 1.45> <Storage> <Opcode : 'read' 'write' 'nbread' 'nbwrite'> <Ports = 0> <Width = 16> <Depth = 2> <FIFO>
ST_6 : Operation 124 [1/1] (1.45ns)   --->   "call void @_ssdm_op_Write.ap_fifo.volatile.i16P(i16* %d_V_V2, i16 %tmp_V_457)" [firmware/nnet_utils/nnet_multiheadattention.h:250->firmware/nnet_utils/nnet_multiheadattention.h:257]   --->   Operation 124 'write' <Predicate = true> <Delay = 1.45> <Core = "FIFO">   --->   Core 32 'FIFO' <Latency = 0> <II = 1> <Delay = 1.45> <Storage> <Opcode : 'read' 'write' 'nbread' 'nbwrite'> <Ports = 0> <Width = 16> <Depth = 2> <FIFO>
ST_6 : Operation 125 [1/1] (1.45ns)   --->   "call void @_ssdm_op_Write.ap_fifo.volatile.i16P(i16* %d_V_V3, i16 %tmp_V_458)" [firmware/nnet_utils/nnet_multiheadattention.h:250->firmware/nnet_utils/nnet_multiheadattention.h:257]   --->   Operation 125 'write' <Predicate = true> <Delay = 1.45> <Core = "FIFO">   --->   Core 32 'FIFO' <Latency = 0> <II = 1> <Delay = 1.45> <Storage> <Opcode : 'read' 'write' 'nbread' 'nbwrite'> <Ports = 0> <Width = 16> <Depth = 2> <FIFO>

State 7 <SV = 6> <Delay = 1.45>
ST_7 : Operation 126 [1/1] (1.45ns)   --->   "call void @_ssdm_op_Write.ap_fifo.volatile.i16P(i16* %d_V_V, i16 %tmp_V_459)" [firmware/nnet_utils/nnet_multiheadattention.h:250->firmware/nnet_utils/nnet_multiheadattention.h:257]   --->   Operation 126 'write' <Predicate = true> <Delay = 1.45> <Core = "FIFO">   --->   Core 32 'FIFO' <Latency = 0> <II = 1> <Delay = 1.45> <Storage> <Opcode : 'read' 'write' 'nbread' 'nbwrite'> <Ports = 0> <Width = 16> <Depth = 2> <FIFO>
ST_7 : Operation 127 [1/1] (1.45ns)   --->   "call void @_ssdm_op_Write.ap_fifo.volatile.i16P(i16* %d_V_V1, i16 %tmp_V_460)" [firmware/nnet_utils/nnet_multiheadattention.h:250->firmware/nnet_utils/nnet_multiheadattention.h:257]   --->   Operation 127 'write' <Predicate = true> <Delay = 1.45> <Core = "FIFO">   --->   Core 32 'FIFO' <Latency = 0> <II = 1> <Delay = 1.45> <Storage> <Opcode : 'read' 'write' 'nbread' 'nbwrite'> <Ports = 0> <Width = 16> <Depth = 2> <FIFO>
ST_7 : Operation 128 [1/1] (1.45ns)   --->   "call void @_ssdm_op_Write.ap_fifo.volatile.i16P(i16* %d_V_V2, i16 %tmp_V_461)" [firmware/nnet_utils/nnet_multiheadattention.h:250->firmware/nnet_utils/nnet_multiheadattention.h:257]   --->   Operation 128 'write' <Predicate = true> <Delay = 1.45> <Core = "FIFO">   --->   Core 32 'FIFO' <Latency = 0> <II = 1> <Delay = 1.45> <Storage> <Opcode : 'read' 'write' 'nbread' 'nbwrite'> <Ports = 0> <Width = 16> <Depth = 2> <FIFO>
ST_7 : Operation 129 [1/1] (1.45ns)   --->   "call void @_ssdm_op_Write.ap_fifo.volatile.i16P(i16* %d_V_V3, i16 %tmp_V_462)" [firmware/nnet_utils/nnet_multiheadattention.h:250->firmware/nnet_utils/nnet_multiheadattention.h:257]   --->   Operation 129 'write' <Predicate = true> <Delay = 1.45> <Core = "FIFO">   --->   Core 32 'FIFO' <Latency = 0> <II = 1> <Delay = 1.45> <Storage> <Opcode : 'read' 'write' 'nbread' 'nbwrite'> <Ports = 0> <Width = 16> <Depth = 2> <FIFO>

State 8 <SV = 7> <Delay = 1.45>
ST_8 : Operation 130 [1/1] (1.45ns)   --->   "call void @_ssdm_op_Write.ap_fifo.volatile.i16P(i16* %d_V_V, i16 %tmp_V_463)" [firmware/nnet_utils/nnet_multiheadattention.h:250->firmware/nnet_utils/nnet_multiheadattention.h:257]   --->   Operation 130 'write' <Predicate = true> <Delay = 1.45> <Core = "FIFO">   --->   Core 32 'FIFO' <Latency = 0> <II = 1> <Delay = 1.45> <Storage> <Opcode : 'read' 'write' 'nbread' 'nbwrite'> <Ports = 0> <Width = 16> <Depth = 2> <FIFO>
ST_8 : Operation 131 [1/1] (1.45ns)   --->   "call void @_ssdm_op_Write.ap_fifo.volatile.i16P(i16* %d_V_V1, i16 %tmp_V_464)" [firmware/nnet_utils/nnet_multiheadattention.h:250->firmware/nnet_utils/nnet_multiheadattention.h:257]   --->   Operation 131 'write' <Predicate = true> <Delay = 1.45> <Core = "FIFO">   --->   Core 32 'FIFO' <Latency = 0> <II = 1> <Delay = 1.45> <Storage> <Opcode : 'read' 'write' 'nbread' 'nbwrite'> <Ports = 0> <Width = 16> <Depth = 2> <FIFO>
ST_8 : Operation 132 [1/1] (1.45ns)   --->   "call void @_ssdm_op_Write.ap_fifo.volatile.i16P(i16* %d_V_V2, i16 %tmp_V_465)" [firmware/nnet_utils/nnet_multiheadattention.h:250->firmware/nnet_utils/nnet_multiheadattention.h:257]   --->   Operation 132 'write' <Predicate = true> <Delay = 1.45> <Core = "FIFO">   --->   Core 32 'FIFO' <Latency = 0> <II = 1> <Delay = 1.45> <Storage> <Opcode : 'read' 'write' 'nbread' 'nbwrite'> <Ports = 0> <Width = 16> <Depth = 2> <FIFO>
ST_8 : Operation 133 [1/1] (1.45ns)   --->   "call void @_ssdm_op_Write.ap_fifo.volatile.i16P(i16* %d_V_V3, i16 %tmp_V_466)" [firmware/nnet_utils/nnet_multiheadattention.h:250->firmware/nnet_utils/nnet_multiheadattention.h:257]   --->   Operation 133 'write' <Predicate = true> <Delay = 1.45> <Core = "FIFO">   --->   Core 32 'FIFO' <Latency = 0> <II = 1> <Delay = 1.45> <Storage> <Opcode : 'read' 'write' 'nbread' 'nbwrite'> <Ports = 0> <Width = 16> <Depth = 2> <FIFO>

State 9 <SV = 8> <Delay = 1.45>
ST_9 : Operation 134 [1/1] (1.45ns)   --->   "call void @_ssdm_op_Write.ap_fifo.volatile.i16P(i16* %d_V_V, i16 %tmp_V_467)" [firmware/nnet_utils/nnet_multiheadattention.h:250->firmware/nnet_utils/nnet_multiheadattention.h:257]   --->   Operation 134 'write' <Predicate = true> <Delay = 1.45> <Core = "FIFO">   --->   Core 32 'FIFO' <Latency = 0> <II = 1> <Delay = 1.45> <Storage> <Opcode : 'read' 'write' 'nbread' 'nbwrite'> <Ports = 0> <Width = 16> <Depth = 2> <FIFO>
ST_9 : Operation 135 [1/1] (1.45ns)   --->   "call void @_ssdm_op_Write.ap_fifo.volatile.i16P(i16* %d_V_V1, i16 %tmp_V_468)" [firmware/nnet_utils/nnet_multiheadattention.h:250->firmware/nnet_utils/nnet_multiheadattention.h:257]   --->   Operation 135 'write' <Predicate = true> <Delay = 1.45> <Core = "FIFO">   --->   Core 32 'FIFO' <Latency = 0> <II = 1> <Delay = 1.45> <Storage> <Opcode : 'read' 'write' 'nbread' 'nbwrite'> <Ports = 0> <Width = 16> <Depth = 2> <FIFO>
ST_9 : Operation 136 [1/1] (1.45ns)   --->   "call void @_ssdm_op_Write.ap_fifo.volatile.i16P(i16* %d_V_V2, i16 %tmp_V_469)" [firmware/nnet_utils/nnet_multiheadattention.h:250->firmware/nnet_utils/nnet_multiheadattention.h:257]   --->   Operation 136 'write' <Predicate = true> <Delay = 1.45> <Core = "FIFO">   --->   Core 32 'FIFO' <Latency = 0> <II = 1> <Delay = 1.45> <Storage> <Opcode : 'read' 'write' 'nbread' 'nbwrite'> <Ports = 0> <Width = 16> <Depth = 2> <FIFO>
ST_9 : Operation 137 [1/1] (1.45ns)   --->   "call void @_ssdm_op_Write.ap_fifo.volatile.i16P(i16* %d_V_V3, i16 %tmp_V_470)" [firmware/nnet_utils/nnet_multiheadattention.h:250->firmware/nnet_utils/nnet_multiheadattention.h:257]   --->   Operation 137 'write' <Predicate = true> <Delay = 1.45> <Core = "FIFO">   --->   Core 32 'FIFO' <Latency = 0> <II = 1> <Delay = 1.45> <Storage> <Opcode : 'read' 'write' 'nbread' 'nbwrite'> <Ports = 0> <Width = 16> <Depth = 2> <FIFO>

State 10 <SV = 9> <Delay = 1.45>
ST_10 : Operation 138 [1/1] (1.45ns)   --->   "call void @_ssdm_op_Write.ap_fifo.volatile.i16P(i16* %d_V_V, i16 %tmp_V_471)" [firmware/nnet_utils/nnet_multiheadattention.h:250->firmware/nnet_utils/nnet_multiheadattention.h:257]   --->   Operation 138 'write' <Predicate = true> <Delay = 1.45> <Core = "FIFO">   --->   Core 32 'FIFO' <Latency = 0> <II = 1> <Delay = 1.45> <Storage> <Opcode : 'read' 'write' 'nbread' 'nbwrite'> <Ports = 0> <Width = 16> <Depth = 2> <FIFO>
ST_10 : Operation 139 [1/1] (1.45ns)   --->   "call void @_ssdm_op_Write.ap_fifo.volatile.i16P(i16* %d_V_V1, i16 %tmp_V_472)" [firmware/nnet_utils/nnet_multiheadattention.h:250->firmware/nnet_utils/nnet_multiheadattention.h:257]   --->   Operation 139 'write' <Predicate = true> <Delay = 1.45> <Core = "FIFO">   --->   Core 32 'FIFO' <Latency = 0> <II = 1> <Delay = 1.45> <Storage> <Opcode : 'read' 'write' 'nbread' 'nbwrite'> <Ports = 0> <Width = 16> <Depth = 2> <FIFO>
ST_10 : Operation 140 [1/1] (1.45ns)   --->   "call void @_ssdm_op_Write.ap_fifo.volatile.i16P(i16* %d_V_V2, i16 %tmp_V_473)" [firmware/nnet_utils/nnet_multiheadattention.h:250->firmware/nnet_utils/nnet_multiheadattention.h:257]   --->   Operation 140 'write' <Predicate = true> <Delay = 1.45> <Core = "FIFO">   --->   Core 32 'FIFO' <Latency = 0> <II = 1> <Delay = 1.45> <Storage> <Opcode : 'read' 'write' 'nbread' 'nbwrite'> <Ports = 0> <Width = 16> <Depth = 2> <FIFO>
ST_10 : Operation 141 [1/1] (1.45ns)   --->   "call void @_ssdm_op_Write.ap_fifo.volatile.i16P(i16* %d_V_V3, i16 %tmp_V_474)" [firmware/nnet_utils/nnet_multiheadattention.h:250->firmware/nnet_utils/nnet_multiheadattention.h:257]   --->   Operation 141 'write' <Predicate = true> <Delay = 1.45> <Core = "FIFO">   --->   Core 32 'FIFO' <Latency = 0> <II = 1> <Delay = 1.45> <Storage> <Opcode : 'read' 'write' 'nbread' 'nbwrite'> <Ports = 0> <Width = 16> <Depth = 2> <FIFO>

State 11 <SV = 10> <Delay = 1.45>
ST_11 : Operation 142 [1/1] (1.45ns)   --->   "call void @_ssdm_op_Write.ap_fifo.volatile.i16P(i16* %d_V_V, i16 %tmp_V_475)" [firmware/nnet_utils/nnet_multiheadattention.h:250->firmware/nnet_utils/nnet_multiheadattention.h:257]   --->   Operation 142 'write' <Predicate = true> <Delay = 1.45> <Core = "FIFO">   --->   Core 32 'FIFO' <Latency = 0> <II = 1> <Delay = 1.45> <Storage> <Opcode : 'read' 'write' 'nbread' 'nbwrite'> <Ports = 0> <Width = 16> <Depth = 2> <FIFO>
ST_11 : Operation 143 [1/1] (1.45ns)   --->   "call void @_ssdm_op_Write.ap_fifo.volatile.i16P(i16* %d_V_V1, i16 %tmp_V_476)" [firmware/nnet_utils/nnet_multiheadattention.h:250->firmware/nnet_utils/nnet_multiheadattention.h:257]   --->   Operation 143 'write' <Predicate = true> <Delay = 1.45> <Core = "FIFO">   --->   Core 32 'FIFO' <Latency = 0> <II = 1> <Delay = 1.45> <Storage> <Opcode : 'read' 'write' 'nbread' 'nbwrite'> <Ports = 0> <Width = 16> <Depth = 2> <FIFO>
ST_11 : Operation 144 [1/1] (1.45ns)   --->   "call void @_ssdm_op_Write.ap_fifo.volatile.i16P(i16* %d_V_V2, i16 %tmp_V_477)" [firmware/nnet_utils/nnet_multiheadattention.h:250->firmware/nnet_utils/nnet_multiheadattention.h:257]   --->   Operation 144 'write' <Predicate = true> <Delay = 1.45> <Core = "FIFO">   --->   Core 32 'FIFO' <Latency = 0> <II = 1> <Delay = 1.45> <Storage> <Opcode : 'read' 'write' 'nbread' 'nbwrite'> <Ports = 0> <Width = 16> <Depth = 2> <FIFO>
ST_11 : Operation 145 [1/1] (1.45ns)   --->   "call void @_ssdm_op_Write.ap_fifo.volatile.i16P(i16* %d_V_V3, i16 %tmp_V_478)" [firmware/nnet_utils/nnet_multiheadattention.h:250->firmware/nnet_utils/nnet_multiheadattention.h:257]   --->   Operation 145 'write' <Predicate = true> <Delay = 1.45> <Core = "FIFO">   --->   Core 32 'FIFO' <Latency = 0> <II = 1> <Delay = 1.45> <Storage> <Opcode : 'read' 'write' 'nbread' 'nbwrite'> <Ports = 0> <Width = 16> <Depth = 2> <FIFO>

State 12 <SV = 11> <Delay = 1.45>
ST_12 : Operation 146 [1/1] (1.45ns)   --->   "call void @_ssdm_op_Write.ap_fifo.volatile.i16P(i16* %d_V_V, i16 %tmp_V_479)" [firmware/nnet_utils/nnet_multiheadattention.h:250->firmware/nnet_utils/nnet_multiheadattention.h:257]   --->   Operation 146 'write' <Predicate = true> <Delay = 1.45> <Core = "FIFO">   --->   Core 32 'FIFO' <Latency = 0> <II = 1> <Delay = 1.45> <Storage> <Opcode : 'read' 'write' 'nbread' 'nbwrite'> <Ports = 0> <Width = 16> <Depth = 2> <FIFO>
ST_12 : Operation 147 [1/1] (1.45ns)   --->   "call void @_ssdm_op_Write.ap_fifo.volatile.i16P(i16* %d_V_V1, i16 %tmp_V_480)" [firmware/nnet_utils/nnet_multiheadattention.h:250->firmware/nnet_utils/nnet_multiheadattention.h:257]   --->   Operation 147 'write' <Predicate = true> <Delay = 1.45> <Core = "FIFO">   --->   Core 32 'FIFO' <Latency = 0> <II = 1> <Delay = 1.45> <Storage> <Opcode : 'read' 'write' 'nbread' 'nbwrite'> <Ports = 0> <Width = 16> <Depth = 2> <FIFO>
ST_12 : Operation 148 [1/1] (1.45ns)   --->   "call void @_ssdm_op_Write.ap_fifo.volatile.i16P(i16* %d_V_V2, i16 %tmp_V_481)" [firmware/nnet_utils/nnet_multiheadattention.h:250->firmware/nnet_utils/nnet_multiheadattention.h:257]   --->   Operation 148 'write' <Predicate = true> <Delay = 1.45> <Core = "FIFO">   --->   Core 32 'FIFO' <Latency = 0> <II = 1> <Delay = 1.45> <Storage> <Opcode : 'read' 'write' 'nbread' 'nbwrite'> <Ports = 0> <Width = 16> <Depth = 2> <FIFO>
ST_12 : Operation 149 [1/1] (1.45ns)   --->   "call void @_ssdm_op_Write.ap_fifo.volatile.i16P(i16* %d_V_V3, i16 %tmp_V_482)" [firmware/nnet_utils/nnet_multiheadattention.h:250->firmware/nnet_utils/nnet_multiheadattention.h:257]   --->   Operation 149 'write' <Predicate = true> <Delay = 1.45> <Core = "FIFO">   --->   Core 32 'FIFO' <Latency = 0> <II = 1> <Delay = 1.45> <Storage> <Opcode : 'read' 'write' 'nbread' 'nbwrite'> <Ports = 0> <Width = 16> <Depth = 2> <FIFO>

State 13 <SV = 12> <Delay = 1.45>
ST_13 : Operation 150 [1/1] (1.45ns)   --->   "call void @_ssdm_op_Write.ap_fifo.volatile.i16P(i16* %d_V_V, i16 %tmp_V_483)" [firmware/nnet_utils/nnet_multiheadattention.h:250->firmware/nnet_utils/nnet_multiheadattention.h:257]   --->   Operation 150 'write' <Predicate = true> <Delay = 1.45> <Core = "FIFO">   --->   Core 32 'FIFO' <Latency = 0> <II = 1> <Delay = 1.45> <Storage> <Opcode : 'read' 'write' 'nbread' 'nbwrite'> <Ports = 0> <Width = 16> <Depth = 2> <FIFO>
ST_13 : Operation 151 [1/1] (1.45ns)   --->   "call void @_ssdm_op_Write.ap_fifo.volatile.i16P(i16* %d_V_V1, i16 %tmp_V_484)" [firmware/nnet_utils/nnet_multiheadattention.h:250->firmware/nnet_utils/nnet_multiheadattention.h:257]   --->   Operation 151 'write' <Predicate = true> <Delay = 1.45> <Core = "FIFO">   --->   Core 32 'FIFO' <Latency = 0> <II = 1> <Delay = 1.45> <Storage> <Opcode : 'read' 'write' 'nbread' 'nbwrite'> <Ports = 0> <Width = 16> <Depth = 2> <FIFO>
ST_13 : Operation 152 [1/1] (1.45ns)   --->   "call void @_ssdm_op_Write.ap_fifo.volatile.i16P(i16* %d_V_V2, i16 %tmp_V_485)" [firmware/nnet_utils/nnet_multiheadattention.h:250->firmware/nnet_utils/nnet_multiheadattention.h:257]   --->   Operation 152 'write' <Predicate = true> <Delay = 1.45> <Core = "FIFO">   --->   Core 32 'FIFO' <Latency = 0> <II = 1> <Delay = 1.45> <Storage> <Opcode : 'read' 'write' 'nbread' 'nbwrite'> <Ports = 0> <Width = 16> <Depth = 2> <FIFO>
ST_13 : Operation 153 [1/1] (1.45ns)   --->   "call void @_ssdm_op_Write.ap_fifo.volatile.i16P(i16* %d_V_V3, i16 %tmp_V_486)" [firmware/nnet_utils/nnet_multiheadattention.h:250->firmware/nnet_utils/nnet_multiheadattention.h:257]   --->   Operation 153 'write' <Predicate = true> <Delay = 1.45> <Core = "FIFO">   --->   Core 32 'FIFO' <Latency = 0> <II = 1> <Delay = 1.45> <Storage> <Opcode : 'read' 'write' 'nbread' 'nbwrite'> <Ports = 0> <Width = 16> <Depth = 2> <FIFO>

State 14 <SV = 13> <Delay = 1.45>
ST_14 : Operation 154 [1/1] (1.45ns)   --->   "call void @_ssdm_op_Write.ap_fifo.volatile.i16P(i16* %d_V_V, i16 %tmp_V_487)" [firmware/nnet_utils/nnet_multiheadattention.h:250->firmware/nnet_utils/nnet_multiheadattention.h:257]   --->   Operation 154 'write' <Predicate = true> <Delay = 1.45> <Core = "FIFO">   --->   Core 32 'FIFO' <Latency = 0> <II = 1> <Delay = 1.45> <Storage> <Opcode : 'read' 'write' 'nbread' 'nbwrite'> <Ports = 0> <Width = 16> <Depth = 2> <FIFO>
ST_14 : Operation 155 [1/1] (1.45ns)   --->   "call void @_ssdm_op_Write.ap_fifo.volatile.i16P(i16* %d_V_V1, i16 %tmp_V_488)" [firmware/nnet_utils/nnet_multiheadattention.h:250->firmware/nnet_utils/nnet_multiheadattention.h:257]   --->   Operation 155 'write' <Predicate = true> <Delay = 1.45> <Core = "FIFO">   --->   Core 32 'FIFO' <Latency = 0> <II = 1> <Delay = 1.45> <Storage> <Opcode : 'read' 'write' 'nbread' 'nbwrite'> <Ports = 0> <Width = 16> <Depth = 2> <FIFO>
ST_14 : Operation 156 [1/1] (1.45ns)   --->   "call void @_ssdm_op_Write.ap_fifo.volatile.i16P(i16* %d_V_V2, i16 %tmp_V_489)" [firmware/nnet_utils/nnet_multiheadattention.h:250->firmware/nnet_utils/nnet_multiheadattention.h:257]   --->   Operation 156 'write' <Predicate = true> <Delay = 1.45> <Core = "FIFO">   --->   Core 32 'FIFO' <Latency = 0> <II = 1> <Delay = 1.45> <Storage> <Opcode : 'read' 'write' 'nbread' 'nbwrite'> <Ports = 0> <Width = 16> <Depth = 2> <FIFO>
ST_14 : Operation 157 [1/1] (1.45ns)   --->   "call void @_ssdm_op_Write.ap_fifo.volatile.i16P(i16* %d_V_V3, i16 %tmp_V_490)" [firmware/nnet_utils/nnet_multiheadattention.h:250->firmware/nnet_utils/nnet_multiheadattention.h:257]   --->   Operation 157 'write' <Predicate = true> <Delay = 1.45> <Core = "FIFO">   --->   Core 32 'FIFO' <Latency = 0> <II = 1> <Delay = 1.45> <Storage> <Opcode : 'read' 'write' 'nbread' 'nbwrite'> <Ports = 0> <Width = 16> <Depth = 2> <FIFO>

State 15 <SV = 14> <Delay = 1.45>
ST_15 : Operation 158 [1/1] (1.45ns)   --->   "call void @_ssdm_op_Write.ap_fifo.volatile.i16P(i16* %d_V_V, i16 %tmp_V_491)" [firmware/nnet_utils/nnet_multiheadattention.h:250->firmware/nnet_utils/nnet_multiheadattention.h:257]   --->   Operation 158 'write' <Predicate = true> <Delay = 1.45> <Core = "FIFO">   --->   Core 32 'FIFO' <Latency = 0> <II = 1> <Delay = 1.45> <Storage> <Opcode : 'read' 'write' 'nbread' 'nbwrite'> <Ports = 0> <Width = 16> <Depth = 2> <FIFO>
ST_15 : Operation 159 [1/1] (1.45ns)   --->   "call void @_ssdm_op_Write.ap_fifo.volatile.i16P(i16* %d_V_V1, i16 %tmp_V_492)" [firmware/nnet_utils/nnet_multiheadattention.h:250->firmware/nnet_utils/nnet_multiheadattention.h:257]   --->   Operation 159 'write' <Predicate = true> <Delay = 1.45> <Core = "FIFO">   --->   Core 32 'FIFO' <Latency = 0> <II = 1> <Delay = 1.45> <Storage> <Opcode : 'read' 'write' 'nbread' 'nbwrite'> <Ports = 0> <Width = 16> <Depth = 2> <FIFO>
ST_15 : Operation 160 [1/1] (1.45ns)   --->   "call void @_ssdm_op_Write.ap_fifo.volatile.i16P(i16* %d_V_V2, i16 %tmp_V_493)" [firmware/nnet_utils/nnet_multiheadattention.h:250->firmware/nnet_utils/nnet_multiheadattention.h:257]   --->   Operation 160 'write' <Predicate = true> <Delay = 1.45> <Core = "FIFO">   --->   Core 32 'FIFO' <Latency = 0> <II = 1> <Delay = 1.45> <Storage> <Opcode : 'read' 'write' 'nbread' 'nbwrite'> <Ports = 0> <Width = 16> <Depth = 2> <FIFO>
ST_15 : Operation 161 [1/1] (1.45ns)   --->   "call void @_ssdm_op_Write.ap_fifo.volatile.i16P(i16* %d_V_V3, i16 %tmp_V_494)" [firmware/nnet_utils/nnet_multiheadattention.h:250->firmware/nnet_utils/nnet_multiheadattention.h:257]   --->   Operation 161 'write' <Predicate = true> <Delay = 1.45> <Core = "FIFO">   --->   Core 32 'FIFO' <Latency = 0> <II = 1> <Delay = 1.45> <Storage> <Opcode : 'read' 'write' 'nbread' 'nbwrite'> <Ports = 0> <Width = 16> <Depth = 2> <FIFO>

State 16 <SV = 15> <Delay = 1.45>
ST_16 : Operation 162 [1/1] (1.45ns)   --->   "call void @_ssdm_op_Write.ap_fifo.volatile.i16P(i16* %d_V_V, i16 %tmp_V_495)" [firmware/nnet_utils/nnet_multiheadattention.h:250->firmware/nnet_utils/nnet_multiheadattention.h:257]   --->   Operation 162 'write' <Predicate = true> <Delay = 1.45> <Core = "FIFO">   --->   Core 32 'FIFO' <Latency = 0> <II = 1> <Delay = 1.45> <Storage> <Opcode : 'read' 'write' 'nbread' 'nbwrite'> <Ports = 0> <Width = 16> <Depth = 2> <FIFO>
ST_16 : Operation 163 [1/1] (1.45ns)   --->   "call void @_ssdm_op_Write.ap_fifo.volatile.i16P(i16* %d_V_V1, i16 %tmp_V_496)" [firmware/nnet_utils/nnet_multiheadattention.h:250->firmware/nnet_utils/nnet_multiheadattention.h:257]   --->   Operation 163 'write' <Predicate = true> <Delay = 1.45> <Core = "FIFO">   --->   Core 32 'FIFO' <Latency = 0> <II = 1> <Delay = 1.45> <Storage> <Opcode : 'read' 'write' 'nbread' 'nbwrite'> <Ports = 0> <Width = 16> <Depth = 2> <FIFO>
ST_16 : Operation 164 [1/1] (1.45ns)   --->   "call void @_ssdm_op_Write.ap_fifo.volatile.i16P(i16* %d_V_V2, i16 %tmp_V_497)" [firmware/nnet_utils/nnet_multiheadattention.h:250->firmware/nnet_utils/nnet_multiheadattention.h:257]   --->   Operation 164 'write' <Predicate = true> <Delay = 1.45> <Core = "FIFO">   --->   Core 32 'FIFO' <Latency = 0> <II = 1> <Delay = 1.45> <Storage> <Opcode : 'read' 'write' 'nbread' 'nbwrite'> <Ports = 0> <Width = 16> <Depth = 2> <FIFO>
ST_16 : Operation 165 [1/1] (1.45ns)   --->   "call void @_ssdm_op_Write.ap_fifo.volatile.i16P(i16* %d_V_V3, i16 %tmp_V_498)" [firmware/nnet_utils/nnet_multiheadattention.h:250->firmware/nnet_utils/nnet_multiheadattention.h:257]   --->   Operation 165 'write' <Predicate = true> <Delay = 1.45> <Core = "FIFO">   --->   Core 32 'FIFO' <Latency = 0> <II = 1> <Delay = 1.45> <Storage> <Opcode : 'read' 'write' 'nbread' 'nbwrite'> <Ports = 0> <Width = 16> <Depth = 2> <FIFO>

State 17 <SV = 16> <Delay = 1.45>
ST_17 : Operation 166 [1/1] (1.45ns)   --->   "call void @_ssdm_op_Write.ap_fifo.volatile.i16P(i16* %d_V_V, i16 %tmp_V_499)" [firmware/nnet_utils/nnet_multiheadattention.h:250->firmware/nnet_utils/nnet_multiheadattention.h:257]   --->   Operation 166 'write' <Predicate = true> <Delay = 1.45> <Core = "FIFO">   --->   Core 32 'FIFO' <Latency = 0> <II = 1> <Delay = 1.45> <Storage> <Opcode : 'read' 'write' 'nbread' 'nbwrite'> <Ports = 0> <Width = 16> <Depth = 2> <FIFO>
ST_17 : Operation 167 [1/1] (1.45ns)   --->   "call void @_ssdm_op_Write.ap_fifo.volatile.i16P(i16* %d_V_V1, i16 %tmp_V_500)" [firmware/nnet_utils/nnet_multiheadattention.h:250->firmware/nnet_utils/nnet_multiheadattention.h:257]   --->   Operation 167 'write' <Predicate = true> <Delay = 1.45> <Core = "FIFO">   --->   Core 32 'FIFO' <Latency = 0> <II = 1> <Delay = 1.45> <Storage> <Opcode : 'read' 'write' 'nbread' 'nbwrite'> <Ports = 0> <Width = 16> <Depth = 2> <FIFO>
ST_17 : Operation 168 [1/1] (1.45ns)   --->   "call void @_ssdm_op_Write.ap_fifo.volatile.i16P(i16* %d_V_V2, i16 %tmp_V_501)" [firmware/nnet_utils/nnet_multiheadattention.h:250->firmware/nnet_utils/nnet_multiheadattention.h:257]   --->   Operation 168 'write' <Predicate = true> <Delay = 1.45> <Core = "FIFO">   --->   Core 32 'FIFO' <Latency = 0> <II = 1> <Delay = 1.45> <Storage> <Opcode : 'read' 'write' 'nbread' 'nbwrite'> <Ports = 0> <Width = 16> <Depth = 2> <FIFO>
ST_17 : Operation 169 [1/1] (1.45ns)   --->   "call void @_ssdm_op_Write.ap_fifo.volatile.i16P(i16* %d_V_V3, i16 %tmp_V_502)" [firmware/nnet_utils/nnet_multiheadattention.h:250->firmware/nnet_utils/nnet_multiheadattention.h:257]   --->   Operation 169 'write' <Predicate = true> <Delay = 1.45> <Core = "FIFO">   --->   Core 32 'FIFO' <Latency = 0> <II = 1> <Delay = 1.45> <Storage> <Opcode : 'read' 'write' 'nbread' 'nbwrite'> <Ports = 0> <Width = 16> <Depth = 2> <FIFO>

State 18 <SV = 17> <Delay = 1.45>
ST_18 : Operation 170 [1/1] (1.45ns)   --->   "call void @_ssdm_op_Write.ap_fifo.volatile.i16P(i16* %d_V_V, i16 %tmp_V_503)" [firmware/nnet_utils/nnet_multiheadattention.h:250->firmware/nnet_utils/nnet_multiheadattention.h:257]   --->   Operation 170 'write' <Predicate = true> <Delay = 1.45> <Core = "FIFO">   --->   Core 32 'FIFO' <Latency = 0> <II = 1> <Delay = 1.45> <Storage> <Opcode : 'read' 'write' 'nbread' 'nbwrite'> <Ports = 0> <Width = 16> <Depth = 2> <FIFO>
ST_18 : Operation 171 [1/1] (1.45ns)   --->   "call void @_ssdm_op_Write.ap_fifo.volatile.i16P(i16* %d_V_V1, i16 %tmp_V_504)" [firmware/nnet_utils/nnet_multiheadattention.h:250->firmware/nnet_utils/nnet_multiheadattention.h:257]   --->   Operation 171 'write' <Predicate = true> <Delay = 1.45> <Core = "FIFO">   --->   Core 32 'FIFO' <Latency = 0> <II = 1> <Delay = 1.45> <Storage> <Opcode : 'read' 'write' 'nbread' 'nbwrite'> <Ports = 0> <Width = 16> <Depth = 2> <FIFO>
ST_18 : Operation 172 [1/1] (1.45ns)   --->   "call void @_ssdm_op_Write.ap_fifo.volatile.i16P(i16* %d_V_V2, i16 %tmp_V_505)" [firmware/nnet_utils/nnet_multiheadattention.h:250->firmware/nnet_utils/nnet_multiheadattention.h:257]   --->   Operation 172 'write' <Predicate = true> <Delay = 1.45> <Core = "FIFO">   --->   Core 32 'FIFO' <Latency = 0> <II = 1> <Delay = 1.45> <Storage> <Opcode : 'read' 'write' 'nbread' 'nbwrite'> <Ports = 0> <Width = 16> <Depth = 2> <FIFO>
ST_18 : Operation 173 [1/1] (1.45ns)   --->   "call void @_ssdm_op_Write.ap_fifo.volatile.i16P(i16* %d_V_V3, i16 %tmp_V_506)" [firmware/nnet_utils/nnet_multiheadattention.h:250->firmware/nnet_utils/nnet_multiheadattention.h:257]   --->   Operation 173 'write' <Predicate = true> <Delay = 1.45> <Core = "FIFO">   --->   Core 32 'FIFO' <Latency = 0> <II = 1> <Delay = 1.45> <Storage> <Opcode : 'read' 'write' 'nbread' 'nbwrite'> <Ports = 0> <Width = 16> <Depth = 2> <FIFO>

State 19 <SV = 18> <Delay = 1.45>
ST_19 : Operation 174 [1/1] (1.45ns)   --->   "call void @_ssdm_op_Write.ap_fifo.volatile.i16P(i16* %d_V_V, i16 %tmp_V_507)" [firmware/nnet_utils/nnet_multiheadattention.h:250->firmware/nnet_utils/nnet_multiheadattention.h:257]   --->   Operation 174 'write' <Predicate = true> <Delay = 1.45> <Core = "FIFO">   --->   Core 32 'FIFO' <Latency = 0> <II = 1> <Delay = 1.45> <Storage> <Opcode : 'read' 'write' 'nbread' 'nbwrite'> <Ports = 0> <Width = 16> <Depth = 2> <FIFO>
ST_19 : Operation 175 [1/1] (1.45ns)   --->   "call void @_ssdm_op_Write.ap_fifo.volatile.i16P(i16* %d_V_V1, i16 %tmp_V_508)" [firmware/nnet_utils/nnet_multiheadattention.h:250->firmware/nnet_utils/nnet_multiheadattention.h:257]   --->   Operation 175 'write' <Predicate = true> <Delay = 1.45> <Core = "FIFO">   --->   Core 32 'FIFO' <Latency = 0> <II = 1> <Delay = 1.45> <Storage> <Opcode : 'read' 'write' 'nbread' 'nbwrite'> <Ports = 0> <Width = 16> <Depth = 2> <FIFO>
ST_19 : Operation 176 [1/1] (1.45ns)   --->   "call void @_ssdm_op_Write.ap_fifo.volatile.i16P(i16* %d_V_V2, i16 %tmp_V_509)" [firmware/nnet_utils/nnet_multiheadattention.h:250->firmware/nnet_utils/nnet_multiheadattention.h:257]   --->   Operation 176 'write' <Predicate = true> <Delay = 1.45> <Core = "FIFO">   --->   Core 32 'FIFO' <Latency = 0> <II = 1> <Delay = 1.45> <Storage> <Opcode : 'read' 'write' 'nbread' 'nbwrite'> <Ports = 0> <Width = 16> <Depth = 2> <FIFO>
ST_19 : Operation 177 [1/1] (1.45ns)   --->   "call void @_ssdm_op_Write.ap_fifo.volatile.i16P(i16* %d_V_V3, i16 %tmp_V_510)" [firmware/nnet_utils/nnet_multiheadattention.h:250->firmware/nnet_utils/nnet_multiheadattention.h:257]   --->   Operation 177 'write' <Predicate = true> <Delay = 1.45> <Core = "FIFO">   --->   Core 32 'FIFO' <Latency = 0> <II = 1> <Delay = 1.45> <Storage> <Opcode : 'read' 'write' 'nbread' 'nbwrite'> <Ports = 0> <Width = 16> <Depth = 2> <FIFO>

State 20 <SV = 19> <Delay = 1.45>
ST_20 : Operation 178 [1/1] (0.00ns)   --->   "call void (...)* @_ssdm_op_SpecInterface(i16* %d_V_V3, [8 x i8]* @ap_fifo_str, i32 0, i32 0, [1 x i8]* @p_str, i32 0, i32 0, [1 x i8]* @p_str, [1 x i8]* @p_str, [1 x i8]* @p_str, i32 2, i32 2, i32 16, i32 16, [1 x i8]* @p_str, [1 x i8]* @p_str)"   --->   Operation 178 'specinterface' <Predicate = true> <Delay = 0.00>
ST_20 : Operation 179 [1/1] (0.00ns)   --->   "call void (...)* @_ssdm_op_SpecInterface(i16* %d_V_V2, [8 x i8]* @ap_fifo_str, i32 0, i32 0, [1 x i8]* @p_str, i32 0, i32 0, [1 x i8]* @p_str, [1 x i8]* @p_str, [1 x i8]* @p_str, i32 2, i32 2, i32 16, i32 16, [1 x i8]* @p_str, [1 x i8]* @p_str)"   --->   Operation 179 'specinterface' <Predicate = true> <Delay = 0.00>
ST_20 : Operation 180 [1/1] (0.00ns)   --->   "call void (...)* @_ssdm_op_SpecInterface(i16* %d_V_V1, [8 x i8]* @ap_fifo_str, i32 0, i32 0, [1 x i8]* @p_str, i32 0, i32 0, [1 x i8]* @p_str, [1 x i8]* @p_str, [1 x i8]* @p_str, i32 2, i32 2, i32 16, i32 16, [1 x i8]* @p_str, [1 x i8]* @p_str)"   --->   Operation 180 'specinterface' <Predicate = true> <Delay = 0.00>
ST_20 : Operation 181 [1/1] (0.00ns)   --->   "call void (...)* @_ssdm_op_SpecInterface(i16* %d_V_V, [8 x i8]* @ap_fifo_str, i32 0, i32 0, [1 x i8]* @p_str, i32 0, i32 0, [1 x i8]* @p_str, [1 x i8]* @p_str, [1 x i8]* @p_str, i32 2, i32 2, i32 16, i32 16, [1 x i8]* @p_str, [1 x i8]* @p_str)"   --->   Operation 181 'specinterface' <Predicate = true> <Delay = 0.00>
ST_20 : Operation 182 [1/1] (0.00ns)   --->   "call void (...)* @_ssdm_op_SpecInterface(i1280* %data_V, [8 x i8]* @ap_fifo_str, i32 0, i32 0, [1 x i8]* @p_str, i32 0, i32 0, [1 x i8]* @p_str, [1 x i8]* @p_str, [1 x i8]* @p_str, i32 2, i32 2, i32 16, i32 16, [1 x i8]* @p_str, [11 x i8]* @ScalarProp_str)"   --->   Operation 182 'specinterface' <Predicate = true> <Delay = 0.00>
ST_20 : Operation 183 [1/1] (1.45ns)   --->   "call void @_ssdm_op_Write.ap_fifo.volatile.i16P(i16* %d_V_V, i16 %tmp_V_511)" [firmware/nnet_utils/nnet_multiheadattention.h:250->firmware/nnet_utils/nnet_multiheadattention.h:257]   --->   Operation 183 'write' <Predicate = true> <Delay = 1.45> <Core = "FIFO">   --->   Core 32 'FIFO' <Latency = 0> <II = 1> <Delay = 1.45> <Storage> <Opcode : 'read' 'write' 'nbread' 'nbwrite'> <Ports = 0> <Width = 16> <Depth = 2> <FIFO>
ST_20 : Operation 184 [1/1] (1.45ns)   --->   "call void @_ssdm_op_Write.ap_fifo.volatile.i16P(i16* %d_V_V1, i16 %tmp_V_512)" [firmware/nnet_utils/nnet_multiheadattention.h:250->firmware/nnet_utils/nnet_multiheadattention.h:257]   --->   Operation 184 'write' <Predicate = true> <Delay = 1.45> <Core = "FIFO">   --->   Core 32 'FIFO' <Latency = 0> <II = 1> <Delay = 1.45> <Storage> <Opcode : 'read' 'write' 'nbread' 'nbwrite'> <Ports = 0> <Width = 16> <Depth = 2> <FIFO>
ST_20 : Operation 185 [1/1] (1.45ns)   --->   "call void @_ssdm_op_Write.ap_fifo.volatile.i16P(i16* %d_V_V2, i16 %tmp_V_513)" [firmware/nnet_utils/nnet_multiheadattention.h:250->firmware/nnet_utils/nnet_multiheadattention.h:257]   --->   Operation 185 'write' <Predicate = true> <Delay = 1.45> <Core = "FIFO">   --->   Core 32 'FIFO' <Latency = 0> <II = 1> <Delay = 1.45> <Storage> <Opcode : 'read' 'write' 'nbread' 'nbwrite'> <Ports = 0> <Width = 16> <Depth = 2> <FIFO>
ST_20 : Operation 186 [1/1] (1.45ns)   --->   "call void @_ssdm_op_Write.ap_fifo.volatile.i16P(i16* %d_V_V3, i16 %tmp_V_514)" [firmware/nnet_utils/nnet_multiheadattention.h:250->firmware/nnet_utils/nnet_multiheadattention.h:257]   --->   Operation 186 'write' <Predicate = true> <Delay = 1.45> <Core = "FIFO">   --->   Core 32 'FIFO' <Latency = 0> <II = 1> <Delay = 1.45> <Storage> <Opcode : 'read' 'write' 'nbread' 'nbwrite'> <Ports = 0> <Width = 16> <Depth = 2> <FIFO>
ST_20 : Operation 187 [1/1] (0.00ns)   --->   "ret void" [firmware/nnet_utils/nnet_multiheadattention.h:257]   --->   Operation 187 'ret' <Predicate = true> <Delay = 0.00>


============================================================
+ Verbose Summary: Timing violations
============================================================
Target clock period: 5ns, clock uncertainty: 0.625ns.

 <State 1>: 2.92ns
The critical path consists of the following:
	fifo read on port 'data_V' (firmware/nnet_utils/nnet_multiheadattention.h:250->firmware/nnet_utils/nnet_multiheadattention.h:257) [11]  (1.46 ns)
	fifo write on port 'd_V_V' (firmware/nnet_utils/nnet_multiheadattention.h:250->firmware/nnet_utils/nnet_multiheadattention.h:257) [13]  (1.46 ns)

 <State 2>: 1.46ns
The critical path consists of the following:
	fifo write on port 'd_V_V' (firmware/nnet_utils/nnet_multiheadattention.h:250->firmware/nnet_utils/nnet_multiheadattention.h:257) [21]  (1.46 ns)

 <State 3>: 1.46ns
The critical path consists of the following:
	fifo write on port 'd_V_V' (firmware/nnet_utils/nnet_multiheadattention.h:250->firmware/nnet_utils/nnet_multiheadattention.h:257) [29]  (1.46 ns)

 <State 4>: 1.46ns
The critical path consists of the following:
	fifo write on port 'd_V_V' (firmware/nnet_utils/nnet_multiheadattention.h:250->firmware/nnet_utils/nnet_multiheadattention.h:257) [37]  (1.46 ns)

 <State 5>: 1.46ns
The critical path consists of the following:
	fifo write on port 'd_V_V' (firmware/nnet_utils/nnet_multiheadattention.h:250->firmware/nnet_utils/nnet_multiheadattention.h:257) [45]  (1.46 ns)

 <State 6>: 1.46ns
The critical path consists of the following:
	fifo write on port 'd_V_V' (firmware/nnet_utils/nnet_multiheadattention.h:250->firmware/nnet_utils/nnet_multiheadattention.h:257) [53]  (1.46 ns)

 <State 7>: 1.46ns
The critical path consists of the following:
	fifo write on port 'd_V_V' (firmware/nnet_utils/nnet_multiheadattention.h:250->firmware/nnet_utils/nnet_multiheadattention.h:257) [61]  (1.46 ns)

 <State 8>: 1.46ns
The critical path consists of the following:
	fifo write on port 'd_V_V' (firmware/nnet_utils/nnet_multiheadattention.h:250->firmware/nnet_utils/nnet_multiheadattention.h:257) [69]  (1.46 ns)

 <State 9>: 1.46ns
The critical path consists of the following:
	fifo write on port 'd_V_V' (firmware/nnet_utils/nnet_multiheadattention.h:250->firmware/nnet_utils/nnet_multiheadattention.h:257) [77]  (1.46 ns)

 <State 10>: 1.46ns
The critical path consists of the following:
	fifo write on port 'd_V_V' (firmware/nnet_utils/nnet_multiheadattention.h:250->firmware/nnet_utils/nnet_multiheadattention.h:257) [85]  (1.46 ns)

 <State 11>: 1.46ns
The critical path consists of the following:
	fifo write on port 'd_V_V' (firmware/nnet_utils/nnet_multiheadattention.h:250->firmware/nnet_utils/nnet_multiheadattention.h:257) [93]  (1.46 ns)

 <State 12>: 1.46ns
The critical path consists of the following:
	fifo write on port 'd_V_V' (firmware/nnet_utils/nnet_multiheadattention.h:250->firmware/nnet_utils/nnet_multiheadattention.h:257) [101]  (1.46 ns)

 <State 13>: 1.46ns
The critical path consists of the following:
	fifo write on port 'd_V_V' (firmware/nnet_utils/nnet_multiheadattention.h:250->firmware/nnet_utils/nnet_multiheadattention.h:257) [109]  (1.46 ns)

 <State 14>: 1.46ns
The critical path consists of the following:
	fifo write on port 'd_V_V' (firmware/nnet_utils/nnet_multiheadattention.h:250->firmware/nnet_utils/nnet_multiheadattention.h:257) [117]  (1.46 ns)

 <State 15>: 1.46ns
The critical path consists of the following:
	fifo write on port 'd_V_V' (firmware/nnet_utils/nnet_multiheadattention.h:250->firmware/nnet_utils/nnet_multiheadattention.h:257) [125]  (1.46 ns)

 <State 16>: 1.46ns
The critical path consists of the following:
	fifo write on port 'd_V_V' (firmware/nnet_utils/nnet_multiheadattention.h:250->firmware/nnet_utils/nnet_multiheadattention.h:257) [133]  (1.46 ns)

 <State 17>: 1.46ns
The critical path consists of the following:
	fifo write on port 'd_V_V' (firmware/nnet_utils/nnet_multiheadattention.h:250->firmware/nnet_utils/nnet_multiheadattention.h:257) [141]  (1.46 ns)

 <State 18>: 1.46ns
The critical path consists of the following:
	fifo write on port 'd_V_V' (firmware/nnet_utils/nnet_multiheadattention.h:250->firmware/nnet_utils/nnet_multiheadattention.h:257) [149]  (1.46 ns)

 <State 19>: 1.46ns
The critical path consists of the following:
	fifo write on port 'd_V_V' (firmware/nnet_utils/nnet_multiheadattention.h:250->firmware/nnet_utils/nnet_multiheadattention.h:257) [157]  (1.46 ns)

 <State 20>: 1.46ns
The critical path consists of the following:
	fifo write on port 'd_V_V' (firmware/nnet_utils/nnet_multiheadattention.h:250->firmware/nnet_utils/nnet_multiheadattention.h:257) [165]  (1.46 ns)


============================================================
+ Verbose Summary: Binding
============================================================
N/A
* FSMD analyzer results:
  - Output states:
 - Input state : 
  - Chain level:
	State 1
	State 2
	State 3
	State 4
	State 5
	State 6
	State 7
	State 8
	State 9
	State 10
	State 11
	State 12
	State 13
	State 14
	State 15
	State 16
	State 17
	State 18
	State 19
	State 20


============================================================
+ Verbose Summary: Datapath Resource usage 
============================================================
N/A
