

================================================================
== Vitis HLS Report for 'layernorm_1d_ap_fixed_16_6_5_3_0_ap_fixed_16_6_5_3_0_config2_s'
================================================================
* Date:           Mon Oct  7 10:29:16 2024

* Version:        2023.2 (Build 4023990 on Oct 11 2023)
* Project:        myproject_prj
* Solution:       solution1 (Vivado IP Flow Target)
* Product family: virtexuplus
* Target device:  xcvu13p-flga2577-2-e


================================================================
== Performance Estimates
================================================================
+ Timing: 
    * Summary: 
    +--------+---------+----------+------------+
    |  Clock |  Target | Estimated| Uncertainty|
    +--------+---------+----------+------------+
    |ap_clk  |  5.00 ns|  4.254 ns|     0.62 ns|
    +--------+---------+----------+------------+

+ Latency: 
    * Summary: 
    +---------+---------+----------+----------+-----+-----+---------+
    |  Latency (cycles) |  Latency (absolute) |  Interval | Pipeline|
    |   min   |   max   |    min   |    max   | min | max |   Type  |
    +---------+---------+----------+----------+-----+-----+---------+
    |        ?|        ?|         ?|         ?|    ?|    ?|       no|
    +---------+---------+----------+----------+-----+-----+---------+

    + Detail: 
        * Instance: 
        N/A

        * Loop: 
        +-------------------+---------+---------+----------+-----------+-----------+------+----------+
        |                   |  Latency (cycles) | Iteration|  Initiation Interval  | Trip |          |
        |     Loop Name     |   min   |   max   |  Latency |  achieved |   target  | Count| Pipelined|
        +-------------------+---------+---------+----------+-----------+-----------+------+----------+
        |- VITIS_LOOP_63_1  |        ?|        ?|         2|          -|          -|     ?|        no|
        +-------------------+---------+---------+----------+-----------+-----------+------+----------+



================================================================
== Utilization Estimates
================================================================
* Summary: 
+---------------------+---------+-------+---------+---------+------+
|         Name        | BRAM_18K|  DSP  |    FF   |   LUT   | URAM |
+---------------------+---------+-------+---------+---------+------+
|DSP                  |        -|      -|        -|        -|     -|
|Expression           |        -|      -|        0|      996|     -|
|FIFO                 |        -|      -|        -|        -|     -|
|Instance             |        -|     32|        0|      392|     -|
|Memory               |        4|      -|        0|        0|     -|
|Multiplexer          |        -|      -|        -|      165|     -|
|Register             |        -|      -|      730|        -|     -|
+---------------------+---------+-------+---------+---------+------+
|Total                |        4|     32|      730|     1553|     0|
+---------------------+---------+-------+---------+---------+------+
|Available SLR        |     1344|   3072|   864000|   432000|   320|
+---------------------+---------+-------+---------+---------+------+
|Utilization SLR (%)  |       ~0|      1|       ~0|       ~0|     0|
+---------------------+---------+-------+---------+---------+------+
|Available            |     5376|  12288|  3456000|  1728000|  1280|
+---------------------+---------+-------+---------+---------+------+
|Utilization (%)      |       ~0|     ~0|       ~0|       ~0|     0|
+---------------------+---------+-------+---------+---------+------+

+ Detail: 
    * Instance: 
    +--------------------------+---------------------+---------+----+---+----+-----+
    |         Instance         |        Module       | BRAM_18K| DSP| FF| LUT| URAM|
    +--------------------------+---------------------+---------+----+---+----+-----+
    |mul_19s_11ns_30_1_1_U112  |mul_19s_11ns_30_1_1  |        0|   1|  0|   6|    0|
    |mul_19s_11ns_30_1_1_U123  |mul_19s_11ns_30_1_1  |        0|   1|  0|   6|    0|
    |mul_19s_19s_32_1_1_U113   |mul_19s_19s_32_1_1   |        0|   1|  0|   6|    0|
    |mul_19s_19s_32_1_1_U114   |mul_19s_19s_32_1_1   |        0|   1|  0|   6|    0|
    |mul_19s_19s_32_1_1_U115   |mul_19s_19s_32_1_1   |        0|   1|  0|   6|    0|
    |mul_19s_19s_32_1_1_U116   |mul_19s_19s_32_1_1   |        0|   1|  0|   6|    0|
    |mul_19s_19s_32_1_1_U117   |mul_19s_19s_32_1_1   |        0|   1|  0|   6|    0|
    |mul_19s_19s_32_1_1_U118   |mul_19s_19s_32_1_1   |        0|   1|  0|   6|    0|
    |mul_19s_19s_32_1_1_U119   |mul_19s_19s_32_1_1   |        0|   1|  0|   6|    0|
    |mul_19s_19s_32_1_1_U120   |mul_19s_19s_32_1_1   |        0|   1|  0|   6|    0|
    |mul_19s_19s_32_1_1_U121   |mul_19s_19s_32_1_1   |        0|   1|  0|   6|    0|
    |mul_19s_19s_32_1_1_U122   |mul_19s_19s_32_1_1   |        0|   1|  0|   6|    0|
    |mul_29ns_19s_39_1_1_U102  |mul_29ns_19s_39_1_1  |        0|   2|  0|  32|    0|
    |mul_29ns_19s_39_1_1_U103  |mul_29ns_19s_39_1_1  |        0|   2|  0|  32|    0|
    |mul_29ns_19s_39_1_1_U104  |mul_29ns_19s_39_1_1  |        0|   2|  0|  32|    0|
    |mul_29ns_19s_39_1_1_U105  |mul_29ns_19s_39_1_1  |        0|   2|  0|  32|    0|
    |mul_29ns_19s_39_1_1_U106  |mul_29ns_19s_39_1_1  |        0|   2|  0|  32|    0|
    |mul_29ns_19s_39_1_1_U107  |mul_29ns_19s_39_1_1  |        0|   2|  0|  32|    0|
    |mul_29ns_19s_39_1_1_U108  |mul_29ns_19s_39_1_1  |        0|   2|  0|  32|    0|
    |mul_29ns_19s_39_1_1_U109  |mul_29ns_19s_39_1_1  |        0|   2|  0|  32|    0|
    |mul_29ns_19s_39_1_1_U110  |mul_29ns_19s_39_1_1  |        0|   2|  0|  32|    0|
    |mul_29ns_19s_39_1_1_U111  |mul_29ns_19s_39_1_1  |        0|   2|  0|  32|    0|
    +--------------------------+---------------------+---------+----+---+----+-----+
    |Total                     |                     |        0|  32|  0| 392|    0|
    +--------------------------+---------------------+---------+----+---+----+-----+

    * DSP: 
    N/A

    * Memory: 
    +--------------------+----------------------------------------------------------------------------------+---------+---+----+-----+------+-----+------+-------------+
    |       Memory       |                                      Module                                      | BRAM_18K| FF| LUT| URAM| Words| Bits| Banks| W*Bits*Banks|
    +--------------------+----------------------------------------------------------------------------------+---------+---+----+-----+------+-----+------+-------------+
    |index_table_U       |layernorm_1d_ap_fixed_16_6_5_3_0_ap_fixed_16_6_5_3_0_config2_s_index_table_RObkb  |        2|  0|   0|    0|  1024|   21|     1|        21504|
    |invert_sqr_table_U  |layernorm_1d_ap_fixed_16_6_5_3_0_ap_fixed_16_6_5_3_0_config2_s_invert_sqr_tabcud  |        2|  0|   0|    0|  1024|   29|     1|        29696|
    +--------------------+----------------------------------------------------------------------------------+---------+---+----+-----+------+-----+------+-------------+
    |Total               |                                                                                  |        4|  0|   0|    0|  2048|   50|     2|        51200|
    +--------------------+----------------------------------------------------------------------------------+---------+---+----+-----+------+-----+------+-------------+

    * FIFO: 
    N/A

    * Expression: 
    +-----------------------+----------+----+---+----+------------+------------+
    |     Variable Name     | Operation| DSP| FF| LUT| Bitwidth P0| Bitwidth P1|
    +-----------------------+----------+----+---+----+------------+------------+
    |add_ln109_1_fu_319_p2  |         +|   0|  0|  26|          19|          19|
    |add_ln109_2_fu_325_p2  |         +|   0|  0|  19|          19|          19|
    |add_ln109_3_fu_331_p2  |         +|   0|  0|  19|          19|          19|
    |add_ln109_4_fu_337_p2  |         +|   0|  0|  19|          19|          19|
    |add_ln109_5_fu_343_p2  |         +|   0|  0|  19|          19|          19|
    |add_ln109_6_fu_349_p2  |         +|   0|  0|  19|          19|          19|
    |add_ln109_7_fu_355_p2  |         +|   0|  0|  19|          19|          19|
    |add_ln109_8_fu_361_p2  |         +|   0|  0|  19|          19|          19|
    |add_ln109_fu_367_p2    |         +|   0|  0|  19|          19|          19|
    |add_ln116_1_fu_646_p2  |         +|   0|  0|  26|          19|          19|
    |add_ln116_2_fu_652_p2  |         +|   0|  0|  19|          19|          19|
    |add_ln116_3_fu_658_p2  |         +|   0|  0|  19|          19|          19|
    |add_ln116_4_fu_688_p2  |         +|   0|  0|  19|          19|          19|
    |add_ln116_5_fu_664_p2  |         +|   0|  0|  19|          19|          19|
    |add_ln116_6_fu_670_p2  |         +|   0|  0|  19|          19|          19|
    |add_ln116_7_fu_676_p2  |         +|   0|  0|  19|          19|          19|
    |add_ln116_8_fu_682_p2  |         +|   0|  0|  19|          19|          19|
    |add_ln116_fu_692_p2    |         +|   0|  0|  19|          19|          19|
    |add_ln64_fu_771_p2     |         +|   0|  0|  39|          32|          32|
    |sub_ln114_1_fu_421_p2  |         -|   0|  0|  26|          19|          19|
    |sub_ln114_2_fu_446_p2  |         -|   0|  0|  26|          19|          19|
    |sub_ln114_3_fu_471_p2  |         -|   0|  0|  26|          19|          19|
    |sub_ln114_4_fu_496_p2  |         -|   0|  0|  26|          19|          19|
    |sub_ln114_5_fu_521_p2  |         -|   0|  0|  26|          19|          19|
    |sub_ln114_6_fu_546_p2  |         -|   0|  0|  26|          19|          19|
    |sub_ln114_7_fu_571_p2  |         -|   0|  0|  26|          19|          19|
    |sub_ln114_8_fu_596_p2  |         -|   0|  0|  26|          19|          19|
    |sub_ln114_9_fu_621_p2  |         -|   0|  0|  26|          19|          19|
    |sub_ln114_fu_396_p2    |         -|   0|  0|  26|          19|          19|
    |sub_ln63_fu_855_p2     |         -|   0|  0|  39|          32|          32|
    |sub_ln64_1_fu_805_p2   |         -|   0|  0|  39|           1|          32|
    |sub_ln64_fu_785_p2     |         -|   0|  0|  39|           1|          32|
    |icmp_ln52_fu_725_p2    |      icmp|   0|  0|  31|          24|           4|
    |icmp_ln55_fu_731_p2    |      icmp|   0|  0|  31|          24|          21|
    |icmp_ln63_fu_871_p2    |      icmp|   0|  0|  38|          31|           1|
    |icmp_ln65_fu_838_p2    |      icmp|   0|  0|  28|          21|          21|
    |high_3_fu_849_p3       |    select|   0|  0|  32|           1|          32|
    |low_4_fu_843_p3        |    select|   0|  0|  32|           1|          32|
    |mid_fu_825_p3          |    select|   0|  0|  32|           1|          32|
    +-----------------------+----------+----+---+----+------------+------------+
    |Total                  |          |   0|  0| 996|         701|         803|
    +-----------------------+----------+----+---+----+------------+------------+

    * Multiplexer: 
    +----------------------+----+-----------+-----+-----------+
    |         Name         | LUT| Input Size| Bits| Total Bits|
    +----------------------+----+-----------+-----+-----------+
    |ap_NS_fsm             |  43|          8|    1|          8|
    |ap_return_0           |   9|          2|   16|         32|
    |ap_return_1           |   9|          2|   16|         32|
    |ap_return_2           |   9|          2|   16|         32|
    |ap_return_3           |   9|          2|   16|         32|
    |ap_return_4           |   9|          2|   16|         32|
    |ap_return_5           |   9|          2|   16|         32|
    |ap_return_6           |   9|          2|   16|         32|
    |ap_return_7           |   9|          2|   16|         32|
    |ap_return_8           |   9|          2|   16|         32|
    |ap_return_9           |   9|          2|   16|         32|
    |deno_inver_1_reg_184  |  14|          3|   29|         87|
    |high_fu_94            |   9|          2|   32|         64|
    |low_fu_90             |   9|          2|   32|         64|
    +----------------------+----+-----------+-----+-----------+
    |Total                 | 165|         35|  254|        543|
    +----------------------+----+-----------+-----+-----------+

    * Register: 
    +----------------------+----+----+-----+-----------+
    |         Name         | FF | LUT| Bits| Const Bits|
    +----------------------+----+----+-----+-----------+
    |add_ln116_1_reg_1211  |  19|   0|   19|          0|
    |add_ln116_3_reg_1216  |  19|   0|   19|          0|
    |add_ln116_8_reg_1221  |  19|   0|   19|          0|
    |ap_CS_fsm             |   7|   0|    7|          0|
    |ap_return_0_preg      |  16|   0|   16|          0|
    |ap_return_1_preg      |  16|   0|   16|          0|
    |ap_return_2_preg      |  16|   0|   16|          0|
    |ap_return_3_preg      |  16|   0|   16|          0|
    |ap_return_4_preg      |  16|   0|   16|          0|
    |ap_return_5_preg      |  16|   0|   16|          0|
    |ap_return_6_preg      |  16|   0|   16|          0|
    |ap_return_7_preg      |  16|   0|   16|          0|
    |ap_return_8_preg      |  16|   0|   16|          0|
    |ap_return_9_preg      |  16|   0|   16|          0|
    |conv_i21_i_reg_1246   |  14|   0|   21|          7|
    |deno_inver_1_reg_184  |  29|   0|   29|          0|
    |high_fu_94            |  32|   0|   32|          0|
    |low_fu_90             |  32|   0|   32|          0|
    |mean_reg_1156         |  17|   0|   17|          0|
    |mid_reg_1257          |  32|   0|   32|          0|
    |shl_ln109_1_reg_1116  |  16|   0|   19|          3|
    |shl_ln109_2_reg_1121  |  16|   0|   19|          3|
    |shl_ln109_3_reg_1126  |  16|   0|   19|          3|
    |shl_ln109_4_reg_1131  |  16|   0|   19|          3|
    |shl_ln109_5_reg_1136  |  16|   0|   19|          3|
    |shl_ln109_6_reg_1141  |  16|   0|   19|          3|
    |shl_ln109_7_reg_1146  |  16|   0|   19|          3|
    |shl_ln109_8_reg_1151  |  16|   0|   19|          3|
    |shl_ln_reg_1111       |  16|   0|   19|          3|
    |sub_ln114_1_reg_1166  |  19|   0|   19|          0|
    |sub_ln114_2_reg_1171  |  19|   0|   19|          0|
    |sub_ln114_3_reg_1176  |  19|   0|   19|          0|
    |sub_ln114_4_reg_1181  |  19|   0|   19|          0|
    |sub_ln114_5_reg_1186  |  19|   0|   19|          0|
    |sub_ln114_6_reg_1191  |  19|   0|   19|          0|
    |sub_ln114_7_reg_1196  |  19|   0|   19|          0|
    |sub_ln114_8_reg_1201  |  19|   0|   19|          0|
    |sub_ln114_9_reg_1206  |  19|   0|   19|          0|
    |sub_ln114_reg_1161    |  19|   0|   19|          0|
    |sum_cache_reg_1106    |  16|   0|   19|          3|
    +----------------------+----+----+-----+-----------+
    |Total                 | 730|   0|  767|         37|
    +----------------------+----+----+-----+-----------+



================================================================
== Interface
================================================================
* Summary: 
+-------------+-----+-----+------------+---------------------------------------------------------------------------+--------------+
|  RTL Ports  | Dir | Bits|  Protocol  |                               Source Object                               |    C Type    |
+-------------+-----+-----+------------+---------------------------------------------------------------------------+--------------+
|ap_clk       |   in|    1|  ap_ctrl_hs|  layernorm_1d<ap_fixed<16, 6, 5, 3, 0>, ap_fixed<16, 6, 5, 3, 0>, config2>|  return value|
|ap_rst       |   in|    1|  ap_ctrl_hs|  layernorm_1d<ap_fixed<16, 6, 5, 3, 0>, ap_fixed<16, 6, 5, 3, 0>, config2>|  return value|
|ap_start     |   in|    1|  ap_ctrl_hs|  layernorm_1d<ap_fixed<16, 6, 5, 3, 0>, ap_fixed<16, 6, 5, 3, 0>, config2>|  return value|
|ap_done      |  out|    1|  ap_ctrl_hs|  layernorm_1d<ap_fixed<16, 6, 5, 3, 0>, ap_fixed<16, 6, 5, 3, 0>, config2>|  return value|
|ap_idle      |  out|    1|  ap_ctrl_hs|  layernorm_1d<ap_fixed<16, 6, 5, 3, 0>, ap_fixed<16, 6, 5, 3, 0>, config2>|  return value|
|ap_ready     |  out|    1|  ap_ctrl_hs|  layernorm_1d<ap_fixed<16, 6, 5, 3, 0>, ap_fixed<16, 6, 5, 3, 0>, config2>|  return value|
|ap_return_0  |  out|   16|  ap_ctrl_hs|  layernorm_1d<ap_fixed<16, 6, 5, 3, 0>, ap_fixed<16, 6, 5, 3, 0>, config2>|  return value|
|ap_return_1  |  out|   16|  ap_ctrl_hs|  layernorm_1d<ap_fixed<16, 6, 5, 3, 0>, ap_fixed<16, 6, 5, 3, 0>, config2>|  return value|
|ap_return_2  |  out|   16|  ap_ctrl_hs|  layernorm_1d<ap_fixed<16, 6, 5, 3, 0>, ap_fixed<16, 6, 5, 3, 0>, config2>|  return value|
|ap_return_3  |  out|   16|  ap_ctrl_hs|  layernorm_1d<ap_fixed<16, 6, 5, 3, 0>, ap_fixed<16, 6, 5, 3, 0>, config2>|  return value|
|ap_return_4  |  out|   16|  ap_ctrl_hs|  layernorm_1d<ap_fixed<16, 6, 5, 3, 0>, ap_fixed<16, 6, 5, 3, 0>, config2>|  return value|
|ap_return_5  |  out|   16|  ap_ctrl_hs|  layernorm_1d<ap_fixed<16, 6, 5, 3, 0>, ap_fixed<16, 6, 5, 3, 0>, config2>|  return value|
|ap_return_6  |  out|   16|  ap_ctrl_hs|  layernorm_1d<ap_fixed<16, 6, 5, 3, 0>, ap_fixed<16, 6, 5, 3, 0>, config2>|  return value|
|ap_return_7  |  out|   16|  ap_ctrl_hs|  layernorm_1d<ap_fixed<16, 6, 5, 3, 0>, ap_fixed<16, 6, 5, 3, 0>, config2>|  return value|
|ap_return_8  |  out|   16|  ap_ctrl_hs|  layernorm_1d<ap_fixed<16, 6, 5, 3, 0>, ap_fixed<16, 6, 5, 3, 0>, config2>|  return value|
|ap_return_9  |  out|   16|  ap_ctrl_hs|  layernorm_1d<ap_fixed<16, 6, 5, 3, 0>, ap_fixed<16, 6, 5, 3, 0>, config2>|  return value|
|data_0_val   |   in|   16|     ap_none|                                                                 data_0_val|        scalar|
|data_1_val   |   in|   16|     ap_none|                                                                 data_1_val|        scalar|
|data_2_val   |   in|   16|     ap_none|                                                                 data_2_val|        scalar|
|data_3_val   |   in|   16|     ap_none|                                                                 data_3_val|        scalar|
|data_4_val   |   in|   16|     ap_none|                                                                 data_4_val|        scalar|
|data_5_val   |   in|   16|     ap_none|                                                                 data_5_val|        scalar|
|data_6_val   |   in|   16|     ap_none|                                                                 data_6_val|        scalar|
|data_7_val   |   in|   16|     ap_none|                                                                 data_7_val|        scalar|
|data_8_val   |   in|   16|     ap_none|                                                                 data_8_val|        scalar|
|data_9_val   |   in|   16|     ap_none|                                                                 data_9_val|        scalar|
+-------------+-----+-----+------------+---------------------------------------------------------------------------+--------------+

