

================================================================
== Vitis HLS Report for 'layernorm_1d_ap_fixed_16_6_5_3_0_ap_fixed_33_13_5_3_0_config2_s'
================================================================
* Date:           Wed Dec 11 13:02:37 2024

* Version:        2024.1 (Build 5069499 on May 21 2024)
* Project:        myproject_prj
* Solution:       solution1 (Vivado IP Flow Target)
* Product family: virtexuplus
* Target device:  xcvu13p-flga2577-2-e


================================================================
== Performance Estimates
================================================================
+ Timing: 
    * Summary: 
    +--------+---------+----------+------------+
    |  Clock |  Target | Estimated| Uncertainty|
    +--------+---------+----------+------------+
    |ap_clk  |  5.00 ns|  4.254 ns|     0.62 ns|
    +--------+---------+----------+------------+

+ Latency: 
    * Summary: 
    +---------+---------+-----------+-----------+-----+-----+---------+
    |  Latency (cycles) |   Latency (absolute)  |  Interval | Pipeline|
    |   min   |   max   |    min    |    max    | min | max |   Type  |
    +---------+---------+-----------+-----------+-----+-----+---------+
    |        3|        3|  15.000 ns|  15.000 ns|    1|    1|      yes|
    +---------+---------+-----------+-----------+-----+-----+---------+

    + Detail: 
        * Instance: 
        N/A

        * Loop: 
        N/A



================================================================
== Utilization Estimates
================================================================
* Summary: 
+---------------------+---------+-------+---------+---------+------+
|         Name        | BRAM_18K|  DSP  |    FF   |   LUT   | URAM |
+---------------------+---------+-------+---------+---------+------+
|DSP                  |        -|      -|        -|        -|     -|
|Expression           |        -|      -|        0|     1163|     -|
|FIFO                 |        -|      -|        -|        -|     -|
|Instance             |        -|     32|        0|      192|     -|
|Memory               |        4|      -|        0|        0|     -|
|Multiplexer          |        -|      -|        -|        -|     -|
|Register             |        -|      -|     1641|      512|     -|
+---------------------+---------+-------+---------+---------+------+
|Total                |        4|     32|     1641|     1867|     0|
+---------------------+---------+-------+---------+---------+------+
|Available SLR        |     1344|   3072|   864000|   432000|   320|
+---------------------+---------+-------+---------+---------+------+
|Utilization SLR (%)  |       ~0|      1|       ~0|       ~0|     0|
+---------------------+---------+-------+---------+---------+------+
|Available            |     5376|  12288|  3456000|  1728000|  1280|
+---------------------+---------+-------+---------+---------+------+
|Utilization (%)      |       ~0|     ~0|       ~0|       ~0|     0|
+---------------------+---------+-------+---------+---------+------+

+ Detail: 
    * Instance: 
    +-------------------------+---------------------+---------+----+---+----+-----+
    |         Instance        |        Module       | BRAM_18K| DSP| FF| LUT| URAM|
    +-------------------------+---------------------+---------+----+---+----+-----+
    |mul_19s_15ns_34_1_1_U17  |mul_19s_15ns_34_1_1  |        0|   1|  0|   6|    0|
    |mul_19s_15ns_34_1_1_U18  |mul_19s_15ns_34_1_1  |        0|   1|  0|   6|    0|
    |mul_19s_15ns_34_1_1_U19  |mul_19s_15ns_34_1_1  |        0|   1|  0|   6|    0|
    |mul_19s_15ns_34_1_1_U20  |mul_19s_15ns_34_1_1  |        0|   1|  0|   6|    0|
    |mul_19s_15ns_34_1_1_U21  |mul_19s_15ns_34_1_1  |        0|   1|  0|   6|    0|
    |mul_19s_15ns_34_1_1_U22  |mul_19s_15ns_34_1_1  |        0|   1|  0|   6|    0|
    |mul_19s_15ns_34_1_1_U23  |mul_19s_15ns_34_1_1  |        0|   1|  0|   6|    0|
    |mul_19s_15ns_34_1_1_U24  |mul_19s_15ns_34_1_1  |        0|   1|  0|   6|    0|
    |mul_19s_15ns_34_1_1_U25  |mul_19s_15ns_34_1_1  |        0|   1|  0|   6|    0|
    |mul_19s_15ns_34_1_1_U26  |mul_19s_15ns_34_1_1  |        0|   1|  0|   6|    0|
    |mul_19s_15ns_34_1_1_U27  |mul_19s_15ns_34_1_1  |        0|   1|  0|   6|    0|
    |mul_19s_15ns_34_1_1_U28  |mul_19s_15ns_34_1_1  |        0|   1|  0|   6|    0|
    |mul_19s_15ns_34_1_1_U29  |mul_19s_15ns_34_1_1  |        0|   1|  0|   6|    0|
    |mul_19s_15ns_34_1_1_U30  |mul_19s_15ns_34_1_1  |        0|   1|  0|   6|    0|
    |mul_19s_15ns_34_1_1_U31  |mul_19s_15ns_34_1_1  |        0|   1|  0|   6|    0|
    |mul_19s_15ns_34_1_1_U32  |mul_19s_15ns_34_1_1  |        0|   1|  0|   6|    0|
    |mul_19s_19s_32_1_1_U1    |mul_19s_19s_32_1_1   |        0|   1|  0|   6|    0|
    |mul_19s_19s_32_1_1_U2    |mul_19s_19s_32_1_1   |        0|   1|  0|   6|    0|
    |mul_19s_19s_32_1_1_U3    |mul_19s_19s_32_1_1   |        0|   1|  0|   6|    0|
    |mul_19s_19s_32_1_1_U4    |mul_19s_19s_32_1_1   |        0|   1|  0|   6|    0|
    |mul_19s_19s_32_1_1_U5    |mul_19s_19s_32_1_1   |        0|   1|  0|   6|    0|
    |mul_19s_19s_32_1_1_U6    |mul_19s_19s_32_1_1   |        0|   1|  0|   6|    0|
    |mul_19s_19s_32_1_1_U7    |mul_19s_19s_32_1_1   |        0|   1|  0|   6|    0|
    |mul_19s_19s_32_1_1_U8    |mul_19s_19s_32_1_1   |        0|   1|  0|   6|    0|
    |mul_19s_19s_32_1_1_U9    |mul_19s_19s_32_1_1   |        0|   1|  0|   6|    0|
    |mul_19s_19s_32_1_1_U10   |mul_19s_19s_32_1_1   |        0|   1|  0|   6|    0|
    |mul_19s_19s_32_1_1_U11   |mul_19s_19s_32_1_1   |        0|   1|  0|   6|    0|
    |mul_19s_19s_32_1_1_U12   |mul_19s_19s_32_1_1   |        0|   1|  0|   6|    0|
    |mul_19s_19s_32_1_1_U13   |mul_19s_19s_32_1_1   |        0|   1|  0|   6|    0|
    |mul_19s_19s_32_1_1_U14   |mul_19s_19s_32_1_1   |        0|   1|  0|   6|    0|
    |mul_19s_19s_32_1_1_U15   |mul_19s_19s_32_1_1   |        0|   1|  0|   6|    0|
    |mul_19s_19s_32_1_1_U16   |mul_19s_19s_32_1_1   |        0|   1|  0|   6|    0|
    +-------------------------+---------------------+---------+----+---+----+-----+
    |Total                    |                     |        0|  32|  0| 192|    0|
    +-------------------------+---------------------+---------+----+---+----+-----+

    * DSP: 
    N/A

    * Memory: 
    +--------------------+----------------------------------------------------------------------------------+---------+---+----+-----+------+-----+------+-------------+
    |       Memory       |                                      Module                                      | BRAM_18K| FF| LUT| URAM| Words| Bits| Banks| W*Bits*Banks|
    +--------------------+----------------------------------------------------------------------------------+---------+---+----+-----+------+-----+------+-------------+
    |invert_sqr_table_U  |layernorm_1d_ap_fixed_16_6_5_3_0_ap_fixed_33_13_5_3_0_config2_s_invert_sqr_tabkb  |        4|  0|   0|    0|  4096|   15|     1|        61440|
    +--------------------+----------------------------------------------------------------------------------+---------+---+----+-----+------+-----+------+-------------+
    |Total               |                                                                                  |        4|  0|   0|    0|  4096|   15|     1|        61440|
    +--------------------+----------------------------------------------------------------------------------+---------+---+----+-----+------+-----+------+-------------+

    * FIFO: 
    N/A

    * Expression: 
    +-----------------------+----------+----+---+----+------------+------------+
    |     Variable Name     | Operation| DSP| FF| LUT| Bitwidth P0| Bitwidth P1|
    +-----------------------+----------+----+---+----+------------+------------+
    |add_ln79_10_fu_389_p2  |         +|   0|  0|  19|          19|          19|
    |add_ln79_11_fu_395_p2  |         +|   0|  0|  19|          19|          19|
    |add_ln79_12_fu_401_p2  |         +|   0|  0|  26|          19|          19|
    |add_ln79_13_fu_407_p2  |         +|   0|  0|  19|          19|          19|
    |add_ln79_14_fu_413_p2  |         +|   0|  0|  19|          19|          19|
    |add_ln79_1_fu_335_p2   |         +|   0|  0|  19|          19|          19|
    |add_ln79_2_fu_341_p2   |         +|   0|  0|  26|          19|          19|
    |add_ln79_3_fu_347_p2   |         +|   0|  0|  19|          19|          19|
    |add_ln79_4_fu_353_p2   |         +|   0|  0|  19|          19|          19|
    |add_ln79_5_fu_359_p2   |         +|   0|  0|  26|          19|          19|
    |add_ln79_6_fu_365_p2   |         +|   0|  0|  19|          19|          19|
    |add_ln79_7_fu_371_p2   |         +|   0|  0|  19|          19|          19|
    |add_ln79_8_fu_377_p2   |         +|   0|  0|  26|          19|          19|
    |add_ln79_9_fu_383_p2   |         +|   0|  0|  26|          19|          19|
    |add_ln79_fu_419_p2     |         +|   0|  0|  19|          19|          19|
    |add_ln87_10_fu_887_p2  |         +|   0|  0|  19|          19|          19|
    |add_ln87_11_fu_893_p2  |         +|   0|  0|  19|          19|          19|
    |add_ln87_12_fu_899_p2  |         +|   0|  0|  26|          19|          19|
    |add_ln87_13_fu_905_p2  |         +|   0|  0|  19|          19|          19|
    |add_ln87_14_fu_911_p2  |         +|   0|  0|  19|          19|          19|
    |add_ln87_1_fu_839_p2   |         +|   0|  0|  19|          19|          19|
    |add_ln87_2_fu_845_p2   |         +|   0|  0|  26|          19|          19|
    |add_ln87_3_fu_851_p2   |         +|   0|  0|  19|          19|          19|
    |add_ln87_4_fu_857_p2   |         +|   0|  0|  19|          19|          19|
    |add_ln87_5_fu_863_p2   |         +|   0|  0|  26|          19|          19|
    |add_ln87_6_fu_869_p2   |         +|   0|  0|  19|          19|          19|
    |add_ln87_7_fu_917_p2   |         +|   0|  0|  19|          19|          19|
    |add_ln87_8_fu_875_p2   |         +|   0|  0|  26|          19|          19|
    |add_ln87_9_fu_881_p2   |         +|   0|  0|  26|          19|          19|
    |add_ln87_fu_921_p2     |         +|   0|  0|  19|          19|          19|
    |add_ln91_fu_970_p2     |         +|   0|  0|  22|          15|           1|
    |sub_ln85_10_fu_499_p2  |         -|   0|  0|  26|          19|          19|
    |sub_ln85_11_fu_505_p2  |         -|   0|  0|  26|          19|          19|
    |sub_ln85_12_fu_511_p2  |         -|   0|  0|  26|          19|          19|
    |sub_ln85_13_fu_517_p2  |         -|   0|  0|  26|          19|          19|
    |sub_ln85_14_fu_523_p2  |         -|   0|  0|  26|          19|          19|
    |sub_ln85_15_fu_529_p2  |         -|   0|  0|  26|          19|          19|
    |sub_ln85_1_fu_445_p2   |         -|   0|  0|  26|          19|          19|
    |sub_ln85_2_fu_451_p2   |         -|   0|  0|  26|          19|          19|
    |sub_ln85_3_fu_457_p2   |         -|   0|  0|  26|          19|          19|
    |sub_ln85_4_fu_463_p2   |         -|   0|  0|  26|          19|          19|
    |sub_ln85_5_fu_469_p2   |         -|   0|  0|  26|          19|          19|
    |sub_ln85_6_fu_475_p2   |         -|   0|  0|  26|          19|          19|
    |sub_ln85_7_fu_481_p2   |         -|   0|  0|  26|          19|          19|
    |sub_ln85_8_fu_487_p2   |         -|   0|  0|  26|          19|          19|
    |sub_ln85_9_fu_493_p2   |         -|   0|  0|  26|          19|          19|
    |sub_ln85_fu_439_p2     |         -|   0|  0|  26|          19|          19|
    |icmp_ln91_fu_964_p2    |      icmp|   0|  0|  20|          13|           1|
    |icmp_ln94_fu_1026_p2   |      icmp|   0|  0|   9|           2|           1|
    |index_1_fu_1004_p3     |    select|   0|  0|  14|           1|           1|
    |index_2_fu_1032_p3     |    select|   0|  0|  12|           1|           2|
    |index_fu_984_p3        |    select|   0|  0|  15|           1|          15|
    |select_ln91_fu_976_p3  |    select|   0|  0|  15|           1|          15|
    +-----------------------+----------+----+---+----+------------+------------+
    |Total                  |          |   0|  0|1163|         908|         910|
    +-----------------------+----------+----+---+----+------------+------------+

    * Multiplexer: 
    N/A

    * Register: 
    +----------------------+----+----+-----+-----------+
    |         Name         | FF | LUT| Bits| Const Bits|
    +----------------------+----+----+-----+-----------+
    |add_ln87_14_reg_1619  |  19|   0|   19|          0|
    |add_ln87_3_reg_1609   |  19|   0|   19|          0|
    |add_ln87_6_reg_1614   |  19|   0|   19|          0|
    |data_0_val_int_reg    |  16|   0|   16|          0|
    |data_10_val_int_reg   |  16|   0|   16|          0|
    |data_11_val_int_reg   |  16|   0|   16|          0|
    |data_12_val_int_reg   |  16|   0|   16|          0|
    |data_13_val_int_reg   |  16|   0|   16|          0|
    |data_14_val_int_reg   |  16|   0|   16|          0|
    |data_15_val_int_reg   |  16|   0|   16|          0|
    |data_1_val_int_reg    |  16|   0|   16|          0|
    |data_2_val_int_reg    |  16|   0|   16|          0|
    |data_3_val_int_reg    |  16|   0|   16|          0|
    |data_4_val_int_reg    |  16|   0|   16|          0|
    |data_5_val_int_reg    |  16|   0|   16|          0|
    |data_6_val_int_reg    |  16|   0|   16|          0|
    |data_7_val_int_reg    |  16|   0|   16|          0|
    |data_8_val_int_reg    |  16|   0|   16|          0|
    |data_9_val_int_reg    |  16|   0|   16|          0|
    |sub_ln85_10_reg_1573  |  19|   0|   19|          0|
    |sub_ln85_11_reg_1579  |  19|   0|   19|          0|
    |sub_ln85_12_reg_1585  |  19|   0|   19|          0|
    |sub_ln85_13_reg_1591  |  19|   0|   19|          0|
    |sub_ln85_14_reg_1597  |  19|   0|   19|          0|
    |sub_ln85_15_reg_1603  |  19|   0|   19|          0|
    |sub_ln85_1_reg_1519   |  19|   0|   19|          0|
    |sub_ln85_2_reg_1525   |  19|   0|   19|          0|
    |sub_ln85_3_reg_1531   |  19|   0|   19|          0|
    |sub_ln85_4_reg_1537   |  19|   0|   19|          0|
    |sub_ln85_5_reg_1543   |  19|   0|   19|          0|
    |sub_ln85_6_reg_1549   |  19|   0|   19|          0|
    |sub_ln85_7_reg_1555   |  19|   0|   19|          0|
    |sub_ln85_8_reg_1561   |  19|   0|   19|          0|
    |sub_ln85_9_reg_1567   |  19|   0|   19|          0|
    |sub_ln85_reg_1513     |  19|   0|   19|          0|
    |sub_ln85_10_reg_1573  |  64|  32|   19|          0|
    |sub_ln85_11_reg_1579  |  64|  32|   19|          0|
    |sub_ln85_12_reg_1585  |  64|  32|   19|          0|
    |sub_ln85_13_reg_1591  |  64|  32|   19|          0|
    |sub_ln85_14_reg_1597  |  64|  32|   19|          0|
    |sub_ln85_15_reg_1603  |  64|  32|   19|          0|
    |sub_ln85_1_reg_1519   |  64|  32|   19|          0|
    |sub_ln85_2_reg_1525   |  64|  32|   19|          0|
    |sub_ln85_3_reg_1531   |  64|  32|   19|          0|
    |sub_ln85_4_reg_1537   |  64|  32|   19|          0|
    |sub_ln85_5_reg_1543   |  64|  32|   19|          0|
    |sub_ln85_6_reg_1549   |  64|  32|   19|          0|
    |sub_ln85_7_reg_1555   |  64|  32|   19|          0|
    |sub_ln85_8_reg_1561   |  64|  32|   19|          0|
    |sub_ln85_9_reg_1567   |  64|  32|   19|          0|
    |sub_ln85_reg_1513     |  64|  32|   19|          0|
    +----------------------+----+----+-----+-----------+
    |Total                 |1641| 512|  921|          0|
    +----------------------+----+----+-----+-----------+



================================================================
== Interface
================================================================
* Summary: 
+--------------+-----+-----+------------+----------------------------------------------------------------------------+--------------+
|   RTL Ports  | Dir | Bits|  Protocol  |                                Source Object                               |    C Type    |
+--------------+-----+-----+------------+----------------------------------------------------------------------------+--------------+
|ap_clk        |   in|    1|  ap_ctrl_hs|  layernorm_1d<ap_fixed<16, 6, 5, 3, 0>, ap_fixed<33, 13, 5, 3, 0>, config2>|  return value|
|ap_rst        |   in|    1|  ap_ctrl_hs|  layernorm_1d<ap_fixed<16, 6, 5, 3, 0>, ap_fixed<33, 13, 5, 3, 0>, config2>|  return value|
|ap_return_0   |  out|   33|  ap_ctrl_hs|  layernorm_1d<ap_fixed<16, 6, 5, 3, 0>, ap_fixed<33, 13, 5, 3, 0>, config2>|  return value|
|ap_return_1   |  out|   33|  ap_ctrl_hs|  layernorm_1d<ap_fixed<16, 6, 5, 3, 0>, ap_fixed<33, 13, 5, 3, 0>, config2>|  return value|
|ap_return_2   |  out|   33|  ap_ctrl_hs|  layernorm_1d<ap_fixed<16, 6, 5, 3, 0>, ap_fixed<33, 13, 5, 3, 0>, config2>|  return value|
|ap_return_3   |  out|   33|  ap_ctrl_hs|  layernorm_1d<ap_fixed<16, 6, 5, 3, 0>, ap_fixed<33, 13, 5, 3, 0>, config2>|  return value|
|ap_return_4   |  out|   33|  ap_ctrl_hs|  layernorm_1d<ap_fixed<16, 6, 5, 3, 0>, ap_fixed<33, 13, 5, 3, 0>, config2>|  return value|
|ap_return_5   |  out|   33|  ap_ctrl_hs|  layernorm_1d<ap_fixed<16, 6, 5, 3, 0>, ap_fixed<33, 13, 5, 3, 0>, config2>|  return value|
|ap_return_6   |  out|   33|  ap_ctrl_hs|  layernorm_1d<ap_fixed<16, 6, 5, 3, 0>, ap_fixed<33, 13, 5, 3, 0>, config2>|  return value|
|ap_return_7   |  out|   33|  ap_ctrl_hs|  layernorm_1d<ap_fixed<16, 6, 5, 3, 0>, ap_fixed<33, 13, 5, 3, 0>, config2>|  return value|
|ap_return_8   |  out|   33|  ap_ctrl_hs|  layernorm_1d<ap_fixed<16, 6, 5, 3, 0>, ap_fixed<33, 13, 5, 3, 0>, config2>|  return value|
|ap_return_9   |  out|   33|  ap_ctrl_hs|  layernorm_1d<ap_fixed<16, 6, 5, 3, 0>, ap_fixed<33, 13, 5, 3, 0>, config2>|  return value|
|ap_return_10  |  out|   33|  ap_ctrl_hs|  layernorm_1d<ap_fixed<16, 6, 5, 3, 0>, ap_fixed<33, 13, 5, 3, 0>, config2>|  return value|
|ap_return_11  |  out|   33|  ap_ctrl_hs|  layernorm_1d<ap_fixed<16, 6, 5, 3, 0>, ap_fixed<33, 13, 5, 3, 0>, config2>|  return value|
|ap_return_12  |  out|   33|  ap_ctrl_hs|  layernorm_1d<ap_fixed<16, 6, 5, 3, 0>, ap_fixed<33, 13, 5, 3, 0>, config2>|  return value|
|ap_return_13  |  out|   33|  ap_ctrl_hs|  layernorm_1d<ap_fixed<16, 6, 5, 3, 0>, ap_fixed<33, 13, 5, 3, 0>, config2>|  return value|
|ap_return_14  |  out|   33|  ap_ctrl_hs|  layernorm_1d<ap_fixed<16, 6, 5, 3, 0>, ap_fixed<33, 13, 5, 3, 0>, config2>|  return value|
|ap_return_15  |  out|   33|  ap_ctrl_hs|  layernorm_1d<ap_fixed<16, 6, 5, 3, 0>, ap_fixed<33, 13, 5, 3, 0>, config2>|  return value|
|ap_ce         |   in|    1|  ap_ctrl_hs|  layernorm_1d<ap_fixed<16, 6, 5, 3, 0>, ap_fixed<33, 13, 5, 3, 0>, config2>|  return value|
|data_0_val    |   in|   16|     ap_none|                                                                  data_0_val|        scalar|
|data_1_val    |   in|   16|     ap_none|                                                                  data_1_val|        scalar|
|data_2_val    |   in|   16|     ap_none|                                                                  data_2_val|        scalar|
|data_3_val    |   in|   16|     ap_none|                                                                  data_3_val|        scalar|
|data_4_val    |   in|   16|     ap_none|                                                                  data_4_val|        scalar|
|data_5_val    |   in|   16|     ap_none|                                                                  data_5_val|        scalar|
|data_6_val    |   in|   16|     ap_none|                                                                  data_6_val|        scalar|
|data_7_val    |   in|   16|     ap_none|                                                                  data_7_val|        scalar|
|data_8_val    |   in|   16|     ap_none|                                                                  data_8_val|        scalar|
|data_9_val    |   in|   16|     ap_none|                                                                  data_9_val|        scalar|
|data_10_val   |   in|   16|     ap_none|                                                                 data_10_val|        scalar|
|data_11_val   |   in|   16|     ap_none|                                                                 data_11_val|        scalar|
|data_12_val   |   in|   16|     ap_none|                                                                 data_12_val|        scalar|
|data_13_val   |   in|   16|     ap_none|                                                                 data_13_val|        scalar|
|data_14_val   |   in|   16|     ap_none|                                                                 data_14_val|        scalar|
|data_15_val   |   in|   16|     ap_none|                                                                 data_15_val|        scalar|
+--------------+-----+-----+------------+----------------------------------------------------------------------------+--------------+

