

================================================================
== Vitis HLS Report for 'dense_out_ap_fixed_33_13_5_3_0_ap_fixed_33_13_5_3_0_config3_s'
================================================================
* Date:           Tue Jan 14 08:08:57 2025

* Version:        2023.2 (Build 4023990 on Oct 11 2023)
* Project:        myproject_prj
* Solution:       solution1 (Vivado IP Flow Target)
* Product family: virtexuplus
* Target device:  xcvu13p-flga2577-2-e


================================================================
== Performance Estimates
================================================================
+ Timing: 
    * Summary: 
    +--------+---------+----------+------------+
    |  Clock |  Target | Estimated| Uncertainty|
    +--------+---------+----------+------------+
    |ap_clk  |  5.00 ns|  3.649 ns|     1.35 ns|
    +--------+---------+----------+------------+

+ Latency: 
    * Summary: 
    +---------+---------+----------+----------+-----+-----+---------+
    |  Latency (cycles) |  Latency (absolute) |  Interval | Pipeline|
    |   min   |   max   |    min   |    max   | min | max |   Type  |
    +---------+---------+----------+----------+-----+-----+---------+
    |       21|       21|  0.105 us|  0.105 us|   21|   21|       no|
    +---------+---------+----------+----------+-----+-----+---------+

    + Detail: 
        * Instance: 
        +--------------------------------------------------------------------------------+---------------------------------------------------------------------+---------+---------+----------+----------+-----+-----+---------+
        |                                                                                |                                                                     |  Latency (cycles) |  Latency (absolute) |  Interval | Pipeline|
        |                                    Instance                                    |                                Module                               |   min   |   max   |    min   |    max   | min | max |   Type  |
        +--------------------------------------------------------------------------------+---------------------------------------------------------------------+---------+---------+----------+----------+-----+-----+---------+
        |grp_dense_latency_ap_fixed_33_13_5_3_0_ap_fixed_33_13_5_3_0_config3_2_s_fu_768  |dense_latency_ap_fixed_33_13_5_3_0_ap_fixed_33_13_5_3_0_config3_2_s  |        1|        1|  5.000 ns|  5.000 ns|    1|    1|      yes|
        +--------------------------------------------------------------------------------+---------------------------------------------------------------------+---------+---------+----------+----------+-----+-----+---------+

        * Loop: 
        N/A



================================================================
== Utilization Estimates
================================================================
* Summary: 
+---------------------+---------+-------+---------+---------+------+
|         Name        | BRAM_18K|  DSP  |    FF   |   LUT   | URAM |
+---------------------+---------+-------+---------+---------+------+
|DSP                  |        -|      -|        -|        -|     -|
|Expression           |        -|      -|        0|        4|     -|
|FIFO                 |        -|      -|        -|        -|     -|
|Instance             |        -|     28|      349|      685|     -|
|Memory               |        -|      -|        -|        -|     -|
|Multiplexer          |        -|      -|        -|      878|     -|
|Register             |        -|      -|     2795|        -|     -|
+---------------------+---------+-------+---------+---------+------+
|Total                |        0|     28|     3144|     1567|     0|
+---------------------+---------+-------+---------+---------+------+
|Available SLR        |     1344|   3072|   864000|   432000|   320|
+---------------------+---------+-------+---------+---------+------+
|Utilization SLR (%)  |        0|     ~0|       ~0|       ~0|     0|
+---------------------+---------+-------+---------+---------+------+
|Available            |     5376|  12288|  3456000|  1728000|  1280|
+---------------------+---------+-------+---------+---------+------+
|Utilization (%)      |        0|     ~0|       ~0|       ~0|     0|
+---------------------+---------+-------+---------+---------+------+

+ Detail: 
    * Instance: 
    +--------------------------------------------------------------------------------+---------------------------------------------------------------------+---------+----+-----+-----+-----+
    |                                    Instance                                    |                                Module                               | BRAM_18K| DSP|  FF | LUT | URAM|
    +--------------------------------------------------------------------------------+---------------------------------------------------------------------+---------+----+-----+-----+-----+
    |grp_dense_latency_ap_fixed_33_13_5_3_0_ap_fixed_33_13_5_3_0_config3_2_s_fu_768  |dense_latency_ap_fixed_33_13_5_3_0_ap_fixed_33_13_5_3_0_config3_2_s  |        0|  28|  349|  685|    0|
    +--------------------------------------------------------------------------------+---------------------------------------------------------------------+---------+----+-----+-----+-----+
    |Total                                                                           |                                                                     |        0|  28|  349|  685|    0|
    +--------------------------------------------------------------------------------+---------------------------------------------------------------------+---------+----+-----+-----+-----+

    * DSP: 
    N/A

    * Memory: 
    N/A

    * FIFO: 
    N/A

    * Expression: 
    +------------------+----------+----+---+----+------------+------------+
    |   Variable Name  | Operation| DSP| FF| LUT| Bitwidth P0| Bitwidth P1|
    +------------------+----------+----+---+----+------------+------------+
    |ap_block_state1   |        or|   0|  0|   2|           1|           1|
    |ap_block_state10  |        or|   0|  0|   2|           1|           1|
    +------------------+----------+----+---+----+------------+------------+
    |Total             |          |   0|  0|   4|           2|           2|
    +------------------+----------+----+---+----+------------+------------+

    * Multiplexer: 
    +--------------------+-----+-----------+-----+-----------+
    |        Name        | LUT | Input Size| Bits| Total Bits|
    +--------------------+-----+-----------+-----+-----------+
    |ap_NS_fsm           |  113|         23|    1|         23|
    |ap_done             |    9|          2|    1|          2|
    |layer3_out_0        |    9|          2|   33|         66|
    |layer3_out_1        |    9|          2|   33|         66|
    |layer3_out_10       |    9|          2|   33|         66|
    |layer3_out_11       |    9|          2|   33|         66|
    |layer3_out_12       |    9|          2|   33|         66|
    |layer3_out_13       |    9|          2|   33|         66|
    |layer3_out_14       |    9|          2|   33|         66|
    |layer3_out_15       |    9|          2|   33|         66|
    |layer3_out_16       |    9|          2|   33|         66|
    |layer3_out_17       |    9|          2|   33|         66|
    |layer3_out_18       |    9|          2|   33|         66|
    |layer3_out_19       |    9|          2|   33|         66|
    |layer3_out_2        |    9|          2|   33|         66|
    |layer3_out_20       |    9|          2|   33|         66|
    |layer3_out_21       |    9|          2|   33|         66|
    |layer3_out_22       |    9|          2|   33|         66|
    |layer3_out_23       |    9|          2|   33|         66|
    |layer3_out_24       |    9|          2|   33|         66|
    |layer3_out_25       |    9|          2|   33|         66|
    |layer3_out_26       |    9|          2|   33|         66|
    |layer3_out_27       |    9|          2|   33|         66|
    |layer3_out_28       |    9|          2|   33|         66|
    |layer3_out_29       |    9|          2|   33|         66|
    |layer3_out_3        |    9|          2|   33|         66|
    |layer3_out_30       |    9|          2|   33|         66|
    |layer3_out_31       |    9|          2|   33|         66|
    |layer3_out_32       |    9|          2|   33|         66|
    |layer3_out_33       |    9|          2|   33|         66|
    |layer3_out_34       |    9|          2|   33|         66|
    |layer3_out_35       |    9|          2|   33|         66|
    |layer3_out_36       |    9|          2|   33|         66|
    |layer3_out_37       |    9|          2|   33|         66|
    |layer3_out_38       |    9|          2|   33|         66|
    |layer3_out_39       |    9|          2|   33|         66|
    |layer3_out_4        |    9|          2|   33|         66|
    |layer3_out_40       |    9|          2|   33|         66|
    |layer3_out_41       |    9|          2|   33|         66|
    |layer3_out_42       |    9|          2|   33|         66|
    |layer3_out_43       |    9|          2|   33|         66|
    |layer3_out_44       |    9|          2|   33|         66|
    |layer3_out_45       |    9|          2|   33|         66|
    |layer3_out_46       |    9|          2|   33|         66|
    |layer3_out_47       |    9|          2|   33|         66|
    |layer3_out_48       |    9|          2|   33|         66|
    |layer3_out_49       |    9|          2|   33|         66|
    |layer3_out_5        |    9|          2|   33|         66|
    |layer3_out_50       |    9|          2|   33|         66|
    |layer3_out_51       |    9|          2|   33|         66|
    |layer3_out_52       |    9|          2|   33|         66|
    |layer3_out_53       |    9|          2|   33|         66|
    |layer3_out_54       |    9|          2|   33|         66|
    |layer3_out_55       |    9|          2|   33|         66|
    |layer3_out_56       |    9|          2|   33|         66|
    |layer3_out_57       |    9|          2|   33|         66|
    |layer3_out_58       |    9|          2|   33|         66|
    |layer3_out_59       |    9|          2|   33|         66|
    |layer3_out_6        |    9|          2|   33|         66|
    |layer3_out_60       |    9|          2|   33|         66|
    |layer3_out_61       |    9|          2|   33|         66|
    |layer3_out_62       |    9|          2|   33|         66|
    |layer3_out_63       |    9|          2|   33|         66|
    |layer3_out_64       |    9|          2|   33|         66|
    |layer3_out_65       |    9|          2|   33|         66|
    |layer3_out_66       |    9|          2|   33|         66|
    |layer3_out_67       |    9|          2|   33|         66|
    |layer3_out_68       |    9|          2|   33|         66|
    |layer3_out_69       |    9|          2|   33|         66|
    |layer3_out_7        |    9|          2|   33|         66|
    |layer3_out_70       |    9|          2|   33|         66|
    |layer3_out_71       |    9|          2|   33|         66|
    |layer3_out_72       |    9|          2|   33|         66|
    |layer3_out_73       |    9|          2|   33|         66|
    |layer3_out_74       |    9|          2|   33|         66|
    |layer3_out_75       |    9|          2|   33|         66|
    |layer3_out_76       |    9|          2|   33|         66|
    |layer3_out_77       |    9|          2|   33|         66|
    |layer3_out_78       |    9|          2|   33|         66|
    |layer3_out_79       |    9|          2|   33|         66|
    |layer3_out_8        |    9|          2|   33|         66|
    |layer3_out_9        |    9|          2|   33|         66|
    |matr_out_0_0_blk_n  |    9|          2|    1|          2|
    |matr_out_0_1_blk_n  |    9|          2|    1|          2|
    |matr_out_1_0_blk_n  |    9|          2|    1|          2|
    |matr_out_1_1_blk_n  |    9|          2|    1|          2|
    +--------------------+-----+-----------+-----+-----------+
    |Total               |  878|        193| 2646|       5313|
    +--------------------+-----+-----------+-----+-----------+

    * Register: 
    +--------------------+----+----+-----+-----------+
    |        Name        | FF | LUT| Bits| Const Bits|
    +--------------------+----+----+-----+-----------+
    |ap_CS_fsm           |  22|   0|   22|          0|
    |ap_done_reg         |   1|   0|    1|          0|
    |layer3_out_0_preg   |  33|   0|   33|          0|
    |layer3_out_10_preg  |  33|   0|   33|          0|
    |layer3_out_11_preg  |  33|   0|   33|          0|
    |layer3_out_12_preg  |  33|   0|   33|          0|
    |layer3_out_13_preg  |  33|   0|   33|          0|
    |layer3_out_14_preg  |  33|   0|   33|          0|
    |layer3_out_15_preg  |  33|   0|   33|          0|
    |layer3_out_16_preg  |  33|   0|   33|          0|
    |layer3_out_17_preg  |  33|   0|   33|          0|
    |layer3_out_18_preg  |  33|   0|   33|          0|
    |layer3_out_19_preg  |  33|   0|   33|          0|
    |layer3_out_1_preg   |  33|   0|   33|          0|
    |layer3_out_20_preg  |  33|   0|   33|          0|
    |layer3_out_21_preg  |  33|   0|   33|          0|
    |layer3_out_22_preg  |  33|   0|   33|          0|
    |layer3_out_23_preg  |  33|   0|   33|          0|
    |layer3_out_24_preg  |  33|   0|   33|          0|
    |layer3_out_25_preg  |  33|   0|   33|          0|
    |layer3_out_26_preg  |  33|   0|   33|          0|
    |layer3_out_27_preg  |  33|   0|   33|          0|
    |layer3_out_28_preg  |  33|   0|   33|          0|
    |layer3_out_29_preg  |  33|   0|   33|          0|
    |layer3_out_2_preg   |  33|   0|   33|          0|
    |layer3_out_30_preg  |  33|   0|   33|          0|
    |layer3_out_31_preg  |  33|   0|   33|          0|
    |layer3_out_32_preg  |  33|   0|   33|          0|
    |layer3_out_33_preg  |  33|   0|   33|          0|
    |layer3_out_34_preg  |  33|   0|   33|          0|
    |layer3_out_35_preg  |  33|   0|   33|          0|
    |layer3_out_36_preg  |  33|   0|   33|          0|
    |layer3_out_37_preg  |  33|   0|   33|          0|
    |layer3_out_38_preg  |  33|   0|   33|          0|
    |layer3_out_39_preg  |  33|   0|   33|          0|
    |layer3_out_3_preg   |  33|   0|   33|          0|
    |layer3_out_40_preg  |  33|   0|   33|          0|
    |layer3_out_41_preg  |  33|   0|   33|          0|
    |layer3_out_42_preg  |  33|   0|   33|          0|
    |layer3_out_43_preg  |  33|   0|   33|          0|
    |layer3_out_44_preg  |  33|   0|   33|          0|
    |layer3_out_45_preg  |  33|   0|   33|          0|
    |layer3_out_46_preg  |  33|   0|   33|          0|
    |layer3_out_47_preg  |  33|   0|   33|          0|
    |layer3_out_48_preg  |  33|   0|   33|          0|
    |layer3_out_49_preg  |  33|   0|   33|          0|
    |layer3_out_4_preg   |  33|   0|   33|          0|
    |layer3_out_50_preg  |  33|   0|   33|          0|
    |layer3_out_51_preg  |  33|   0|   33|          0|
    |layer3_out_52_preg  |  33|   0|   33|          0|
    |layer3_out_53_preg  |  33|   0|   33|          0|
    |layer3_out_54_preg  |  33|   0|   33|          0|
    |layer3_out_55_preg  |  33|   0|   33|          0|
    |layer3_out_56_preg  |  33|   0|   33|          0|
    |layer3_out_57_preg  |  33|   0|   33|          0|
    |layer3_out_58_preg  |  33|   0|   33|          0|
    |layer3_out_59_preg  |  33|   0|   33|          0|
    |layer3_out_5_preg   |  33|   0|   33|          0|
    |layer3_out_60_preg  |  33|   0|   33|          0|
    |layer3_out_61_preg  |  33|   0|   33|          0|
    |layer3_out_62_preg  |  33|   0|   33|          0|
    |layer3_out_63_preg  |  33|   0|   33|          0|
    |layer3_out_64_preg  |  33|   0|   33|          0|
    |layer3_out_65_preg  |  33|   0|   33|          0|
    |layer3_out_66_preg  |  33|   0|   33|          0|
    |layer3_out_67_preg  |  33|   0|   33|          0|
    |layer3_out_68_preg  |  33|   0|   33|          0|
    |layer3_out_69_preg  |  33|   0|   33|          0|
    |layer3_out_6_preg   |  33|   0|   33|          0|
    |layer3_out_70_preg  |  33|   0|   33|          0|
    |layer3_out_71_preg  |  33|   0|   33|          0|
    |layer3_out_72_preg  |  33|   0|   33|          0|
    |layer3_out_73_preg  |  33|   0|   33|          0|
    |layer3_out_74_preg  |  33|   0|   33|          0|
    |layer3_out_75_preg  |  33|   0|   33|          0|
    |layer3_out_76_preg  |  33|   0|   33|          0|
    |layer3_out_77_preg  |  33|   0|   33|          0|
    |layer3_out_78_preg  |  33|   0|   33|          0|
    |layer3_out_79_preg  |  33|   0|   33|          0|
    |layer3_out_7_preg   |  33|   0|   33|          0|
    |layer3_out_8_preg   |  33|   0|   33|          0|
    |layer3_out_9_preg   |  33|   0|   33|          0|
    |reg_872             |  33|   0|   33|          0|
    |reg_877             |  33|   0|   33|          0|
    |reg_882             |  33|   0|   33|          0|
    |reg_887             |  33|   0|   33|          0|
    +--------------------+----+----+-----+-----------+
    |Total               |2795|   0| 2795|          0|
    +--------------------+----+----+-----+-----------+



================================================================
== Interface
================================================================
* Summary: 
+-----------------------------+-----+-----+------------+--------------------------------------------------------------------------+--------------+
|          RTL Ports          | Dir | Bits|  Protocol  |                               Source Object                              |    C Type    |
+-----------------------------+-----+-----+------------+--------------------------------------------------------------------------+--------------+
|ap_clk                       |   in|    1|  ap_ctrl_hs|  dense_out<ap_fixed<33, 13, 5, 3, 0>, ap_fixed<33, 13, 5, 3, 0>, config3>|  return value|
|ap_rst                       |   in|    1|  ap_ctrl_hs|  dense_out<ap_fixed<33, 13, 5, 3, 0>, ap_fixed<33, 13, 5, 3, 0>, config3>|  return value|
|ap_start                     |   in|    1|  ap_ctrl_hs|  dense_out<ap_fixed<33, 13, 5, 3, 0>, ap_fixed<33, 13, 5, 3, 0>, config3>|  return value|
|ap_done                      |  out|    1|  ap_ctrl_hs|  dense_out<ap_fixed<33, 13, 5, 3, 0>, ap_fixed<33, 13, 5, 3, 0>, config3>|  return value|
|ap_continue                  |   in|    1|  ap_ctrl_hs|  dense_out<ap_fixed<33, 13, 5, 3, 0>, ap_fixed<33, 13, 5, 3, 0>, config3>|  return value|
|ap_idle                      |  out|    1|  ap_ctrl_hs|  dense_out<ap_fixed<33, 13, 5, 3, 0>, ap_fixed<33, 13, 5, 3, 0>, config3>|  return value|
|ap_ready                     |  out|    1|  ap_ctrl_hs|  dense_out<ap_fixed<33, 13, 5, 3, 0>, ap_fixed<33, 13, 5, 3, 0>, config3>|  return value|
|matr_out_0_0_dout            |   in|   33|     ap_fifo|                                                              matr_out_0_0|       pointer|
|matr_out_0_0_num_data_valid  |   in|    3|     ap_fifo|                                                              matr_out_0_0|       pointer|
|matr_out_0_0_fifo_cap        |   in|    3|     ap_fifo|                                                              matr_out_0_0|       pointer|
|matr_out_0_0_empty_n         |   in|    1|     ap_fifo|                                                              matr_out_0_0|       pointer|
|matr_out_0_0_read            |  out|    1|     ap_fifo|                                                              matr_out_0_0|       pointer|
|matr_out_0_1_dout            |   in|   33|     ap_fifo|                                                              matr_out_0_1|       pointer|
|matr_out_0_1_num_data_valid  |   in|    3|     ap_fifo|                                                              matr_out_0_1|       pointer|
|matr_out_0_1_fifo_cap        |   in|    3|     ap_fifo|                                                              matr_out_0_1|       pointer|
|matr_out_0_1_empty_n         |   in|    1|     ap_fifo|                                                              matr_out_0_1|       pointer|
|matr_out_0_1_read            |  out|    1|     ap_fifo|                                                              matr_out_0_1|       pointer|
|matr_out_1_0_dout            |   in|   33|     ap_fifo|                                                              matr_out_1_0|       pointer|
|matr_out_1_0_num_data_valid  |   in|    3|     ap_fifo|                                                              matr_out_1_0|       pointer|
|matr_out_1_0_fifo_cap        |   in|    3|     ap_fifo|                                                              matr_out_1_0|       pointer|
|matr_out_1_0_empty_n         |   in|    1|     ap_fifo|                                                              matr_out_1_0|       pointer|
|matr_out_1_0_read            |  out|    1|     ap_fifo|                                                              matr_out_1_0|       pointer|
|matr_out_1_1_dout            |   in|   33|     ap_fifo|                                                              matr_out_1_1|       pointer|
|matr_out_1_1_num_data_valid  |   in|    3|     ap_fifo|                                                              matr_out_1_1|       pointer|
|matr_out_1_1_fifo_cap        |   in|    3|     ap_fifo|                                                              matr_out_1_1|       pointer|
|matr_out_1_1_empty_n         |   in|    1|     ap_fifo|                                                              matr_out_1_1|       pointer|
|matr_out_1_1_read            |  out|    1|     ap_fifo|                                                              matr_out_1_1|       pointer|
|layer3_out_0                 |  out|   33|      ap_vld|                                                              layer3_out_0|       pointer|
|layer3_out_0_ap_vld          |  out|    1|      ap_vld|                                                              layer3_out_0|       pointer|
|layer3_out_1                 |  out|   33|      ap_vld|                                                              layer3_out_1|       pointer|
|layer3_out_1_ap_vld          |  out|    1|      ap_vld|                                                              layer3_out_1|       pointer|
|layer3_out_2                 |  out|   33|      ap_vld|                                                              layer3_out_2|       pointer|
|layer3_out_2_ap_vld          |  out|    1|      ap_vld|                                                              layer3_out_2|       pointer|
|layer3_out_3                 |  out|   33|      ap_vld|                                                              layer3_out_3|       pointer|
|layer3_out_3_ap_vld          |  out|    1|      ap_vld|                                                              layer3_out_3|       pointer|
|layer3_out_4                 |  out|   33|      ap_vld|                                                              layer3_out_4|       pointer|
|layer3_out_4_ap_vld          |  out|    1|      ap_vld|                                                              layer3_out_4|       pointer|
|layer3_out_5                 |  out|   33|      ap_vld|                                                              layer3_out_5|       pointer|
|layer3_out_5_ap_vld          |  out|    1|      ap_vld|                                                              layer3_out_5|       pointer|
|layer3_out_6                 |  out|   33|      ap_vld|                                                              layer3_out_6|       pointer|
|layer3_out_6_ap_vld          |  out|    1|      ap_vld|                                                              layer3_out_6|       pointer|
|layer3_out_7                 |  out|   33|      ap_vld|                                                              layer3_out_7|       pointer|
|layer3_out_7_ap_vld          |  out|    1|      ap_vld|                                                              layer3_out_7|       pointer|
|layer3_out_8                 |  out|   33|      ap_vld|                                                              layer3_out_8|       pointer|
|layer3_out_8_ap_vld          |  out|    1|      ap_vld|                                                              layer3_out_8|       pointer|
|layer3_out_9                 |  out|   33|      ap_vld|                                                              layer3_out_9|       pointer|
|layer3_out_9_ap_vld          |  out|    1|      ap_vld|                                                              layer3_out_9|       pointer|
|layer3_out_10                |  out|   33|      ap_vld|                                                             layer3_out_10|       pointer|
|layer3_out_10_ap_vld         |  out|    1|      ap_vld|                                                             layer3_out_10|       pointer|
|layer3_out_11                |  out|   33|      ap_vld|                                                             layer3_out_11|       pointer|
|layer3_out_11_ap_vld         |  out|    1|      ap_vld|                                                             layer3_out_11|       pointer|
|layer3_out_12                |  out|   33|      ap_vld|                                                             layer3_out_12|       pointer|
|layer3_out_12_ap_vld         |  out|    1|      ap_vld|                                                             layer3_out_12|       pointer|
|layer3_out_13                |  out|   33|      ap_vld|                                                             layer3_out_13|       pointer|
|layer3_out_13_ap_vld         |  out|    1|      ap_vld|                                                             layer3_out_13|       pointer|
|layer3_out_14                |  out|   33|      ap_vld|                                                             layer3_out_14|       pointer|
|layer3_out_14_ap_vld         |  out|    1|      ap_vld|                                                             layer3_out_14|       pointer|
|layer3_out_15                |  out|   33|      ap_vld|                                                             layer3_out_15|       pointer|
|layer3_out_15_ap_vld         |  out|    1|      ap_vld|                                                             layer3_out_15|       pointer|
|layer3_out_16                |  out|   33|      ap_vld|                                                             layer3_out_16|       pointer|
|layer3_out_16_ap_vld         |  out|    1|      ap_vld|                                                             layer3_out_16|       pointer|
|layer3_out_17                |  out|   33|      ap_vld|                                                             layer3_out_17|       pointer|
|layer3_out_17_ap_vld         |  out|    1|      ap_vld|                                                             layer3_out_17|       pointer|
|layer3_out_18                |  out|   33|      ap_vld|                                                             layer3_out_18|       pointer|
|layer3_out_18_ap_vld         |  out|    1|      ap_vld|                                                             layer3_out_18|       pointer|
|layer3_out_19                |  out|   33|      ap_vld|                                                             layer3_out_19|       pointer|
|layer3_out_19_ap_vld         |  out|    1|      ap_vld|                                                             layer3_out_19|       pointer|
|layer3_out_20                |  out|   33|      ap_vld|                                                             layer3_out_20|       pointer|
|layer3_out_20_ap_vld         |  out|    1|      ap_vld|                                                             layer3_out_20|       pointer|
|layer3_out_21                |  out|   33|      ap_vld|                                                             layer3_out_21|       pointer|
|layer3_out_21_ap_vld         |  out|    1|      ap_vld|                                                             layer3_out_21|       pointer|
|layer3_out_22                |  out|   33|      ap_vld|                                                             layer3_out_22|       pointer|
|layer3_out_22_ap_vld         |  out|    1|      ap_vld|                                                             layer3_out_22|       pointer|
|layer3_out_23                |  out|   33|      ap_vld|                                                             layer3_out_23|       pointer|
|layer3_out_23_ap_vld         |  out|    1|      ap_vld|                                                             layer3_out_23|       pointer|
|layer3_out_24                |  out|   33|      ap_vld|                                                             layer3_out_24|       pointer|
|layer3_out_24_ap_vld         |  out|    1|      ap_vld|                                                             layer3_out_24|       pointer|
|layer3_out_25                |  out|   33|      ap_vld|                                                             layer3_out_25|       pointer|
|layer3_out_25_ap_vld         |  out|    1|      ap_vld|                                                             layer3_out_25|       pointer|
|layer3_out_26                |  out|   33|      ap_vld|                                                             layer3_out_26|       pointer|
|layer3_out_26_ap_vld         |  out|    1|      ap_vld|                                                             layer3_out_26|       pointer|
|layer3_out_27                |  out|   33|      ap_vld|                                                             layer3_out_27|       pointer|
|layer3_out_27_ap_vld         |  out|    1|      ap_vld|                                                             layer3_out_27|       pointer|
|layer3_out_28                |  out|   33|      ap_vld|                                                             layer3_out_28|       pointer|
|layer3_out_28_ap_vld         |  out|    1|      ap_vld|                                                             layer3_out_28|       pointer|
|layer3_out_29                |  out|   33|      ap_vld|                                                             layer3_out_29|       pointer|
|layer3_out_29_ap_vld         |  out|    1|      ap_vld|                                                             layer3_out_29|       pointer|
|layer3_out_30                |  out|   33|      ap_vld|                                                             layer3_out_30|       pointer|
|layer3_out_30_ap_vld         |  out|    1|      ap_vld|                                                             layer3_out_30|       pointer|
|layer3_out_31                |  out|   33|      ap_vld|                                                             layer3_out_31|       pointer|
|layer3_out_31_ap_vld         |  out|    1|      ap_vld|                                                             layer3_out_31|       pointer|
|layer3_out_32                |  out|   33|      ap_vld|                                                             layer3_out_32|       pointer|
|layer3_out_32_ap_vld         |  out|    1|      ap_vld|                                                             layer3_out_32|       pointer|
|layer3_out_33                |  out|   33|      ap_vld|                                                             layer3_out_33|       pointer|
|layer3_out_33_ap_vld         |  out|    1|      ap_vld|                                                             layer3_out_33|       pointer|
|layer3_out_34                |  out|   33|      ap_vld|                                                             layer3_out_34|       pointer|
|layer3_out_34_ap_vld         |  out|    1|      ap_vld|                                                             layer3_out_34|       pointer|
|layer3_out_35                |  out|   33|      ap_vld|                                                             layer3_out_35|       pointer|
|layer3_out_35_ap_vld         |  out|    1|      ap_vld|                                                             layer3_out_35|       pointer|
|layer3_out_36                |  out|   33|      ap_vld|                                                             layer3_out_36|       pointer|
|layer3_out_36_ap_vld         |  out|    1|      ap_vld|                                                             layer3_out_36|       pointer|
|layer3_out_37                |  out|   33|      ap_vld|                                                             layer3_out_37|       pointer|
|layer3_out_37_ap_vld         |  out|    1|      ap_vld|                                                             layer3_out_37|       pointer|
|layer3_out_38                |  out|   33|      ap_vld|                                                             layer3_out_38|       pointer|
|layer3_out_38_ap_vld         |  out|    1|      ap_vld|                                                             layer3_out_38|       pointer|
|layer3_out_39                |  out|   33|      ap_vld|                                                             layer3_out_39|       pointer|
|layer3_out_39_ap_vld         |  out|    1|      ap_vld|                                                             layer3_out_39|       pointer|
|layer3_out_40                |  out|   33|      ap_vld|                                                             layer3_out_40|       pointer|
|layer3_out_40_ap_vld         |  out|    1|      ap_vld|                                                             layer3_out_40|       pointer|
|layer3_out_41                |  out|   33|      ap_vld|                                                             layer3_out_41|       pointer|
|layer3_out_41_ap_vld         |  out|    1|      ap_vld|                                                             layer3_out_41|       pointer|
|layer3_out_42                |  out|   33|      ap_vld|                                                             layer3_out_42|       pointer|
|layer3_out_42_ap_vld         |  out|    1|      ap_vld|                                                             layer3_out_42|       pointer|
|layer3_out_43                |  out|   33|      ap_vld|                                                             layer3_out_43|       pointer|
|layer3_out_43_ap_vld         |  out|    1|      ap_vld|                                                             layer3_out_43|       pointer|
|layer3_out_44                |  out|   33|      ap_vld|                                                             layer3_out_44|       pointer|
|layer3_out_44_ap_vld         |  out|    1|      ap_vld|                                                             layer3_out_44|       pointer|
|layer3_out_45                |  out|   33|      ap_vld|                                                             layer3_out_45|       pointer|
|layer3_out_45_ap_vld         |  out|    1|      ap_vld|                                                             layer3_out_45|       pointer|
|layer3_out_46                |  out|   33|      ap_vld|                                                             layer3_out_46|       pointer|
|layer3_out_46_ap_vld         |  out|    1|      ap_vld|                                                             layer3_out_46|       pointer|
|layer3_out_47                |  out|   33|      ap_vld|                                                             layer3_out_47|       pointer|
|layer3_out_47_ap_vld         |  out|    1|      ap_vld|                                                             layer3_out_47|       pointer|
|layer3_out_48                |  out|   33|      ap_vld|                                                             layer3_out_48|       pointer|
|layer3_out_48_ap_vld         |  out|    1|      ap_vld|                                                             layer3_out_48|       pointer|
|layer3_out_49                |  out|   33|      ap_vld|                                                             layer3_out_49|       pointer|
|layer3_out_49_ap_vld         |  out|    1|      ap_vld|                                                             layer3_out_49|       pointer|
|layer3_out_50                |  out|   33|      ap_vld|                                                             layer3_out_50|       pointer|
|layer3_out_50_ap_vld         |  out|    1|      ap_vld|                                                             layer3_out_50|       pointer|
|layer3_out_51                |  out|   33|      ap_vld|                                                             layer3_out_51|       pointer|
|layer3_out_51_ap_vld         |  out|    1|      ap_vld|                                                             layer3_out_51|       pointer|
|layer3_out_52                |  out|   33|      ap_vld|                                                             layer3_out_52|       pointer|
|layer3_out_52_ap_vld         |  out|    1|      ap_vld|                                                             layer3_out_52|       pointer|
|layer3_out_53                |  out|   33|      ap_vld|                                                             layer3_out_53|       pointer|
|layer3_out_53_ap_vld         |  out|    1|      ap_vld|                                                             layer3_out_53|       pointer|
|layer3_out_54                |  out|   33|      ap_vld|                                                             layer3_out_54|       pointer|
|layer3_out_54_ap_vld         |  out|    1|      ap_vld|                                                             layer3_out_54|       pointer|
|layer3_out_55                |  out|   33|      ap_vld|                                                             layer3_out_55|       pointer|
|layer3_out_55_ap_vld         |  out|    1|      ap_vld|                                                             layer3_out_55|       pointer|
|layer3_out_56                |  out|   33|      ap_vld|                                                             layer3_out_56|       pointer|
|layer3_out_56_ap_vld         |  out|    1|      ap_vld|                                                             layer3_out_56|       pointer|
|layer3_out_57                |  out|   33|      ap_vld|                                                             layer3_out_57|       pointer|
|layer3_out_57_ap_vld         |  out|    1|      ap_vld|                                                             layer3_out_57|       pointer|
|layer3_out_58                |  out|   33|      ap_vld|                                                             layer3_out_58|       pointer|
|layer3_out_58_ap_vld         |  out|    1|      ap_vld|                                                             layer3_out_58|       pointer|
|layer3_out_59                |  out|   33|      ap_vld|                                                             layer3_out_59|       pointer|
|layer3_out_59_ap_vld         |  out|    1|      ap_vld|                                                             layer3_out_59|       pointer|
|layer3_out_60                |  out|   33|      ap_vld|                                                             layer3_out_60|       pointer|
|layer3_out_60_ap_vld         |  out|    1|      ap_vld|                                                             layer3_out_60|       pointer|
|layer3_out_61                |  out|   33|      ap_vld|                                                             layer3_out_61|       pointer|
|layer3_out_61_ap_vld         |  out|    1|      ap_vld|                                                             layer3_out_61|       pointer|
|layer3_out_62                |  out|   33|      ap_vld|                                                             layer3_out_62|       pointer|
|layer3_out_62_ap_vld         |  out|    1|      ap_vld|                                                             layer3_out_62|       pointer|
|layer3_out_63                |  out|   33|      ap_vld|                                                             layer3_out_63|       pointer|
|layer3_out_63_ap_vld         |  out|    1|      ap_vld|                                                             layer3_out_63|       pointer|
|layer3_out_64                |  out|   33|      ap_vld|                                                             layer3_out_64|       pointer|
|layer3_out_64_ap_vld         |  out|    1|      ap_vld|                                                             layer3_out_64|       pointer|
|layer3_out_65                |  out|   33|      ap_vld|                                                             layer3_out_65|       pointer|
|layer3_out_65_ap_vld         |  out|    1|      ap_vld|                                                             layer3_out_65|       pointer|
|layer3_out_66                |  out|   33|      ap_vld|                                                             layer3_out_66|       pointer|
|layer3_out_66_ap_vld         |  out|    1|      ap_vld|                                                             layer3_out_66|       pointer|
|layer3_out_67                |  out|   33|      ap_vld|                                                             layer3_out_67|       pointer|
|layer3_out_67_ap_vld         |  out|    1|      ap_vld|                                                             layer3_out_67|       pointer|
|layer3_out_68                |  out|   33|      ap_vld|                                                             layer3_out_68|       pointer|
|layer3_out_68_ap_vld         |  out|    1|      ap_vld|                                                             layer3_out_68|       pointer|
|layer3_out_69                |  out|   33|      ap_vld|                                                             layer3_out_69|       pointer|
|layer3_out_69_ap_vld         |  out|    1|      ap_vld|                                                             layer3_out_69|       pointer|
|layer3_out_70                |  out|   33|      ap_vld|                                                             layer3_out_70|       pointer|
|layer3_out_70_ap_vld         |  out|    1|      ap_vld|                                                             layer3_out_70|       pointer|
|layer3_out_71                |  out|   33|      ap_vld|                                                             layer3_out_71|       pointer|
|layer3_out_71_ap_vld         |  out|    1|      ap_vld|                                                             layer3_out_71|       pointer|
|layer3_out_72                |  out|   33|      ap_vld|                                                             layer3_out_72|       pointer|
|layer3_out_72_ap_vld         |  out|    1|      ap_vld|                                                             layer3_out_72|       pointer|
|layer3_out_73                |  out|   33|      ap_vld|                                                             layer3_out_73|       pointer|
|layer3_out_73_ap_vld         |  out|    1|      ap_vld|                                                             layer3_out_73|       pointer|
|layer3_out_74                |  out|   33|      ap_vld|                                                             layer3_out_74|       pointer|
|layer3_out_74_ap_vld         |  out|    1|      ap_vld|                                                             layer3_out_74|       pointer|
|layer3_out_75                |  out|   33|      ap_vld|                                                             layer3_out_75|       pointer|
|layer3_out_75_ap_vld         |  out|    1|      ap_vld|                                                             layer3_out_75|       pointer|
|layer3_out_76                |  out|   33|      ap_vld|                                                             layer3_out_76|       pointer|
|layer3_out_76_ap_vld         |  out|    1|      ap_vld|                                                             layer3_out_76|       pointer|
|layer3_out_77                |  out|   33|      ap_vld|                                                             layer3_out_77|       pointer|
|layer3_out_77_ap_vld         |  out|    1|      ap_vld|                                                             layer3_out_77|       pointer|
|layer3_out_78                |  out|   33|      ap_vld|                                                             layer3_out_78|       pointer|
|layer3_out_78_ap_vld         |  out|    1|      ap_vld|                                                             layer3_out_78|       pointer|
|layer3_out_79                |  out|   33|      ap_vld|                                                             layer3_out_79|       pointer|
|layer3_out_79_ap_vld         |  out|    1|      ap_vld|                                                             layer3_out_79|       pointer|
+-----------------------------+-----+-----+------------+--------------------------------------------------------------------------+--------------+

