

================================================================
== Vitis HLS Report for 'myproject'
================================================================
* Date:           Tue Oct 22 17:19:13 2024

* Version:        2023.2 (Build 4023990 on Oct 11 2023)
* Project:        myproject_prj
* Solution:       solution1 (Vivado IP Flow Target)
* Product family: virtexuplus
* Target device:  xcvu13p-flga2577-2-e


================================================================
== Performance Estimates
================================================================
+ Timing: 
    * Summary: 
    +--------+---------+----------+------------+
    |  Clock |  Target | Estimated| Uncertainty|
    +--------+---------+----------+------------+
    |ap_clk  |  5.00 ns|  4.254 ns|     0.62 ns|
    +--------+---------+----------+------------+

+ Latency: 
    * Summary: 
    +---------+---------+----------+----------+-----+-----+---------+
    |  Latency (cycles) |  Latency (absolute) |  Interval | Pipeline|
    |   min   |   max   |    min   |    max   | min | max |   Type  |
    +---------+---------+----------+----------+-----+-----+---------+
    |        ?|        ?|         ?|         ?|    ?|    ?|       no|
    +---------+---------+----------+----------+-----+-----+---------+

    + Detail: 
        * Instance: 
        N/A

        * Loop: 
        N/A

============================================================
+ Verbose Summary: Synthesis Manager
============================================================
InlineROM: 1
ExposeGlobal: 0
============================================================
+ Verbose Summary: CDFG Model
============================================================
IsTopModel: 1
ResetActiveHigh: 1
IsCombinational: 0
IsDatapathOnly: 0
HasWiredReturn: 1
HasMFsm: 0
HasVarLatency: 1
IsPipeline: 0
IsRtlPipelined: 0
IsInstanceOverlapped: 0
IsDontTouch: 0
HasImplIP: 0
IsGatedGlobalClock: 0


============================================================
+ Verbose Summary: Schedule
============================================================
* Number of FSM states : 2
* Pipeline : 0
* Dataflow Pipeline: 0

* FSM state transitions: 
1 --> 2 
2 --> 

* FSM state operations: 

State 1 <SV = 0> <Delay = 4.25>
ST_1 : Operation 3 [1/1] (0.00ns)   --->   "%input_1_read = read i320 @_ssdm_op_Read.ap_vld.i320P0A, i320 %input_1"   --->   Operation 3 'read' 'input_1_read' <Predicate = true> <Delay = 0.00>
ST_1 : Operation 4 [1/1] (0.00ns)   --->   "%call_ret3 = call i320 @transpose_2d<ap_fixed<16, 6, 5, 3, 0>, ap_fixed<16, 6, 5, 3, 0>, config3>, i320 %input_1_read" [firmware/myproject.cpp:34]   --->   Operation 4 'call' 'call_ret3' <Predicate = true> <Delay = 0.00> <CoreType = "Generic">   --->   Core 0 '' <Latency = 0> <II = 1> <Delay = 1.00> <Generic> <Opcode : >
ST_1 : Operation 5 [1/1] (0.00ns)   --->   "%layer3_out = extractvalue i320 %call_ret3" [firmware/myproject.cpp:34]   --->   Operation 5 'extractvalue' 'layer3_out' <Predicate = true> <Delay = 0.00>
ST_1 : Operation 6 [1/1] (0.00ns)   --->   "%layer3_out_1 = extractvalue i320 %call_ret3" [firmware/myproject.cpp:34]   --->   Operation 6 'extractvalue' 'layer3_out_1' <Predicate = true> <Delay = 0.00>
ST_1 : Operation 7 [1/1] (0.00ns)   --->   "%layer3_out_2 = extractvalue i320 %call_ret3" [firmware/myproject.cpp:34]   --->   Operation 7 'extractvalue' 'layer3_out_2' <Predicate = true> <Delay = 0.00>
ST_1 : Operation 8 [1/1] (0.00ns)   --->   "%layer3_out_3 = extractvalue i320 %call_ret3" [firmware/myproject.cpp:34]   --->   Operation 8 'extractvalue' 'layer3_out_3' <Predicate = true> <Delay = 0.00>
ST_1 : Operation 9 [1/1] (0.00ns)   --->   "%layer3_out_4 = extractvalue i320 %call_ret3" [firmware/myproject.cpp:34]   --->   Operation 9 'extractvalue' 'layer3_out_4' <Predicate = true> <Delay = 0.00>
ST_1 : Operation 10 [1/1] (0.00ns)   --->   "%layer3_out_5 = extractvalue i320 %call_ret3" [firmware/myproject.cpp:34]   --->   Operation 10 'extractvalue' 'layer3_out_5' <Predicate = true> <Delay = 0.00>
ST_1 : Operation 11 [1/1] (0.00ns)   --->   "%layer3_out_6 = extractvalue i320 %call_ret3" [firmware/myproject.cpp:34]   --->   Operation 11 'extractvalue' 'layer3_out_6' <Predicate = true> <Delay = 0.00>
ST_1 : Operation 12 [1/1] (0.00ns)   --->   "%layer3_out_7 = extractvalue i320 %call_ret3" [firmware/myproject.cpp:34]   --->   Operation 12 'extractvalue' 'layer3_out_7' <Predicate = true> <Delay = 0.00>
ST_1 : Operation 13 [1/1] (0.00ns)   --->   "%layer3_out_8 = extractvalue i320 %call_ret3" [firmware/myproject.cpp:34]   --->   Operation 13 'extractvalue' 'layer3_out_8' <Predicate = true> <Delay = 0.00>
ST_1 : Operation 14 [1/1] (0.00ns)   --->   "%layer3_out_9 = extractvalue i320 %call_ret3" [firmware/myproject.cpp:34]   --->   Operation 14 'extractvalue' 'layer3_out_9' <Predicate = true> <Delay = 0.00>
ST_1 : Operation 15 [1/1] (0.00ns)   --->   "%layer3_out_10 = extractvalue i320 %call_ret3" [firmware/myproject.cpp:34]   --->   Operation 15 'extractvalue' 'layer3_out_10' <Predicate = true> <Delay = 0.00>
ST_1 : Operation 16 [1/1] (0.00ns)   --->   "%layer3_out_11 = extractvalue i320 %call_ret3" [firmware/myproject.cpp:34]   --->   Operation 16 'extractvalue' 'layer3_out_11' <Predicate = true> <Delay = 0.00>
ST_1 : Operation 17 [1/1] (0.00ns)   --->   "%layer3_out_12 = extractvalue i320 %call_ret3" [firmware/myproject.cpp:34]   --->   Operation 17 'extractvalue' 'layer3_out_12' <Predicate = true> <Delay = 0.00>
ST_1 : Operation 18 [1/1] (0.00ns)   --->   "%layer3_out_13 = extractvalue i320 %call_ret3" [firmware/myproject.cpp:34]   --->   Operation 18 'extractvalue' 'layer3_out_13' <Predicate = true> <Delay = 0.00>
ST_1 : Operation 19 [1/1] (0.00ns)   --->   "%layer3_out_14 = extractvalue i320 %call_ret3" [firmware/myproject.cpp:34]   --->   Operation 19 'extractvalue' 'layer3_out_14' <Predicate = true> <Delay = 0.00>
ST_1 : Operation 20 [1/1] (0.00ns)   --->   "%layer3_out_15 = extractvalue i320 %call_ret3" [firmware/myproject.cpp:34]   --->   Operation 20 'extractvalue' 'layer3_out_15' <Predicate = true> <Delay = 0.00>
ST_1 : Operation 21 [1/1] (0.00ns)   --->   "%layer3_out_16 = extractvalue i320 %call_ret3" [firmware/myproject.cpp:34]   --->   Operation 21 'extractvalue' 'layer3_out_16' <Predicate = true> <Delay = 0.00>
ST_1 : Operation 22 [1/1] (0.00ns)   --->   "%layer3_out_17 = extractvalue i320 %call_ret3" [firmware/myproject.cpp:34]   --->   Operation 22 'extractvalue' 'layer3_out_17' <Predicate = true> <Delay = 0.00>
ST_1 : Operation 23 [1/1] (0.00ns)   --->   "%layer3_out_18 = extractvalue i320 %call_ret3" [firmware/myproject.cpp:34]   --->   Operation 23 'extractvalue' 'layer3_out_18' <Predicate = true> <Delay = 0.00>
ST_1 : Operation 24 [1/1] (0.00ns)   --->   "%layer3_out_19 = extractvalue i320 %call_ret3" [firmware/myproject.cpp:34]   --->   Operation 24 'extractvalue' 'layer3_out_19' <Predicate = true> <Delay = 0.00>
ST_1 : Operation 25 [1/1] (0.00ns)   --->   "%call_ret = call i320 @transpose_2d<ap_fixed<16, 6, 5, 3, 0>, ap_fixed<16, 6, 5, 3, 0>, config4>, i16 %layer3_out, i16 %layer3_out_1, i16 %layer3_out_2, i16 %layer3_out_3, i16 %layer3_out_4, i16 %layer3_out_5, i16 %layer3_out_6, i16 %layer3_out_7, i16 %layer3_out_8, i16 %layer3_out_9, i16 %layer3_out_10, i16 %layer3_out_11, i16 %layer3_out_12, i16 %layer3_out_13, i16 %layer3_out_14, i16 %layer3_out_15, i16 %layer3_out_16, i16 %layer3_out_17, i16 %layer3_out_18, i16 %layer3_out_19" [firmware/myproject.cpp:38]   --->   Operation 25 'call' 'call_ret' <Predicate = true> <Delay = 0.00> <CoreType = "Generic">   --->   Core 0 '' <Latency = 0> <II = 1> <Delay = 1.00> <Generic> <Opcode : >
ST_1 : Operation 26 [1/1] (0.00ns)   --->   "%layer4_out = extractvalue i320 %call_ret" [firmware/myproject.cpp:38]   --->   Operation 26 'extractvalue' 'layer4_out' <Predicate = true> <Delay = 0.00>
ST_1 : Operation 27 [1/1] (0.00ns)   --->   "%layer4_out_20 = extractvalue i320 %call_ret" [firmware/myproject.cpp:38]   --->   Operation 27 'extractvalue' 'layer4_out_20' <Predicate = true> <Delay = 0.00>
ST_1 : Operation 28 [1/1] (0.00ns)   --->   "%layer4_out_21 = extractvalue i320 %call_ret" [firmware/myproject.cpp:38]   --->   Operation 28 'extractvalue' 'layer4_out_21' <Predicate = true> <Delay = 0.00>
ST_1 : Operation 29 [1/1] (0.00ns)   --->   "%layer4_out_22 = extractvalue i320 %call_ret" [firmware/myproject.cpp:38]   --->   Operation 29 'extractvalue' 'layer4_out_22' <Predicate = true> <Delay = 0.00>
ST_1 : Operation 30 [1/1] (0.00ns)   --->   "%layer4_out_23 = extractvalue i320 %call_ret" [firmware/myproject.cpp:38]   --->   Operation 30 'extractvalue' 'layer4_out_23' <Predicate = true> <Delay = 0.00>
ST_1 : Operation 31 [1/1] (0.00ns)   --->   "%layer4_out_24 = extractvalue i320 %call_ret" [firmware/myproject.cpp:38]   --->   Operation 31 'extractvalue' 'layer4_out_24' <Predicate = true> <Delay = 0.00>
ST_1 : Operation 32 [1/1] (0.00ns)   --->   "%layer4_out_25 = extractvalue i320 %call_ret" [firmware/myproject.cpp:38]   --->   Operation 32 'extractvalue' 'layer4_out_25' <Predicate = true> <Delay = 0.00>
ST_1 : Operation 33 [1/1] (0.00ns)   --->   "%layer4_out_26 = extractvalue i320 %call_ret" [firmware/myproject.cpp:38]   --->   Operation 33 'extractvalue' 'layer4_out_26' <Predicate = true> <Delay = 0.00>
ST_1 : Operation 34 [1/1] (0.00ns)   --->   "%layer4_out_27 = extractvalue i320 %call_ret" [firmware/myproject.cpp:38]   --->   Operation 34 'extractvalue' 'layer4_out_27' <Predicate = true> <Delay = 0.00>
ST_1 : Operation 35 [1/1] (0.00ns)   --->   "%layer4_out_28 = extractvalue i320 %call_ret" [firmware/myproject.cpp:38]   --->   Operation 35 'extractvalue' 'layer4_out_28' <Predicate = true> <Delay = 0.00>
ST_1 : Operation 36 [1/1] (0.00ns)   --->   "%layer4_out_29 = extractvalue i320 %call_ret" [firmware/myproject.cpp:38]   --->   Operation 36 'extractvalue' 'layer4_out_29' <Predicate = true> <Delay = 0.00>
ST_1 : Operation 37 [1/1] (0.00ns)   --->   "%layer4_out_30 = extractvalue i320 %call_ret" [firmware/myproject.cpp:38]   --->   Operation 37 'extractvalue' 'layer4_out_30' <Predicate = true> <Delay = 0.00>
ST_1 : Operation 38 [1/1] (0.00ns)   --->   "%layer4_out_31 = extractvalue i320 %call_ret" [firmware/myproject.cpp:38]   --->   Operation 38 'extractvalue' 'layer4_out_31' <Predicate = true> <Delay = 0.00>
ST_1 : Operation 39 [1/1] (0.00ns)   --->   "%layer4_out_32 = extractvalue i320 %call_ret" [firmware/myproject.cpp:38]   --->   Operation 39 'extractvalue' 'layer4_out_32' <Predicate = true> <Delay = 0.00>
ST_1 : Operation 40 [1/1] (0.00ns)   --->   "%layer4_out_33 = extractvalue i320 %call_ret" [firmware/myproject.cpp:38]   --->   Operation 40 'extractvalue' 'layer4_out_33' <Predicate = true> <Delay = 0.00>
ST_1 : Operation 41 [1/1] (0.00ns)   --->   "%layer4_out_34 = extractvalue i320 %call_ret" [firmware/myproject.cpp:38]   --->   Operation 41 'extractvalue' 'layer4_out_34' <Predicate = true> <Delay = 0.00>
ST_1 : Operation 42 [1/1] (0.00ns)   --->   "%layer4_out_35 = extractvalue i320 %call_ret" [firmware/myproject.cpp:38]   --->   Operation 42 'extractvalue' 'layer4_out_35' <Predicate = true> <Delay = 0.00>
ST_1 : Operation 43 [1/1] (0.00ns)   --->   "%layer4_out_36 = extractvalue i320 %call_ret" [firmware/myproject.cpp:38]   --->   Operation 43 'extractvalue' 'layer4_out_36' <Predicate = true> <Delay = 0.00>
ST_1 : Operation 44 [1/1] (0.00ns)   --->   "%layer4_out_37 = extractvalue i320 %call_ret" [firmware/myproject.cpp:38]   --->   Operation 44 'extractvalue' 'layer4_out_37' <Predicate = true> <Delay = 0.00>
ST_1 : Operation 45 [1/1] (0.00ns)   --->   "%layer4_out_38 = extractvalue i320 %call_ret" [firmware/myproject.cpp:38]   --->   Operation 45 'extractvalue' 'layer4_out_38' <Predicate = true> <Delay = 0.00>
ST_1 : Operation 46 [2/2] (4.25ns)   --->   "%call_ret6_i = call i80 @layernorm_1d<ap_fixed<16, 6, 5, 3, 0>, ap_fixed<16, 6, 5, 3, 0>, config2>, i16 %layer4_out, i16 %layer4_out_20, i16 %layer4_out_21, i16 %layer4_out_22, i16 %layer4_out_23, i21 %index_table, i29 %invert_sqr_table" [firmware/nnet_utils/nnet_layernorm.h:148->firmware/myproject.cpp:40]   --->   Operation 46 'call' 'call_ret6_i' <Predicate = true> <Delay = 4.25> <CoreType = "Generic">   --->   Core 0 '' <Latency = 0> <II = 1> <Delay = 1.00> <Generic> <Opcode : >
ST_1 : Operation 47 [2/2] (4.25ns)   --->   "%call_ret1_i = call i80 @layernorm_1d<ap_fixed<16, 6, 5, 3, 0>, ap_fixed<16, 6, 5, 3, 0>, config2>, i16 %layer4_out_24, i16 %layer4_out_25, i16 %layer4_out_26, i16 %layer4_out_27, i16 %layer4_out_28, i21 %index_table, i29 %invert_sqr_table" [firmware/nnet_utils/nnet_layernorm.h:148->firmware/myproject.cpp:40]   --->   Operation 47 'call' 'call_ret1_i' <Predicate = true> <Delay = 4.25> <CoreType = "Generic">   --->   Core 0 '' <Latency = 0> <II = 1> <Delay = 1.00> <Generic> <Opcode : >
ST_1 : Operation 48 [2/2] (4.25ns)   --->   "%call_ret2_i = call i80 @layernorm_1d<ap_fixed<16, 6, 5, 3, 0>, ap_fixed<16, 6, 5, 3, 0>, config2>, i16 %layer4_out_29, i16 %layer4_out_30, i16 %layer4_out_31, i16 %layer4_out_32, i16 %layer4_out_33, i21 %index_table, i29 %invert_sqr_table" [firmware/nnet_utils/nnet_layernorm.h:148->firmware/myproject.cpp:40]   --->   Operation 48 'call' 'call_ret2_i' <Predicate = true> <Delay = 4.25> <CoreType = "Generic">   --->   Core 0 '' <Latency = 0> <II = 1> <Delay = 1.00> <Generic> <Opcode : >
ST_1 : Operation 49 [2/2] (4.25ns)   --->   "%call_ret_i = call i80 @layernorm_1d<ap_fixed<16, 6, 5, 3, 0>, ap_fixed<16, 6, 5, 3, 0>, config2>, i16 %layer4_out_34, i16 %layer4_out_35, i16 %layer4_out_36, i16 %layer4_out_37, i16 %layer4_out_38, i21 %index_table, i29 %invert_sqr_table" [firmware/nnet_utils/nnet_layernorm.h:148->firmware/myproject.cpp:40]   --->   Operation 49 'call' 'call_ret_i' <Predicate = true> <Delay = 4.25> <CoreType = "Generic">   --->   Core 0 '' <Latency = 0> <II = 1> <Delay = 1.00> <Generic> <Opcode : >

State 2 <SV = 1> <Delay = 2.95>
ST_2 : Operation 50 [1/1] (0.00ns)   --->   "%specpipeline_ln0 = specpipeline void @_ssdm_op_SpecPipeline, i32 4294967295, i32 0, i32 0, i32 0, void @empty_0"   --->   Operation 50 'specpipeline' 'specpipeline_ln0' <Predicate = true> <Delay = 0.00>
ST_2 : Operation 51 [1/1] (0.00ns)   --->   "%spectopmodule_ln0 = spectopmodule void @_ssdm_op_SpecTopModule, void @empty_2"   --->   Operation 51 'spectopmodule' 'spectopmodule_ln0' <Predicate = true> <Delay = 0.00>
ST_2 : Operation 52 [1/1] (0.00ns)   --->   "%specbitsmap_ln0 = specbitsmap void @_ssdm_op_SpecBitsMap, i320 %input_1"   --->   Operation 52 'specbitsmap' 'specbitsmap_ln0' <Predicate = true> <Delay = 0.00>
ST_2 : Operation 53 [1/1] (0.00ns)   --->   "%specinterface_ln0 = specinterface void @_ssdm_op_SpecInterface, i320 %input_1, void @empty, i32 0, i32 0, void @empty_0, i32 0, i32 0, void @empty_0, void @empty_0, void @empty_0, i32 0, i32 0, i32 0, i32 0, void @empty_0, void @empty_0, i32 4294967295, i32 0"   --->   Operation 53 'specinterface' 'specinterface_ln0' <Predicate = true> <Delay = 0.00>
ST_2 : Operation 54 [1/1] (0.00ns)   --->   "%specbitsmap_ln0 = specbitsmap void @_ssdm_op_SpecBitsMap, i16 %layer2_out_0"   --->   Operation 54 'specbitsmap' 'specbitsmap_ln0' <Predicate = true> <Delay = 0.00>
ST_2 : Operation 55 [1/1] (0.00ns)   --->   "%specinterface_ln0 = specinterface void @_ssdm_op_SpecInterface, i16 %layer2_out_0, void @empty, i32 0, i32 0, void @empty_0, i32 0, i32 0, void @empty_0, void @empty_0, void @empty_0, i32 0, i32 0, i32 0, i32 0, void @empty_0, void @empty_0, i32 4294967295, i32 0"   --->   Operation 55 'specinterface' 'specinterface_ln0' <Predicate = true> <Delay = 0.00>
ST_2 : Operation 56 [1/1] (0.00ns)   --->   "%specbitsmap_ln0 = specbitsmap void @_ssdm_op_SpecBitsMap, i16 %layer2_out_1"   --->   Operation 56 'specbitsmap' 'specbitsmap_ln0' <Predicate = true> <Delay = 0.00>
ST_2 : Operation 57 [1/1] (0.00ns)   --->   "%specinterface_ln0 = specinterface void @_ssdm_op_SpecInterface, i16 %layer2_out_1, void @empty, i32 0, i32 0, void @empty_0, i32 0, i32 0, void @empty_0, void @empty_0, void @empty_0, i32 0, i32 0, i32 0, i32 0, void @empty_0, void @empty_0, i32 4294967295, i32 0"   --->   Operation 57 'specinterface' 'specinterface_ln0' <Predicate = true> <Delay = 0.00>
ST_2 : Operation 58 [1/1] (0.00ns)   --->   "%specbitsmap_ln0 = specbitsmap void @_ssdm_op_SpecBitsMap, i16 %layer2_out_2"   --->   Operation 58 'specbitsmap' 'specbitsmap_ln0' <Predicate = true> <Delay = 0.00>
ST_2 : Operation 59 [1/1] (0.00ns)   --->   "%specinterface_ln0 = specinterface void @_ssdm_op_SpecInterface, i16 %layer2_out_2, void @empty, i32 0, i32 0, void @empty_0, i32 0, i32 0, void @empty_0, void @empty_0, void @empty_0, i32 0, i32 0, i32 0, i32 0, void @empty_0, void @empty_0, i32 4294967295, i32 0"   --->   Operation 59 'specinterface' 'specinterface_ln0' <Predicate = true> <Delay = 0.00>
ST_2 : Operation 60 [1/1] (0.00ns)   --->   "%specbitsmap_ln0 = specbitsmap void @_ssdm_op_SpecBitsMap, i16 %layer2_out_3"   --->   Operation 60 'specbitsmap' 'specbitsmap_ln0' <Predicate = true> <Delay = 0.00>
ST_2 : Operation 61 [1/1] (0.00ns)   --->   "%specinterface_ln0 = specinterface void @_ssdm_op_SpecInterface, i16 %layer2_out_3, void @empty, i32 0, i32 0, void @empty_0, i32 0, i32 0, void @empty_0, void @empty_0, void @empty_0, i32 0, i32 0, i32 0, i32 0, void @empty_0, void @empty_0, i32 4294967295, i32 0"   --->   Operation 61 'specinterface' 'specinterface_ln0' <Predicate = true> <Delay = 0.00>
ST_2 : Operation 62 [1/1] (0.00ns)   --->   "%specbitsmap_ln0 = specbitsmap void @_ssdm_op_SpecBitsMap, i16 %layer2_out_4"   --->   Operation 62 'specbitsmap' 'specbitsmap_ln0' <Predicate = true> <Delay = 0.00>
ST_2 : Operation 63 [1/1] (0.00ns)   --->   "%specinterface_ln0 = specinterface void @_ssdm_op_SpecInterface, i16 %layer2_out_4, void @empty, i32 0, i32 0, void @empty_0, i32 0, i32 0, void @empty_0, void @empty_0, void @empty_0, i32 0, i32 0, i32 0, i32 0, void @empty_0, void @empty_0, i32 4294967295, i32 0"   --->   Operation 63 'specinterface' 'specinterface_ln0' <Predicate = true> <Delay = 0.00>
ST_2 : Operation 64 [1/1] (0.00ns)   --->   "%specbitsmap_ln0 = specbitsmap void @_ssdm_op_SpecBitsMap, i16 %layer2_out_5"   --->   Operation 64 'specbitsmap' 'specbitsmap_ln0' <Predicate = true> <Delay = 0.00>
ST_2 : Operation 65 [1/1] (0.00ns)   --->   "%specinterface_ln0 = specinterface void @_ssdm_op_SpecInterface, i16 %layer2_out_5, void @empty, i32 0, i32 0, void @empty_0, i32 0, i32 0, void @empty_0, void @empty_0, void @empty_0, i32 0, i32 0, i32 0, i32 0, void @empty_0, void @empty_0, i32 4294967295, i32 0"   --->   Operation 65 'specinterface' 'specinterface_ln0' <Predicate = true> <Delay = 0.00>
ST_2 : Operation 66 [1/1] (0.00ns)   --->   "%specbitsmap_ln0 = specbitsmap void @_ssdm_op_SpecBitsMap, i16 %layer2_out_6"   --->   Operation 66 'specbitsmap' 'specbitsmap_ln0' <Predicate = true> <Delay = 0.00>
ST_2 : Operation 67 [1/1] (0.00ns)   --->   "%specinterface_ln0 = specinterface void @_ssdm_op_SpecInterface, i16 %layer2_out_6, void @empty, i32 0, i32 0, void @empty_0, i32 0, i32 0, void @empty_0, void @empty_0, void @empty_0, i32 0, i32 0, i32 0, i32 0, void @empty_0, void @empty_0, i32 4294967295, i32 0"   --->   Operation 67 'specinterface' 'specinterface_ln0' <Predicate = true> <Delay = 0.00>
ST_2 : Operation 68 [1/1] (0.00ns)   --->   "%specbitsmap_ln0 = specbitsmap void @_ssdm_op_SpecBitsMap, i16 %layer2_out_7"   --->   Operation 68 'specbitsmap' 'specbitsmap_ln0' <Predicate = true> <Delay = 0.00>
ST_2 : Operation 69 [1/1] (0.00ns)   --->   "%specinterface_ln0 = specinterface void @_ssdm_op_SpecInterface, i16 %layer2_out_7, void @empty, i32 0, i32 0, void @empty_0, i32 0, i32 0, void @empty_0, void @empty_0, void @empty_0, i32 0, i32 0, i32 0, i32 0, void @empty_0, void @empty_0, i32 4294967295, i32 0"   --->   Operation 69 'specinterface' 'specinterface_ln0' <Predicate = true> <Delay = 0.00>
ST_2 : Operation 70 [1/1] (0.00ns)   --->   "%specbitsmap_ln0 = specbitsmap void @_ssdm_op_SpecBitsMap, i16 %layer2_out_8"   --->   Operation 70 'specbitsmap' 'specbitsmap_ln0' <Predicate = true> <Delay = 0.00>
ST_2 : Operation 71 [1/1] (0.00ns)   --->   "%specinterface_ln0 = specinterface void @_ssdm_op_SpecInterface, i16 %layer2_out_8, void @empty, i32 0, i32 0, void @empty_0, i32 0, i32 0, void @empty_0, void @empty_0, void @empty_0, i32 0, i32 0, i32 0, i32 0, void @empty_0, void @empty_0, i32 4294967295, i32 0"   --->   Operation 71 'specinterface' 'specinterface_ln0' <Predicate = true> <Delay = 0.00>
ST_2 : Operation 72 [1/1] (0.00ns)   --->   "%specbitsmap_ln0 = specbitsmap void @_ssdm_op_SpecBitsMap, i16 %layer2_out_9"   --->   Operation 72 'specbitsmap' 'specbitsmap_ln0' <Predicate = true> <Delay = 0.00>
ST_2 : Operation 73 [1/1] (0.00ns)   --->   "%specinterface_ln0 = specinterface void @_ssdm_op_SpecInterface, i16 %layer2_out_9, void @empty, i32 0, i32 0, void @empty_0, i32 0, i32 0, void @empty_0, void @empty_0, void @empty_0, i32 0, i32 0, i32 0, i32 0, void @empty_0, void @empty_0, i32 4294967295, i32 0"   --->   Operation 73 'specinterface' 'specinterface_ln0' <Predicate = true> <Delay = 0.00>
ST_2 : Operation 74 [1/1] (0.00ns)   --->   "%specbitsmap_ln0 = specbitsmap void @_ssdm_op_SpecBitsMap, i16 %layer2_out_10"   --->   Operation 74 'specbitsmap' 'specbitsmap_ln0' <Predicate = true> <Delay = 0.00>
ST_2 : Operation 75 [1/1] (0.00ns)   --->   "%specinterface_ln0 = specinterface void @_ssdm_op_SpecInterface, i16 %layer2_out_10, void @empty, i32 0, i32 0, void @empty_0, i32 0, i32 0, void @empty_0, void @empty_0, void @empty_0, i32 0, i32 0, i32 0, i32 0, void @empty_0, void @empty_0, i32 4294967295, i32 0"   --->   Operation 75 'specinterface' 'specinterface_ln0' <Predicate = true> <Delay = 0.00>
ST_2 : Operation 76 [1/1] (0.00ns)   --->   "%specbitsmap_ln0 = specbitsmap void @_ssdm_op_SpecBitsMap, i16 %layer2_out_11"   --->   Operation 76 'specbitsmap' 'specbitsmap_ln0' <Predicate = true> <Delay = 0.00>
ST_2 : Operation 77 [1/1] (0.00ns)   --->   "%specinterface_ln0 = specinterface void @_ssdm_op_SpecInterface, i16 %layer2_out_11, void @empty, i32 0, i32 0, void @empty_0, i32 0, i32 0, void @empty_0, void @empty_0, void @empty_0, i32 0, i32 0, i32 0, i32 0, void @empty_0, void @empty_0, i32 4294967295, i32 0"   --->   Operation 77 'specinterface' 'specinterface_ln0' <Predicate = true> <Delay = 0.00>
ST_2 : Operation 78 [1/1] (0.00ns)   --->   "%specbitsmap_ln0 = specbitsmap void @_ssdm_op_SpecBitsMap, i16 %layer2_out_12"   --->   Operation 78 'specbitsmap' 'specbitsmap_ln0' <Predicate = true> <Delay = 0.00>
ST_2 : Operation 79 [1/1] (0.00ns)   --->   "%specinterface_ln0 = specinterface void @_ssdm_op_SpecInterface, i16 %layer2_out_12, void @empty, i32 0, i32 0, void @empty_0, i32 0, i32 0, void @empty_0, void @empty_0, void @empty_0, i32 0, i32 0, i32 0, i32 0, void @empty_0, void @empty_0, i32 4294967295, i32 0"   --->   Operation 79 'specinterface' 'specinterface_ln0' <Predicate = true> <Delay = 0.00>
ST_2 : Operation 80 [1/1] (0.00ns)   --->   "%specbitsmap_ln0 = specbitsmap void @_ssdm_op_SpecBitsMap, i16 %layer2_out_13"   --->   Operation 80 'specbitsmap' 'specbitsmap_ln0' <Predicate = true> <Delay = 0.00>
ST_2 : Operation 81 [1/1] (0.00ns)   --->   "%specinterface_ln0 = specinterface void @_ssdm_op_SpecInterface, i16 %layer2_out_13, void @empty, i32 0, i32 0, void @empty_0, i32 0, i32 0, void @empty_0, void @empty_0, void @empty_0, i32 0, i32 0, i32 0, i32 0, void @empty_0, void @empty_0, i32 4294967295, i32 0"   --->   Operation 81 'specinterface' 'specinterface_ln0' <Predicate = true> <Delay = 0.00>
ST_2 : Operation 82 [1/1] (0.00ns)   --->   "%specbitsmap_ln0 = specbitsmap void @_ssdm_op_SpecBitsMap, i16 %layer2_out_14"   --->   Operation 82 'specbitsmap' 'specbitsmap_ln0' <Predicate = true> <Delay = 0.00>
ST_2 : Operation 83 [1/1] (0.00ns)   --->   "%specinterface_ln0 = specinterface void @_ssdm_op_SpecInterface, i16 %layer2_out_14, void @empty, i32 0, i32 0, void @empty_0, i32 0, i32 0, void @empty_0, void @empty_0, void @empty_0, i32 0, i32 0, i32 0, i32 0, void @empty_0, void @empty_0, i32 4294967295, i32 0"   --->   Operation 83 'specinterface' 'specinterface_ln0' <Predicate = true> <Delay = 0.00>
ST_2 : Operation 84 [1/1] (0.00ns)   --->   "%specbitsmap_ln0 = specbitsmap void @_ssdm_op_SpecBitsMap, i16 %layer2_out_15"   --->   Operation 84 'specbitsmap' 'specbitsmap_ln0' <Predicate = true> <Delay = 0.00>
ST_2 : Operation 85 [1/1] (0.00ns)   --->   "%specinterface_ln0 = specinterface void @_ssdm_op_SpecInterface, i16 %layer2_out_15, void @empty, i32 0, i32 0, void @empty_0, i32 0, i32 0, void @empty_0, void @empty_0, void @empty_0, i32 0, i32 0, i32 0, i32 0, void @empty_0, void @empty_0, i32 4294967295, i32 0"   --->   Operation 85 'specinterface' 'specinterface_ln0' <Predicate = true> <Delay = 0.00>
ST_2 : Operation 86 [1/1] (0.00ns)   --->   "%specbitsmap_ln0 = specbitsmap void @_ssdm_op_SpecBitsMap, i16 %layer2_out_16"   --->   Operation 86 'specbitsmap' 'specbitsmap_ln0' <Predicate = true> <Delay = 0.00>
ST_2 : Operation 87 [1/1] (0.00ns)   --->   "%specinterface_ln0 = specinterface void @_ssdm_op_SpecInterface, i16 %layer2_out_16, void @empty, i32 0, i32 0, void @empty_0, i32 0, i32 0, void @empty_0, void @empty_0, void @empty_0, i32 0, i32 0, i32 0, i32 0, void @empty_0, void @empty_0, i32 4294967295, i32 0"   --->   Operation 87 'specinterface' 'specinterface_ln0' <Predicate = true> <Delay = 0.00>
ST_2 : Operation 88 [1/1] (0.00ns)   --->   "%specbitsmap_ln0 = specbitsmap void @_ssdm_op_SpecBitsMap, i16 %layer2_out_17"   --->   Operation 88 'specbitsmap' 'specbitsmap_ln0' <Predicate = true> <Delay = 0.00>
ST_2 : Operation 89 [1/1] (0.00ns)   --->   "%specinterface_ln0 = specinterface void @_ssdm_op_SpecInterface, i16 %layer2_out_17, void @empty, i32 0, i32 0, void @empty_0, i32 0, i32 0, void @empty_0, void @empty_0, void @empty_0, i32 0, i32 0, i32 0, i32 0, void @empty_0, void @empty_0, i32 4294967295, i32 0"   --->   Operation 89 'specinterface' 'specinterface_ln0' <Predicate = true> <Delay = 0.00>
ST_2 : Operation 90 [1/1] (0.00ns)   --->   "%specbitsmap_ln0 = specbitsmap void @_ssdm_op_SpecBitsMap, i16 %layer2_out_18"   --->   Operation 90 'specbitsmap' 'specbitsmap_ln0' <Predicate = true> <Delay = 0.00>
ST_2 : Operation 91 [1/1] (0.00ns)   --->   "%specinterface_ln0 = specinterface void @_ssdm_op_SpecInterface, i16 %layer2_out_18, void @empty, i32 0, i32 0, void @empty_0, i32 0, i32 0, void @empty_0, void @empty_0, void @empty_0, i32 0, i32 0, i32 0, i32 0, void @empty_0, void @empty_0, i32 4294967295, i32 0"   --->   Operation 91 'specinterface' 'specinterface_ln0' <Predicate = true> <Delay = 0.00>
ST_2 : Operation 92 [1/1] (0.00ns)   --->   "%specbitsmap_ln0 = specbitsmap void @_ssdm_op_SpecBitsMap, i16 %layer2_out_19"   --->   Operation 92 'specbitsmap' 'specbitsmap_ln0' <Predicate = true> <Delay = 0.00>
ST_2 : Operation 93 [1/1] (0.00ns)   --->   "%specinterface_ln0 = specinterface void @_ssdm_op_SpecInterface, i16 %layer2_out_19, void @empty, i32 0, i32 0, void @empty_0, i32 0, i32 0, void @empty_0, void @empty_0, void @empty_0, i32 0, i32 0, i32 0, i32 0, void @empty_0, void @empty_0, i32 4294967295, i32 0"   --->   Operation 93 'specinterface' 'specinterface_ln0' <Predicate = true> <Delay = 0.00>
ST_2 : Operation 94 [1/2] (2.95ns)   --->   "%call_ret6_i = call i80 @layernorm_1d<ap_fixed<16, 6, 5, 3, 0>, ap_fixed<16, 6, 5, 3, 0>, config2>, i16 %layer4_out, i16 %layer4_out_20, i16 %layer4_out_21, i16 %layer4_out_22, i16 %layer4_out_23, i21 %index_table, i29 %invert_sqr_table" [firmware/nnet_utils/nnet_layernorm.h:148->firmware/myproject.cpp:40]   --->   Operation 94 'call' 'call_ret6_i' <Predicate = true> <Delay = 2.95> <CoreType = "Generic">   --->   Core 0 '' <Latency = 0> <II = 1> <Delay = 1.00> <Generic> <Opcode : >
ST_2 : Operation 95 [1/1] (0.00ns)   --->   "%outval = extractvalue i80 %call_ret6_i" [firmware/nnet_utils/nnet_layernorm.h:148->firmware/myproject.cpp:40]   --->   Operation 95 'extractvalue' 'outval' <Predicate = true> <Delay = 0.00>
ST_2 : Operation 96 [1/1] (0.00ns)   --->   "%outval_1 = extractvalue i80 %call_ret6_i" [firmware/nnet_utils/nnet_layernorm.h:148->firmware/myproject.cpp:40]   --->   Operation 96 'extractvalue' 'outval_1' <Predicate = true> <Delay = 0.00>
ST_2 : Operation 97 [1/1] (0.00ns)   --->   "%outval_2 = extractvalue i80 %call_ret6_i" [firmware/nnet_utils/nnet_layernorm.h:148->firmware/myproject.cpp:40]   --->   Operation 97 'extractvalue' 'outval_2' <Predicate = true> <Delay = 0.00>
ST_2 : Operation 98 [1/1] (0.00ns)   --->   "%outval_3 = extractvalue i80 %call_ret6_i" [firmware/nnet_utils/nnet_layernorm.h:148->firmware/myproject.cpp:40]   --->   Operation 98 'extractvalue' 'outval_3' <Predicate = true> <Delay = 0.00>
ST_2 : Operation 99 [1/1] (0.00ns)   --->   "%outval_4 = extractvalue i80 %call_ret6_i" [firmware/nnet_utils/nnet_layernorm.h:148->firmware/myproject.cpp:40]   --->   Operation 99 'extractvalue' 'outval_4' <Predicate = true> <Delay = 0.00>
ST_2 : Operation 100 [1/2] (2.95ns)   --->   "%call_ret1_i = call i80 @layernorm_1d<ap_fixed<16, 6, 5, 3, 0>, ap_fixed<16, 6, 5, 3, 0>, config2>, i16 %layer4_out_24, i16 %layer4_out_25, i16 %layer4_out_26, i16 %layer4_out_27, i16 %layer4_out_28, i21 %index_table, i29 %invert_sqr_table" [firmware/nnet_utils/nnet_layernorm.h:148->firmware/myproject.cpp:40]   --->   Operation 100 'call' 'call_ret1_i' <Predicate = true> <Delay = 2.95> <CoreType = "Generic">   --->   Core 0 '' <Latency = 0> <II = 1> <Delay = 1.00> <Generic> <Opcode : >
ST_2 : Operation 101 [1/1] (0.00ns)   --->   "%outval_5 = extractvalue i80 %call_ret1_i" [firmware/nnet_utils/nnet_layernorm.h:148->firmware/myproject.cpp:40]   --->   Operation 101 'extractvalue' 'outval_5' <Predicate = true> <Delay = 0.00>
ST_2 : Operation 102 [1/1] (0.00ns)   --->   "%outval_6 = extractvalue i80 %call_ret1_i" [firmware/nnet_utils/nnet_layernorm.h:148->firmware/myproject.cpp:40]   --->   Operation 102 'extractvalue' 'outval_6' <Predicate = true> <Delay = 0.00>
ST_2 : Operation 103 [1/1] (0.00ns)   --->   "%outval_7 = extractvalue i80 %call_ret1_i" [firmware/nnet_utils/nnet_layernorm.h:148->firmware/myproject.cpp:40]   --->   Operation 103 'extractvalue' 'outval_7' <Predicate = true> <Delay = 0.00>
ST_2 : Operation 104 [1/1] (0.00ns)   --->   "%outval_8 = extractvalue i80 %call_ret1_i" [firmware/nnet_utils/nnet_layernorm.h:148->firmware/myproject.cpp:40]   --->   Operation 104 'extractvalue' 'outval_8' <Predicate = true> <Delay = 0.00>
ST_2 : Operation 105 [1/1] (0.00ns)   --->   "%outval_9 = extractvalue i80 %call_ret1_i" [firmware/nnet_utils/nnet_layernorm.h:148->firmware/myproject.cpp:40]   --->   Operation 105 'extractvalue' 'outval_9' <Predicate = true> <Delay = 0.00>
ST_2 : Operation 106 [1/2] (2.95ns)   --->   "%call_ret2_i = call i80 @layernorm_1d<ap_fixed<16, 6, 5, 3, 0>, ap_fixed<16, 6, 5, 3, 0>, config2>, i16 %layer4_out_29, i16 %layer4_out_30, i16 %layer4_out_31, i16 %layer4_out_32, i16 %layer4_out_33, i21 %index_table, i29 %invert_sqr_table" [firmware/nnet_utils/nnet_layernorm.h:148->firmware/myproject.cpp:40]   --->   Operation 106 'call' 'call_ret2_i' <Predicate = true> <Delay = 2.95> <CoreType = "Generic">   --->   Core 0 '' <Latency = 0> <II = 1> <Delay = 1.00> <Generic> <Opcode : >
ST_2 : Operation 107 [1/1] (0.00ns)   --->   "%outval_10 = extractvalue i80 %call_ret2_i" [firmware/nnet_utils/nnet_layernorm.h:148->firmware/myproject.cpp:40]   --->   Operation 107 'extractvalue' 'outval_10' <Predicate = true> <Delay = 0.00>
ST_2 : Operation 108 [1/1] (0.00ns)   --->   "%outval_11 = extractvalue i80 %call_ret2_i" [firmware/nnet_utils/nnet_layernorm.h:148->firmware/myproject.cpp:40]   --->   Operation 108 'extractvalue' 'outval_11' <Predicate = true> <Delay = 0.00>
ST_2 : Operation 109 [1/1] (0.00ns)   --->   "%outval_12 = extractvalue i80 %call_ret2_i" [firmware/nnet_utils/nnet_layernorm.h:148->firmware/myproject.cpp:40]   --->   Operation 109 'extractvalue' 'outval_12' <Predicate = true> <Delay = 0.00>
ST_2 : Operation 110 [1/1] (0.00ns)   --->   "%outval_13 = extractvalue i80 %call_ret2_i" [firmware/nnet_utils/nnet_layernorm.h:148->firmware/myproject.cpp:40]   --->   Operation 110 'extractvalue' 'outval_13' <Predicate = true> <Delay = 0.00>
ST_2 : Operation 111 [1/1] (0.00ns)   --->   "%outval_14 = extractvalue i80 %call_ret2_i" [firmware/nnet_utils/nnet_layernorm.h:148->firmware/myproject.cpp:40]   --->   Operation 111 'extractvalue' 'outval_14' <Predicate = true> <Delay = 0.00>
ST_2 : Operation 112 [1/2] (2.95ns)   --->   "%call_ret_i = call i80 @layernorm_1d<ap_fixed<16, 6, 5, 3, 0>, ap_fixed<16, 6, 5, 3, 0>, config2>, i16 %layer4_out_34, i16 %layer4_out_35, i16 %layer4_out_36, i16 %layer4_out_37, i16 %layer4_out_38, i21 %index_table, i29 %invert_sqr_table" [firmware/nnet_utils/nnet_layernorm.h:148->firmware/myproject.cpp:40]   --->   Operation 112 'call' 'call_ret_i' <Predicate = true> <Delay = 2.95> <CoreType = "Generic">   --->   Core 0 '' <Latency = 0> <II = 1> <Delay = 1.00> <Generic> <Opcode : >
ST_2 : Operation 113 [1/1] (0.00ns)   --->   "%outval_15 = extractvalue i80 %call_ret_i" [firmware/nnet_utils/nnet_layernorm.h:148->firmware/myproject.cpp:40]   --->   Operation 113 'extractvalue' 'outval_15' <Predicate = true> <Delay = 0.00>
ST_2 : Operation 114 [1/1] (0.00ns)   --->   "%outval_16 = extractvalue i80 %call_ret_i" [firmware/nnet_utils/nnet_layernorm.h:148->firmware/myproject.cpp:40]   --->   Operation 114 'extractvalue' 'outval_16' <Predicate = true> <Delay = 0.00>
ST_2 : Operation 115 [1/1] (0.00ns)   --->   "%outval_17 = extractvalue i80 %call_ret_i" [firmware/nnet_utils/nnet_layernorm.h:148->firmware/myproject.cpp:40]   --->   Operation 115 'extractvalue' 'outval_17' <Predicate = true> <Delay = 0.00>
ST_2 : Operation 116 [1/1] (0.00ns)   --->   "%outval_18 = extractvalue i80 %call_ret_i" [firmware/nnet_utils/nnet_layernorm.h:148->firmware/myproject.cpp:40]   --->   Operation 116 'extractvalue' 'outval_18' <Predicate = true> <Delay = 0.00>
ST_2 : Operation 117 [1/1] (0.00ns)   --->   "%outval_19 = extractvalue i80 %call_ret_i" [firmware/nnet_utils/nnet_layernorm.h:148->firmware/myproject.cpp:40]   --->   Operation 117 'extractvalue' 'outval_19' <Predicate = true> <Delay = 0.00>
ST_2 : Operation 118 [1/1] (0.00ns)   --->   "%write_ln40 = write void @_ssdm_op_Write.ap_vld.i16P0A, i16 %layer2_out_0, i16 %outval" [firmware/myproject.cpp:40]   --->   Operation 118 'write' 'write_ln40' <Predicate = true> <Delay = 0.00>
ST_2 : Operation 119 [1/1] (0.00ns)   --->   "%write_ln40 = write void @_ssdm_op_Write.ap_vld.i16P0A, i16 %layer2_out_1, i16 %outval_1" [firmware/myproject.cpp:40]   --->   Operation 119 'write' 'write_ln40' <Predicate = true> <Delay = 0.00>
ST_2 : Operation 120 [1/1] (0.00ns)   --->   "%write_ln40 = write void @_ssdm_op_Write.ap_vld.i16P0A, i16 %layer2_out_2, i16 %outval_2" [firmware/myproject.cpp:40]   --->   Operation 120 'write' 'write_ln40' <Predicate = true> <Delay = 0.00>
ST_2 : Operation 121 [1/1] (0.00ns)   --->   "%write_ln40 = write void @_ssdm_op_Write.ap_vld.i16P0A, i16 %layer2_out_3, i16 %outval_3" [firmware/myproject.cpp:40]   --->   Operation 121 'write' 'write_ln40' <Predicate = true> <Delay = 0.00>
ST_2 : Operation 122 [1/1] (0.00ns)   --->   "%write_ln40 = write void @_ssdm_op_Write.ap_vld.i16P0A, i16 %layer2_out_4, i16 %outval_4" [firmware/myproject.cpp:40]   --->   Operation 122 'write' 'write_ln40' <Predicate = true> <Delay = 0.00>
ST_2 : Operation 123 [1/1] (0.00ns)   --->   "%write_ln40 = write void @_ssdm_op_Write.ap_vld.i16P0A, i16 %layer2_out_5, i16 %outval_5" [firmware/myproject.cpp:40]   --->   Operation 123 'write' 'write_ln40' <Predicate = true> <Delay = 0.00>
ST_2 : Operation 124 [1/1] (0.00ns)   --->   "%write_ln40 = write void @_ssdm_op_Write.ap_vld.i16P0A, i16 %layer2_out_6, i16 %outval_6" [firmware/myproject.cpp:40]   --->   Operation 124 'write' 'write_ln40' <Predicate = true> <Delay = 0.00>
ST_2 : Operation 125 [1/1] (0.00ns)   --->   "%write_ln40 = write void @_ssdm_op_Write.ap_vld.i16P0A, i16 %layer2_out_7, i16 %outval_7" [firmware/myproject.cpp:40]   --->   Operation 125 'write' 'write_ln40' <Predicate = true> <Delay = 0.00>
ST_2 : Operation 126 [1/1] (0.00ns)   --->   "%write_ln40 = write void @_ssdm_op_Write.ap_vld.i16P0A, i16 %layer2_out_8, i16 %outval_8" [firmware/myproject.cpp:40]   --->   Operation 126 'write' 'write_ln40' <Predicate = true> <Delay = 0.00>
ST_2 : Operation 127 [1/1] (0.00ns)   --->   "%write_ln40 = write void @_ssdm_op_Write.ap_vld.i16P0A, i16 %layer2_out_9, i16 %outval_9" [firmware/myproject.cpp:40]   --->   Operation 127 'write' 'write_ln40' <Predicate = true> <Delay = 0.00>
ST_2 : Operation 128 [1/1] (0.00ns)   --->   "%write_ln40 = write void @_ssdm_op_Write.ap_vld.i16P0A, i16 %layer2_out_10, i16 %outval_10" [firmware/myproject.cpp:40]   --->   Operation 128 'write' 'write_ln40' <Predicate = true> <Delay = 0.00>
ST_2 : Operation 129 [1/1] (0.00ns)   --->   "%write_ln40 = write void @_ssdm_op_Write.ap_vld.i16P0A, i16 %layer2_out_11, i16 %outval_11" [firmware/myproject.cpp:40]   --->   Operation 129 'write' 'write_ln40' <Predicate = true> <Delay = 0.00>
ST_2 : Operation 130 [1/1] (0.00ns)   --->   "%write_ln40 = write void @_ssdm_op_Write.ap_vld.i16P0A, i16 %layer2_out_12, i16 %outval_12" [firmware/myproject.cpp:40]   --->   Operation 130 'write' 'write_ln40' <Predicate = true> <Delay = 0.00>
ST_2 : Operation 131 [1/1] (0.00ns)   --->   "%write_ln40 = write void @_ssdm_op_Write.ap_vld.i16P0A, i16 %layer2_out_13, i16 %outval_13" [firmware/myproject.cpp:40]   --->   Operation 131 'write' 'write_ln40' <Predicate = true> <Delay = 0.00>
ST_2 : Operation 132 [1/1] (0.00ns)   --->   "%write_ln40 = write void @_ssdm_op_Write.ap_vld.i16P0A, i16 %layer2_out_14, i16 %outval_14" [firmware/myproject.cpp:40]   --->   Operation 132 'write' 'write_ln40' <Predicate = true> <Delay = 0.00>
ST_2 : Operation 133 [1/1] (0.00ns)   --->   "%write_ln40 = write void @_ssdm_op_Write.ap_vld.i16P0A, i16 %layer2_out_15, i16 %outval_15" [firmware/myproject.cpp:40]   --->   Operation 133 'write' 'write_ln40' <Predicate = true> <Delay = 0.00>
ST_2 : Operation 134 [1/1] (0.00ns)   --->   "%write_ln40 = write void @_ssdm_op_Write.ap_vld.i16P0A, i16 %layer2_out_16, i16 %outval_16" [firmware/myproject.cpp:40]   --->   Operation 134 'write' 'write_ln40' <Predicate = true> <Delay = 0.00>
ST_2 : Operation 135 [1/1] (0.00ns)   --->   "%write_ln40 = write void @_ssdm_op_Write.ap_vld.i16P0A, i16 %layer2_out_17, i16 %outval_17" [firmware/myproject.cpp:40]   --->   Operation 135 'write' 'write_ln40' <Predicate = true> <Delay = 0.00>
ST_2 : Operation 136 [1/1] (0.00ns)   --->   "%write_ln40 = write void @_ssdm_op_Write.ap_vld.i16P0A, i16 %layer2_out_18, i16 %outval_18" [firmware/myproject.cpp:40]   --->   Operation 136 'write' 'write_ln40' <Predicate = true> <Delay = 0.00>
ST_2 : Operation 137 [1/1] (0.00ns)   --->   "%write_ln40 = write void @_ssdm_op_Write.ap_vld.i16P0A, i16 %layer2_out_19, i16 %outval_19" [firmware/myproject.cpp:40]   --->   Operation 137 'write' 'write_ln40' <Predicate = true> <Delay = 0.00>
ST_2 : Operation 138 [1/1] (0.00ns)   --->   "%ret_ln42 = ret" [firmware/myproject.cpp:42]   --->   Operation 138 'ret' 'ret_ln42' <Predicate = true> <Delay = 0.00>


============================================================
+ Verbose Summary: Timing violations
============================================================
Target clock period: 5.000ns, clock uncertainty: 0.625ns.

 <State 1>: 4.254ns
The critical path consists of the following:
	wire read operation ('input_1_read') on port 'input_1' [68]  (0.000 ns)
	'call' operation 320 bit ('call_ret3', firmware/myproject.cpp:34) to 'transpose_2d<ap_fixed<16, 6, 5, 3, 0>, ap_fixed<16, 6, 5, 3, 0>, config3>' [69]  (0.000 ns)
	'call' operation 320 bit ('call_ret', firmware/myproject.cpp:38) to 'transpose_2d<ap_fixed<16, 6, 5, 3, 0>, ap_fixed<16, 6, 5, 3, 0>, config4>' [90]  (0.000 ns)
	'call' operation 80 bit ('call_ret6_i', firmware/nnet_utils/nnet_layernorm.h:148->firmware/myproject.cpp:40) to 'layernorm_1d<ap_fixed<16, 6, 5, 3, 0>, ap_fixed<16, 6, 5, 3, 0>, config2>' [111]  (4.254 ns)

 <State 2>: 2.952ns
The critical path consists of the following:
	'call' operation 80 bit ('call_ret6_i', firmware/nnet_utils/nnet_layernorm.h:148->firmware/myproject.cpp:40) to 'layernorm_1d<ap_fixed<16, 6, 5, 3, 0>, ap_fixed<16, 6, 5, 3, 0>, config2>' [111]  (2.952 ns)


============================================================
+ Verbose Summary: Binding
============================================================
N/A
* FSMD analyzer results:
  - Output states:
 - Input state : 
  - Chain level:
	State 1
	State 2


============================================================
+ Verbose Summary: Datapath Resource usage 
============================================================
N/A
