

================================================================
== Vitis HLS Report for 'layernorm_1d_ap_fixed_16_6_5_3_0_ap_fixed_16_6_5_3_0_config2_s'
================================================================
* Date:           Mon Dec  9 05:26:46 2024

* Version:        2023.2 (Build 4023990 on Oct 11 2023)
* Project:        myproject_prj
* Solution:       solution1 (Vivado IP Flow Target)
* Product family: virtexuplus
* Target device:  xcvu13p-flga2577-2-e


================================================================
== Performance Estimates
================================================================
+ Timing: 
    * Summary: 
    +--------+---------+----------+------------+
    |  Clock |  Target | Estimated| Uncertainty|
    +--------+---------+----------+------------+
    |ap_clk  |  5.00 ns|  4.322 ns|     0.62 ns|
    +--------+---------+----------+------------+

+ Latency: 
    * Summary: 
    +---------+---------+-----------+-----------+-----+-----+---------+
    |  Latency (cycles) |   Latency (absolute)  |  Interval | Pipeline|
    |   min   |   max   |    min    |    max    | min | max |   Type  |
    +---------+---------+-----------+-----------+-----+-----+---------+
    |        5|        5|  25.000 ns|  25.000 ns|    1|    1|      yes|
    +---------+---------+-----------+-----------+-----+-----+---------+

    + Detail: 
        * Instance: 
        N/A

        * Loop: 
        N/A



================================================================
== Utilization Estimates
================================================================
* Summary: 
+---------------------+---------+-------+---------+---------+------+
|         Name        | BRAM_18K|  DSP  |    FF   |   LUT   | URAM |
+---------------------+---------+-------+---------+---------+------+
|DSP                  |        -|      -|        -|        -|     -|
|Expression           |        -|      -|        0|      834|     -|
|FIFO                 |        -|      -|        -|        -|     -|
|Instance             |        -|     32|        0|      484|     -|
|Memory               |       11|      -|        0|        0|     -|
|Multiplexer          |        -|      -|        -|        -|     -|
|Register             |        -|      -|     1127|      320|     -|
+---------------------+---------+-------+---------+---------+------+
|Total                |       11|     32|     1127|     1638|     0|
+---------------------+---------+-------+---------+---------+------+
|Available SLR        |     1344|   3072|   864000|   432000|   320|
+---------------------+---------+-------+---------+---------+------+
|Utilization SLR (%)  |       ~0|      1|       ~0|       ~0|     0|
+---------------------+---------+-------+---------+---------+------+
|Available            |     5376|  12288|  3456000|  1728000|  1280|
+---------------------+---------+-------+---------+---------+------+
|Utilization (%)      |       ~0|     ~0|       ~0|       ~0|     0|
+---------------------+---------+-------+---------+---------+------+

+ Detail: 
    * Instance: 
    +--------------------------+---------------------+---------+----+---+----+-----+
    |         Instance         |        Module       | BRAM_18K| DSP| FF| LUT| URAM|
    +--------------------------+---------------------+---------+----+---+----+-----+
    |mul_22s_11s_26_1_1_U214   |mul_22s_11s_26_1_1   |        0|   1|  0|  22|    0|
    |mul_22s_11s_26_1_1_U215   |mul_22s_11s_26_1_1   |        0|   1|  0|  22|    0|
    |mul_22s_11s_26_1_1_U216   |mul_22s_11s_26_1_1   |        0|   1|  0|  22|    0|
    |mul_22s_11s_26_1_1_U217   |mul_22s_11s_26_1_1   |        0|   1|  0|  22|    0|
    |mul_22s_11s_26_1_1_U218   |mul_22s_11s_26_1_1   |        0|   1|  0|  22|    0|
    |mul_22s_11s_26_1_1_U219   |mul_22s_11s_26_1_1   |        0|   1|  0|  22|    0|
    |mul_22s_11s_26_1_1_U220   |mul_22s_11s_26_1_1   |        0|   1|  0|  22|    0|
    |mul_22s_11s_26_1_1_U221   |mul_22s_11s_26_1_1   |        0|   1|  0|  22|    0|
    |mul_22s_11s_26_1_1_U222   |mul_22s_11s_26_1_1   |        0|   1|  0|  22|    0|
    |mul_22s_11s_26_1_1_U223   |mul_22s_11s_26_1_1   |        0|   1|  0|  22|    0|
    |mul_22s_14ns_36_1_1_U212  |mul_22s_14ns_36_1_1  |        0|   1|  0|  22|    0|
    |mul_22s_14ns_36_1_1_U213  |mul_22s_14ns_36_1_1  |        0|   1|  0|  22|    0|
    |mul_22s_22s_38_1_1_U202   |mul_22s_22s_38_1_1   |        0|   2|  0|  22|    0|
    |mul_22s_22s_38_1_1_U203   |mul_22s_22s_38_1_1   |        0|   2|  0|  22|    0|
    |mul_22s_22s_38_1_1_U204   |mul_22s_22s_38_1_1   |        0|   2|  0|  22|    0|
    |mul_22s_22s_38_1_1_U205   |mul_22s_22s_38_1_1   |        0|   2|  0|  22|    0|
    |mul_22s_22s_38_1_1_U206   |mul_22s_22s_38_1_1   |        0|   2|  0|  22|    0|
    |mul_22s_22s_38_1_1_U207   |mul_22s_22s_38_1_1   |        0|   2|  0|  22|    0|
    |mul_22s_22s_38_1_1_U208   |mul_22s_22s_38_1_1   |        0|   2|  0|  22|    0|
    |mul_22s_22s_38_1_1_U209   |mul_22s_22s_38_1_1   |        0|   2|  0|  22|    0|
    |mul_22s_22s_38_1_1_U210   |mul_22s_22s_38_1_1   |        0|   2|  0|  22|    0|
    |mul_22s_22s_38_1_1_U211   |mul_22s_22s_38_1_1   |        0|   2|  0|  22|    0|
    +--------------------------+---------------------+---------+----+---+----+-----+
    |Total                     |                     |        0|  32|  0| 484|    0|
    +--------------------------+---------------------+---------+----+---+----+-----+

    * DSP: 
    N/A

    * Memory: 
    +--------------------+----------------------------------------------------------------------------------+---------+---+----+-----+-------+-----+------+-------------+
    |       Memory       |                                      Module                                      | BRAM_18K| FF| LUT| URAM| Words | Bits| Banks| W*Bits*Banks|
    +--------------------+----------------------------------------------------------------------------------+---------+---+----+-----+-------+-----+------+-------------+
    |invert_sqr_table_U  |layernorm_1d_ap_fixed_16_6_5_3_0_ap_fixed_16_6_5_3_0_config2_s_invert_sqr_tabbkb  |       11|  0|   0|    0|  16384|   11|     1|       180224|
    +--------------------+----------------------------------------------------------------------------------+---------+---+----+-----+-------+-----+------+-------------+
    |Total               |                                                                                  |       11|  0|   0|    0|  16384|   11|     1|       180224|
    +--------------------+----------------------------------------------------------------------------------+---------+---+----+-----+-------+-----+------+-------------+

    * FIFO: 
    N/A

    * Expression: 
    +------------------------+----------+----+---+----+------------+------------+
    |      Variable Name     | Operation| DSP| FF| LUT| Bitwidth P0| Bitwidth P1|
    +------------------------+----------+----+---+----+------------+------------+
    |add_ln128_1_fu_283_p2   |         +|   0|  0|  29|          22|          22|
    |add_ln128_2_fu_289_p2   |         +|   0|  0|  22|          22|          22|
    |add_ln128_3_fu_295_p2   |         +|   0|  0|  22|          22|          22|
    |add_ln128_4_fu_301_p2   |         +|   0|  0|  22|          22|          22|
    |add_ln128_5_fu_307_p2   |         +|   0|  0|  22|          22|          22|
    |add_ln128_6_fu_313_p2   |         +|   0|  0|  22|          22|          22|
    |add_ln128_7_fu_319_p2   |         +|   0|  0|  22|          22|          22|
    |add_ln128_8_fu_325_p2   |         +|   0|  0|  22|          22|          22|
    |add_ln128_fu_331_p2     |         +|   0|  0|  22|          22|          22|
    |add_ln136_1_fu_560_p2   |         +|   0|  0|  29|          22|          22|
    |add_ln136_2_fu_566_p2   |         +|   0|  0|  22|          22|          22|
    |add_ln136_3_fu_572_p2   |         +|   0|  0|  22|          22|          22|
    |add_ln136_4_fu_602_p2   |         +|   0|  0|  22|          22|          22|
    |add_ln136_5_fu_578_p2   |         +|   0|  0|  22|          22|          22|
    |add_ln136_6_fu_584_p2   |         +|   0|  0|  22|          22|          22|
    |add_ln136_7_fu_590_p2   |         +|   0|  0|  22|          22|          22|
    |add_ln136_8_fu_596_p2   |         +|   0|  0|  22|          22|          22|
    |add_ln136_fu_606_p2     |         +|   0|  0|  22|          22|          22|
    |add_ln140_fu_667_p2     |         +|   0|  0|  26|          19|           1|
    |sub_ln134_1_fu_365_p2   |         -|   0|  0|  29|          22|          22|
    |sub_ln134_2_fu_370_p2   |         -|   0|  0|  29|          22|          22|
    |sub_ln134_3_fu_375_p2   |         -|   0|  0|  29|          22|          22|
    |sub_ln134_4_fu_380_p2   |         -|   0|  0|  29|          22|          22|
    |sub_ln134_5_fu_385_p2   |         -|   0|  0|  29|          22|          22|
    |sub_ln134_6_fu_390_p2   |         -|   0|  0|  29|          22|          22|
    |sub_ln134_7_fu_395_p2   |         -|   0|  0|  29|          22|          22|
    |sub_ln134_8_fu_400_p2   |         -|   0|  0|  29|          22|          22|
    |sub_ln134_9_fu_405_p2   |         -|   0|  0|  29|          22|          22|
    |sub_ln134_fu_360_p2     |         -|   0|  0|  29|          22|          22|
    |icmp_ln140_fu_661_p2    |      icmp|   0|  0|  23|          16|           1|
    |icmp_ln143_fu_721_p2    |      icmp|   0|  0|  12|           5|           1|
    |index_1_fu_700_p3       |    select|   0|  0|  19|           1|           1|
    |index_2_fu_727_p3       |    select|   0|  0|  14|           1|           2|
    |index_fu_681_p3         |    select|   0|  0|  19|           1|          19|
    |select_ln140_fu_673_p3  |    select|   0|  0|  19|           1|          19|
    |ap_enable_pp0           |       xor|   0|  0|   2|           1|           2|
    +------------------------+----------+----+---+----+------------+------------+
    |Total                   |          |   0|  0| 834|         661|         662|
    +------------------------+----------+----+---+----+------------+------------+

    * Multiplexer: 
    N/A

    * Register: 
    +-------------------------+----+----+-----+-----------+
    |           Name          | FF | LUT| Bits| Const Bits|
    +-------------------------+----+----+-----+-----------+
    |add_ln128_reg_1044       |  16|   0|   22|          6|
    |add_ln136_1_reg_1109     |  22|   0|   22|          0|
    |add_ln136_3_reg_1114     |  22|   0|   22|          0|
    |add_ln136_8_reg_1119     |  22|   0|   22|          0|
    |ap_CS_fsm                |   1|   0|    1|          0|
    |ap_enable_reg_pp0_iter1  |   1|   0|    1|          0|
    |ap_enable_reg_pp0_iter2  |   1|   0|    1|          0|
    |ap_enable_reg_pp0_iter3  |   1|   0|    1|          0|
    |ap_enable_reg_pp0_iter4  |   1|   0|    1|          0|
    |ap_enable_reg_pp0_iter5  |   1|   0|    1|          0|
    |index_reg_1124           |  19|   0|   19|          0|
    |shl_ln128_1_reg_1004     |  16|   0|   22|          6|
    |shl_ln128_2_reg_1009     |  16|   0|   22|          6|
    |shl_ln128_3_reg_1014     |  16|   0|   22|          6|
    |shl_ln128_4_reg_1019     |  16|   0|   22|          6|
    |shl_ln128_5_reg_1024     |  16|   0|   22|          6|
    |shl_ln128_6_reg_1029     |  16|   0|   22|          6|
    |shl_ln128_7_reg_1034     |  16|   0|   22|          6|
    |shl_ln128_8_reg_1039     |  16|   0|   22|          6|
    |shl_ln_reg_999           |  16|   0|   22|          6|
    |sub_ln134_1_reg_1055     |  22|   0|   22|          0|
    |sub_ln134_2_reg_1061     |  22|   0|   22|          0|
    |sub_ln134_3_reg_1067     |  22|   0|   22|          0|
    |sub_ln134_4_reg_1073     |  22|   0|   22|          0|
    |sub_ln134_5_reg_1079     |  22|   0|   22|          0|
    |sub_ln134_6_reg_1085     |  22|   0|   22|          0|
    |sub_ln134_7_reg_1091     |  22|   0|   22|          0|
    |sub_ln134_8_reg_1097     |  22|   0|   22|          0|
    |sub_ln134_9_reg_1103     |  22|   0|   22|          0|
    |sub_ln134_reg_1049       |  22|   0|   22|          0|
    |sum_cache_reg_994        |  16|   0|   22|          6|
    |sub_ln134_1_reg_1055     |  64|  32|   22|          0|
    |sub_ln134_2_reg_1061     |  64|  32|   22|          0|
    |sub_ln134_3_reg_1067     |  64|  32|   22|          0|
    |sub_ln134_4_reg_1073     |  64|  32|   22|          0|
    |sub_ln134_5_reg_1079     |  64|  32|   22|          0|
    |sub_ln134_6_reg_1085     |  64|  32|   22|          0|
    |sub_ln134_7_reg_1091     |  64|  32|   22|          0|
    |sub_ln134_8_reg_1097     |  64|  32|   22|          0|
    |sub_ln134_9_reg_1103     |  64|  32|   22|          0|
    |sub_ln134_reg_1049       |  64|  32|   22|          0|
    +-------------------------+----+----+-----+-----------+
    |Total                    |1127| 320|  773|         66|
    +-------------------------+----+----+-----+-----------+



================================================================
== Interface
================================================================
* Summary: 
+-------------+-----+-----+------------+---------------------------------------------------------------------------+--------------+
|  RTL Ports  | Dir | Bits|  Protocol  |                               Source Object                               |    C Type    |
+-------------+-----+-----+------------+---------------------------------------------------------------------------+--------------+
|ap_clk       |   in|    1|  ap_ctrl_hs|  layernorm_1d<ap_fixed<16, 6, 5, 3, 0>, ap_fixed<16, 6, 5, 3, 0>, config2>|  return value|
|ap_rst       |   in|    1|  ap_ctrl_hs|  layernorm_1d<ap_fixed<16, 6, 5, 3, 0>, ap_fixed<16, 6, 5, 3, 0>, config2>|  return value|
|ap_start     |   in|    1|  ap_ctrl_hs|  layernorm_1d<ap_fixed<16, 6, 5, 3, 0>, ap_fixed<16, 6, 5, 3, 0>, config2>|  return value|
|ap_done      |  out|    1|  ap_ctrl_hs|  layernorm_1d<ap_fixed<16, 6, 5, 3, 0>, ap_fixed<16, 6, 5, 3, 0>, config2>|  return value|
|ap_idle      |  out|    1|  ap_ctrl_hs|  layernorm_1d<ap_fixed<16, 6, 5, 3, 0>, ap_fixed<16, 6, 5, 3, 0>, config2>|  return value|
|ap_ready     |  out|    1|  ap_ctrl_hs|  layernorm_1d<ap_fixed<16, 6, 5, 3, 0>, ap_fixed<16, 6, 5, 3, 0>, config2>|  return value|
|ap_ce        |   in|    1|  ap_ctrl_hs|  layernorm_1d<ap_fixed<16, 6, 5, 3, 0>, ap_fixed<16, 6, 5, 3, 0>, config2>|  return value|
|ap_return_0  |  out|   16|  ap_ctrl_hs|  layernorm_1d<ap_fixed<16, 6, 5, 3, 0>, ap_fixed<16, 6, 5, 3, 0>, config2>|  return value|
|ap_return_1  |  out|   16|  ap_ctrl_hs|  layernorm_1d<ap_fixed<16, 6, 5, 3, 0>, ap_fixed<16, 6, 5, 3, 0>, config2>|  return value|
|ap_return_2  |  out|   16|  ap_ctrl_hs|  layernorm_1d<ap_fixed<16, 6, 5, 3, 0>, ap_fixed<16, 6, 5, 3, 0>, config2>|  return value|
|ap_return_3  |  out|   16|  ap_ctrl_hs|  layernorm_1d<ap_fixed<16, 6, 5, 3, 0>, ap_fixed<16, 6, 5, 3, 0>, config2>|  return value|
|ap_return_4  |  out|   16|  ap_ctrl_hs|  layernorm_1d<ap_fixed<16, 6, 5, 3, 0>, ap_fixed<16, 6, 5, 3, 0>, config2>|  return value|
|ap_return_5  |  out|   16|  ap_ctrl_hs|  layernorm_1d<ap_fixed<16, 6, 5, 3, 0>, ap_fixed<16, 6, 5, 3, 0>, config2>|  return value|
|ap_return_6  |  out|   16|  ap_ctrl_hs|  layernorm_1d<ap_fixed<16, 6, 5, 3, 0>, ap_fixed<16, 6, 5, 3, 0>, config2>|  return value|
|ap_return_7  |  out|   16|  ap_ctrl_hs|  layernorm_1d<ap_fixed<16, 6, 5, 3, 0>, ap_fixed<16, 6, 5, 3, 0>, config2>|  return value|
|ap_return_8  |  out|   16|  ap_ctrl_hs|  layernorm_1d<ap_fixed<16, 6, 5, 3, 0>, ap_fixed<16, 6, 5, 3, 0>, config2>|  return value|
|ap_return_9  |  out|   16|  ap_ctrl_hs|  layernorm_1d<ap_fixed<16, 6, 5, 3, 0>, ap_fixed<16, 6, 5, 3, 0>, config2>|  return value|
|data_0_val   |   in|   16|     ap_none|                                                                 data_0_val|        scalar|
|data_1_val   |   in|   16|     ap_none|                                                                 data_1_val|        scalar|
|data_2_val   |   in|   16|     ap_none|                                                                 data_2_val|        scalar|
|data_3_val   |   in|   16|     ap_none|                                                                 data_3_val|        scalar|
|data_4_val   |   in|   16|     ap_none|                                                                 data_4_val|        scalar|
|data_5_val   |   in|   16|     ap_none|                                                                 data_5_val|        scalar|
|data_6_val   |   in|   16|     ap_none|                                                                 data_6_val|        scalar|
|data_7_val   |   in|   16|     ap_none|                                                                 data_7_val|        scalar|
|data_8_val   |   in|   16|     ap_none|                                                                 data_8_val|        scalar|
|data_9_val   |   in|   16|     ap_none|                                                                 data_9_val|        scalar|
+-------------+-----+-----+------------+---------------------------------------------------------------------------+--------------+

